[2026-06-25 10:58:39] version: 4 || ADS value: 5.05
[2026-06-25 10:58:39] Wifi Timeout Time300000
[2026-06-25 10:59:11] version: 4 || ADS value: 5.02
[2026-06-25 10:59:11] Wifi Timeout Time300000
[2026-06-25 10:59:43] version: 4 || ADS value: 5.06
[2026-06-25 10:59:43] Wifi Timeout Time300000
[2026-06-25 11:00:32] version: 4 || ADS value: 5.00
[2026-06-25 11:00:32] Wifi Timeout Time300000
[2026-06-25 11:01:04] version: 4 || ADS value: 4.88
[2026-06-25 11:01:05] Wifi Timeout Time300000
[2026-06-25 11:01:37] version: 4 || ADS value: 4.93
[2026-06-25 11:01:40] Wifi Timeout Time300000
[2026-06-25 11:02:16] version: 4 || ADS value: 4.85
[2026-06-25 11:02:17] Wifi Timeout Time300000
[2026-06-25 11:02:49] version: 4 || ADS value: 4.96
[2026-06-25 11:03:30] version: 4 || ADS value: 5.06
[2026-06-25 11:03:30] Wifi Timeout Time300000
[2026-06-25 11:04:01] version: 4 || ADS value: 5.05
[2026-06-25 11:04:02] Wifi Timeout Time300000
[2026-06-25 11:04:33] version: 4 || ADS value: 5.06
[2026-06-25 11:06:46] version: 4 || ADS value: 5.02
[2026-06-25 11:06:47] Wifi Timeout Time300000
[2026-06-25 11:07:18] version: 4 || ADS value: 5.01
[2026-06-25 11:07:19] Wifi Timeout Time300000
[2026-06-25 11:12:14] version: 4 || ADS value: 24.13
[2026-06-25 11:12:15] Wifi Timeout Time300000
[2026-06-25 11:12:47] version: 4 || ADS value: 24.13
[2026-06-25 11:12:47] Wifi Timeout Time300000
[2026-06-25 11:15:37] version: 4 || ADS value: 24.11
[2026-06-25 11:16:18] version: 4 || ADS value: 24.12
[2026-06-25 11:16:18] Wifi Timeout Time300000
[2026-06-25 11:16:19] Camera started for 50 minute(s)
[2026-06-25 11:16:20] WiFi minute set: 50
[2026-06-25 11:16:51] version: 4 || ADS value: 24.12
[2026-06-25 11:16:51] Wifi Timeout Time3000000
[2026-06-25 11:17:23] version: 4 || ADS value: 24.12
[2026-06-25 11:17:23] Wifi Timeout Time3000000
[2026-06-25 11:17:55] version: 4 || ADS value: 24.13
[2026-06-25 11:17:56] Wifi Timeout Time3000000
[2026-06-25 11:18:27] version: 4 || ADS value: 24.13
[2026-06-25 11:18:27] Wifi Timeout Time3000000
[2026-06-25 11:18:59] version: 4 || ADS value: 24.11
[2026-06-25 11:19:00] Wifi Timeout Time3000000
[2026-06-25 11:19:31] version: 4 || ADS value: 24.13
[2026-06-25 11:19:32] Wifi Timeout Time3000000
[2026-06-25 11:20:03] version: 4 || ADS value: 24.13
[2026-06-25 11:20:04] Wifi Timeout Time3000000
[2026-06-25 11:20:36] version: 4 || ADS value: 24.13
[2026-06-25 11:20:36] Wifi Timeout Time3000000
[2026-06-25 11:21:08] version: 4 || ADS value: 24.14
[2026-06-25 11:21:08] Wifi Timeout Time3000000
[2026-06-25 11:21:40] version: 4 || ADS value: 24.14
[2026-06-25 11:21:40] Wifi Timeout Time3000000
[2026-06-25 11:22:12] version: 4 || ADS value: 24.14
[2026-06-25 11:22:12] Wifi Timeout Time3000000
[2026-06-25 11:22:44] version: 4 || ADS value: 24.13
[2026-06-25 11:22:44] Wifi Timeout Time3000000
[2026-06-25 11:23:16] version: 4 || ADS value: 24.14
[2026-06-25 11:23:17] Wifi Timeout Time3000000
[2026-06-25 11:23:48] version: 4 || ADS value: 24.14
[2026-06-25 11:23:49] Wifi Timeout Time3000000
[2026-06-25 11:24:30] version: 4 || ADS value: 24.15
[2026-06-25 11:24:31] Wifi Timeout Time300000
[2026-06-25 11:25:03] version: 4 || ADS value: 24.15
[2026-06-25 11:25:03] Wifi Timeout Time300000
[2026-06-25 11:25:35] version: 4 || ADS value: 24.15
[2026-06-25 11:25:35] Wifi Timeout Time300000
[2026-06-25 11:26:07] version: 4 || ADS value: 24.15
[2026-06-25 11:26:07] Wifi Timeout Time300000
[2026-06-25 11:26:39] version: 4 || ADS value: 24.14
[2026-06-25 11:26:39] Wifi Timeout Time300000
[2026-06-25 11:27:11] version: 4 || ADS value: 24.15
[2026-06-25 11:27:11] Wifi Timeout Time300000
[2026-06-25 11:27:45] version: 4 || ADS value: 24.14
[2026-06-25 11:27:48] Wifi Timeout Time300000
[2026-06-25 11:28:26] version: 4 || ADS value: 24.15
[2026-06-25 11:28:27] Wifi Timeout Time300000
[2026-06-25 11:31:36] version: 4 || ADS value: 24.15
[2026-06-25 11:31:37] Wifi Timeout Time300000
[2026-06-25 11:32:09] version: 4 || ADS value: 24.14
[2026-06-25 11:32:10] Wifi Timeout Time300000
[2026-06-25 11:32:42] version: 4 || ADS value: 24.14
[2026-06-25 11:32:43] Wifi Timeout Time300000
[2026-06-25 11:33:15] version: 4 || ADS value: 24.15
[2026-06-25 11:33:16] Wifi Timeout Time300000
[2026-06-25 11:33:48] version: 4 || ADS value: 24.15
[2026-06-25 11:33:48] Wifi Timeout Time300000
[2026-06-25 11:34:20] version: 4 || ADS value: 24.15
[2026-06-25 11:34:20] Wifi Timeout Time300000
[2026-06-25 11:34:52] version: 4 || ADS value: 24.15
[2026-06-25 11:34:52] Wifi Timeout Time300000
[2026-06-25 11:35:24] version: 4 || ADS value: 24.14
[2026-06-25 11:35:24] Wifi Timeout Time300000
[2026-06-25 11:35:56] version: 4 || ADS value: 24.14
[2026-06-25 11:35:56] Wifi Timeout Time300000
[2026-06-25 12:30:29] version: 4 || ADS value: 24.18
[2026-06-25 12:30:29] Wifi Timeout Time300000
[2026-06-25 12:31:01] version: 4 || ADS value: 24.17
[2026-06-25 12:31:01] Wifi Timeout Time300000
[2026-06-25 12:31:32] version: 4 || ADS value: 24.17
[2026-06-25 12:31:33] Wifi Timeout Time300000
[2026-06-25 12:32:04] version: 4 || ADS value: 24.17
[2026-06-25 12:32:05] Wifi Timeout Time300000
[2026-06-25 12:32:36] version: 4 || ADS value: 24.18
[2026-06-25 12:32:36] Wifi Timeout Time300000
[2026-06-25 12:33:08] version: 4 || ADS value: 24.18
[2026-06-25 12:33:08] Wifi Timeout Time300000
[2026-06-25 12:33:40] version: 4 || ADS value: 24.18
[2026-06-25 12:33:41] Wifi Timeout Time300000
[2026-06-25 12:34:12] version: 4 || ADS value: 24.17
[2026-06-25 12:34:13] Wifi Timeout Time300000
[2026-06-25 12:34:44] version: 4 || ADS value: 24.17
[2026-06-25 12:34:45] Wifi Timeout Time300000
[2026-06-25 13:31:17] version: 4 || ADS value: 24.18
[2026-06-25 13:31:18] Wifi Timeout Time300000
[2026-06-25 13:31:49] version: 4 || ADS value: 24.17
[2026-06-25 13:32:30] version: 4 || ADS value: 24.18
[2026-06-25 13:32:31] Wifi Timeout Time300000
[2026-06-25 13:33:02] version: 4 || ADS value: 24.17
[2026-06-25 13:33:03] Wifi Timeout Time300000
[2026-06-25 13:33:34] version: 4 || ADS value: 24.17
[2026-06-25 13:34:15] version: 4 || ADS value: 24.18
[2026-06-25 13:34:16] Wifi Timeout Time300000
[2026-06-25 13:34:48] version: 4 || ADS value: 24.18
[2026-06-25 13:34:49] Wifi Timeout Time300000
[2026-06-25 13:35:25] version: 4 || ADS value: 24.18
[2026-06-25 13:35:25] Wifi Timeout Time300000
[2026-06-25 14:31:29] version: 4 || ADS value: 24.18
[2026-06-25 14:31:29] Wifi Timeout Time300000
[2026-06-25 14:32:06] version: 4 || ADS value: 24.18
[2026-06-25 14:32:07] Wifi Timeout Time300000
[2026-06-25 14:32:44] version: 4 || ADS value: 24.18
[2026-06-25 14:32:44] Wifi Timeout Time300000
[2026-06-25 14:33:21] Wifi Timeout Time300000
[2026-06-25 14:33:56] version: 4 || ADS value: 24.18
[2026-06-25 14:33:56] Wifi Timeout Time300000
[2026-06-25 14:34:29] version: 4 || ADS value: 24.18
[2026-06-25 14:34:30] Wifi Timeout Time300000
[2026-06-25 14:35:08] Wifi Timeout Time300000
[2026-06-25 14:35:43] version: 4 || ADS value: 24.19
[2026-06-25 14:35:44] Wifi Timeout Time300000
[2026-06-25 14:49:26] version: 4 || ADS value: 24.17
[2026-06-25 14:49:27] Wifi Timeout Time300000
[2026-06-25 14:49:58] version: 4 || ADS value: 24.17
[2026-06-25 14:49:59] Wifi Timeout Time300000
[2026-06-25 14:50:30] version: 4 || ADS value: 24.17
[2026-06-25 14:50:31] Wifi Timeout Time300000
[2026-06-25 14:51:02] version: 4 || ADS value: 24.17
[2026-06-25 14:51:03] Wifi Timeout Time300000
[2026-06-25 14:51:34] version: 4 || ADS value: 24.18
[2026-06-25 14:51:35] Wifi Timeout Time300000
[2026-06-25 14:52:07] version: 4 || ADS value: 24.17
[2026-06-25 14:52:07] Wifi Timeout Time300000
[2026-06-25 14:52:39] version: 4 || ADS value: 24.17
[2026-06-25 14:52:40] Wifi Timeout Time300000
[2026-06-25 14:53:12] version: 4 || ADS value: 24.17
[2026-06-25 14:53:12] Wifi Timeout Time300000
[2026-06-25 14:53:44] version: 4 || ADS value: 24.18
[2026-06-25 14:53:44] Wifi Timeout Time300000
[2026-06-25 15:31:37] version: 4 || ADS value: 24.17
[2026-06-25 15:31:37] Wifi Timeout Time300000
[2026-06-25 15:32:10] version: 4 || ADS value: 24.17
[2026-06-25 15:32:10] Wifi Timeout Time300000
[2026-06-25 15:32:42] version: 4 || ADS value: 24.17
[2026-06-25 15:32:42] Wifi Timeout Time300000
[2026-06-25 15:33:14] version: 4 || ADS value: 24.17
[2026-06-25 15:33:15] Wifi Timeout Time300000
[2026-06-25 15:33:46] version: 4 || ADS value: 24.17
[2026-06-25 15:33:47] Wifi Timeout Time300000
[2026-06-25 15:34:18] version: 4 || ADS value: 24.18
[2026-06-25 15:34:19] Wifi Timeout Time300000
[2026-06-25 15:34:51] version: 4 || ADS value: 24.18
[2026-06-25 15:34:52] Wifi Timeout Time300000
[2026-06-25 15:35:24] version: 4 || ADS value: 24.17
[2026-06-25 15:35:24] Wifi Timeout Time300000
[2026-06-25 15:35:55] version: 4 || ADS value: 24.17
[2026-06-25 15:35:56] Wifi Timeout Time300000
[2026-06-25 16:31:29] version: 4 || ADS value: 24.18
[2026-06-25 16:31:30] Wifi Timeout Time300000
[2026-06-25 16:32:01] version: 4 || ADS value: 24.18
[2026-06-25 16:32:02] Wifi Timeout Time300000
[2026-06-25 16:32:33] version: 4 || ADS value: 24.18
[2026-06-25 16:32:34] Wifi Timeout Time300000
[2026-06-25 16:33:06] version: 4 || ADS value: 24.18
[2026-06-25 16:33:06] Wifi Timeout Time300000
[2026-06-25 16:33:38] version: 4 || ADS value: 24.18
[2026-06-25 16:33:38] Wifi Timeout Time300000
[2026-06-25 16:34:09] version: 4 || ADS value: 24.18
[2026-06-25 16:34:10] Wifi Timeout Time300000
[2026-06-25 16:34:42] version: 4 || ADS value: 24.18
[2026-06-25 16:35:21] version: 4 || ADS value: 24.18
[2026-06-25 16:35:21] Wifi Timeout Time300000
[2026-06-25 16:35:53] version: 4 || ADS value: 24.18
[2026-06-25 16:35:53] Wifi Timeout Time300000
[2026-06-25 17:31:25] version: 4 || ADS value: 24.18
[2026-06-25 17:31:26] Wifi Timeout Time300000
[2026-06-25 17:31:58] version: 4 || ADS value: 24.18
[2026-06-25 17:31:58] Wifi Timeout Time300000
[2026-06-25 17:32:30] version: 4 || ADS value: 24.18
[2026-06-25 17:32:30] Wifi Timeout Time300000
[2026-06-25 17:33:04] version: 4 || ADS value: 24.18
[2026-06-25 17:33:05] Wifi Timeout Time300000
[2026-06-25 17:33:39] version: 4 || ADS value: 24.19
[2026-06-25 17:33:40] Wifi Timeout Time300000
[2026-06-25 17:34:12] version: 4 || ADS value: 24.19
[2026-06-25 17:34:13] Wifi Timeout Time300000
[2026-06-25 17:34:44] version: 4 || ADS value: 24.19
[2026-06-25 17:34:45] Wifi Timeout Time300000
[2026-06-25 17:35:16] version: 4 || ADS value: 24.18
[2026-06-25 17:35:16] Wifi Timeout Time300000
[2026-06-25 17:35:48] version: 4 || ADS value: 24.18
[2026-06-25 17:35:48] Wifi Timeout Time300000
[2026-06-25 18:31:21] version: 4 || ADS value: 24.18
[2026-06-25 18:31:21] Wifi Timeout Time300000
[2026-06-25 18:31:53] version: 4 || ADS value: 24.18
[2026-06-25 18:31:53] Wifi Timeout Time300000
[2026-06-25 18:32:24] version: 4 || ADS value: 24.19
[2026-06-25 18:32:25] Wifi Timeout Time300000
[2026-06-25 18:32:56] version: 4 || ADS value: 24.18
[2026-06-25 18:32:57] Wifi Timeout Time300000
[2026-06-25 18:33:28] version: 4 || ADS value: 24.18
[2026-06-25 18:33:28] Wifi Timeout Time300000
[2026-06-25 18:34:00] version: 4 || ADS value: 24.18
[2026-06-25 18:34:00] Wifi Timeout Time300000
[2026-06-25 18:34:32] version: 4 || ADS value: 24.18
[2026-06-25 18:34:32] Wifi Timeout Time300000
[2026-06-25 18:35:04] version: 4 || ADS value: 24.18
[2026-06-25 18:35:05] Wifi Timeout Time300000
[2026-06-25 18:35:37] version: 4 || ADS value: 24.18
[2026-06-25 18:35:37] Wifi Timeout Time300000
[2026-06-25 19:31:09] version: 4 || ADS value: 24.18
[2026-06-25 19:31:10] Wifi Timeout Time300000
[2026-06-25 19:31:42] version: 4 || ADS value: 24.18
[2026-06-25 19:31:42] Wifi Timeout Time300000
[2026-06-25 19:32:14] version: 4 || ADS value: 24.18
[2026-06-25 19:32:15] Wifi Timeout Time300000
[2026-06-25 19:32:47] version: 4 || ADS value: 24.18
[2026-06-25 19:32:48] Wifi Timeout Time300000
[2026-06-25 19:33:19] version: 4 || ADS value: 24.18
[2026-06-25 19:33:20] Wifi Timeout Time300000
[2026-06-25 19:33:51] version: 4 || ADS value: 24.18
[2026-06-25 19:33:52] Wifi Timeout Time300000
[2026-06-25 19:34:23] version: 4 || ADS value: 24.18
[2026-06-25 19:34:23] Wifi Timeout Time300000
[2026-06-25 19:34:55] version: 4 || ADS value: 24.18
[2026-06-25 19:34:55] Wifi Timeout Time300000
[2026-06-25 19:35:27] version: 4 || ADS value: 24.18
[2026-06-25 19:35:27] Wifi Timeout Time300000
[2026-06-25 20:31:01] version: 4 || ADS value: 24.18
[2026-06-25 20:31:02] Wifi Timeout Time300000
[2026-06-25 20:31:33] version: 4 || ADS value: 24.17
[2026-06-25 20:31:34] Wifi Timeout Time300000
[2026-06-25 20:32:05] version: 4 || ADS value: 24.18
[2026-06-25 20:32:06] Wifi Timeout Time300000
[2026-06-25 20:32:37] version: 4 || ADS value: 24.18
[2026-06-25 20:32:38] Wifi Timeout Time300000
[2026-06-25 20:33:09] version: 4 || ADS value: 24.18
[2026-06-25 20:33:10] Wifi Timeout Time300000
[2026-06-25 20:33:42] version: 4 || ADS value: 24.18
[2026-06-25 20:33:42] Wifi Timeout Time300000
[2026-06-25 20:34:14] version: 4 || ADS value: 24.18
[2026-06-25 20:34:15] Wifi Timeout Time300000
[2026-06-25 20:34:46] version: 4 || ADS value: 24.18
[2026-06-25 20:34:47] Wifi Timeout Time300000
[2026-06-25 20:35:18] version: 4 || ADS value: 24.18
[2026-06-25 20:35:18] Wifi Timeout Time300000
[2026-06-25 21:31:21] version: 4 || ADS value: 24.18
[2026-06-25 21:31:21] Wifi Timeout Time300000
[2026-06-25 21:31:53] version: 4 || ADS value: 24.18
[2026-06-25 21:31:53] Wifi Timeout Time300000
[2026-06-25 21:32:25] version: 4 || ADS value: 24.18
[2026-06-25 21:32:25] Wifi Timeout Time300000
[2026-06-25 21:32:56] version: 4 || ADS value: 24.18
[2026-06-25 21:32:57] Wifi Timeout Time300000
[2026-06-25 21:33:29] version: 4 || ADS value: 24.18
[2026-06-25 21:33:29] Wifi Timeout Time300000
[2026-06-25 21:34:01] version: 4 || ADS value: 24.18
[2026-06-25 21:34:01] Wifi Timeout Time300000
[2026-06-25 21:34:32] version: 4 || ADS value: 24.18
[2026-06-25 21:34:33] Wifi Timeout Time300000
[2026-06-25 21:35:04] version: 4 || ADS value: 24.18
[2026-06-25 21:35:05] Wifi Timeout Time300000
[2026-06-25 21:35:36] version: 4 || ADS value: 24.18
[2026-06-25 21:35:37] Wifi Timeout Time300000
[2026-06-25 22:31:09] version: 4 || ADS value: 24.18
[2026-06-25 22:31:10] Wifi Timeout Time300000
[2026-06-25 22:31:41] version: 4 || ADS value: 24.18
[2026-06-25 22:31:42] Wifi Timeout Time300000
[2026-06-25 22:32:13] version: 4 || ADS value: 24.18
[2026-06-25 22:32:14] Wifi Timeout Time300000
[2026-06-25 22:32:46] version: 4 || ADS value: 24.18
[2026-06-25 22:32:46] Wifi Timeout Time300000
[2026-06-25 22:33:18] version: 4 || ADS value: 24.18
[2026-06-25 22:33:19] Wifi Timeout Time300000
[2026-06-25 22:33:50] version: 4 || ADS value: 24.18
[2026-06-25 22:33:51] Wifi Timeout Time300000
[2026-06-25 22:34:22] version: 4 || ADS value: 24.18
[2026-06-25 22:34:23] Wifi Timeout Time300000
[2026-06-25 22:34:54] version: 4 || ADS value: 24.18
[2026-06-25 22:34:55] Wifi Timeout Time300000
[2026-06-25 22:35:26] version: 4 || ADS value: 24.18
[2026-06-25 22:35:27] Wifi Timeout Time300000
[2026-06-25 23:30:59] version: 4 || ADS value: 24.18
[2026-06-25 23:31:00] Wifi Timeout Time300000
[2026-06-25 23:31:31] version: 4 || ADS value: 24.18
[2026-06-25 23:31:32] Wifi Timeout Time300000
[2026-06-25 23:32:05] version: 4 || ADS value: 24.18
[2026-06-25 23:32:05] Wifi Timeout Time300000
[2026-06-25 23:32:38] version: 4 || ADS value: 24.18
[2026-06-25 23:32:38] Wifi Timeout Time300000
[2026-06-25 23:33:10] version: 4 || ADS value: 24.18
[2026-06-25 23:33:10] Wifi Timeout Time300000
[2026-06-25 23:33:42] version: 4 || ADS value: 24.18
[2026-06-25 23:33:43] Wifi Timeout Time300000
[2026-06-25 23:34:14] version: 4 || ADS value: 24.18
[2026-06-25 23:34:15] Wifi Timeout Time300000
[2026-06-25 23:34:47] version: 4 || ADS value: 24.18
[2026-06-25 23:34:48] Wifi Timeout Time300000
[2026-06-25 23:35:19] version: 4 || ADS value: 24.18
[2026-06-25 23:35:20] Wifi Timeout Time300000
[2026-06-26 00:31:23] version: 4 || ADS value: 24.18
[2026-06-26 00:31:24] Wifi Timeout Time300000
[2026-06-26 00:31:55] version: 4 || ADS value: 24.18
[2026-06-26 00:31:56] Wifi Timeout Time300000
[2026-06-26 00:32:27] version: 4 || ADS value: 24.18
[2026-06-26 00:32:28] Wifi Timeout Time300000
[2026-06-26 00:32:59] version: 4 || ADS value: 24.17
[2026-06-26 00:33:00] Wifi Timeout Time300000
[2026-06-26 00:33:31] version: 4 || ADS value: 24.18
[2026-06-26 00:33:32] Wifi Timeout Time300000
[2026-06-26 00:34:03] version: 4 || ADS value: 24.18
[2026-06-26 00:34:03] Wifi Timeout Time300000
[2026-06-26 00:34:35] version: 4 || ADS value: 24.18
[2026-06-26 00:34:36] Wifi Timeout Time300000
[2026-06-26 00:35:07] version: 4 || ADS value: 24.18
[2026-06-26 00:35:08] Wifi Timeout Time300000
[2026-06-26 00:35:39] version: 4 || ADS value: 24.18
[2026-06-26 00:35:40] Wifi Timeout Time300000
[2026-06-26 01:31:12] version: 4 || ADS value: 24.18
[2026-06-26 01:31:13] Wifi Timeout Time300000
[2026-06-26 01:31:45] version: 4 || ADS value: 24.18
[2026-06-26 01:31:46] Wifi Timeout Time300000
[2026-06-26 01:32:17] version: 4 || ADS value: 24.18
[2026-06-26 01:32:17] Wifi Timeout Time300000
[2026-06-26 01:32:49] version: 4 || ADS value: 24.18
[2026-06-26 01:32:50] Wifi Timeout Time300000
[2026-06-26 01:33:22] version: 4 || ADS value: 24.17
[2026-06-26 01:33:22] Wifi Timeout Time300000
[2026-06-26 01:33:54] version: 4 || ADS value: 24.18
[2026-06-26 01:33:55] Wifi Timeout Time300000
[2026-06-26 01:34:27] version: 4 || ADS value: 24.18
[2026-06-26 01:34:27] Wifi Timeout Time300000
[2026-06-26 01:34:59] version: 4 || ADS value: 24.18
[2026-06-26 01:34:59] Wifi Timeout Time300000
[2026-06-26 01:35:31] version: 4 || ADS value: 24.18
[2026-06-26 01:35:31] Wifi Timeout Time300000
[2026-06-26 02:31:04] version: 4 || ADS value: 24.18
[2026-06-26 02:31:04] Wifi Timeout Time300000
[2026-06-26 02:31:36] version: 4 || ADS value: 24.18
[2026-06-26 02:31:36] Wifi Timeout Time300000
[2026-06-26 02:32:08] version: 4 || ADS value: 24.18
[2026-06-26 02:32:09] Wifi Timeout Time300000
[2026-06-26 02:32:45] version: 4 || ADS value: 24.18
[2026-06-26 02:32:46] Wifi Timeout Time300000
[2026-06-26 02:33:17] version: 4 || ADS value: 24.18
[2026-06-26 02:33:21] Wifi Timeout Time300000
[2026-06-26 02:33:57] version: 4 || ADS value: 24.18
[2026-06-26 02:33:58] Wifi Timeout Time300000
[2026-06-26 02:34:30] version: 4 || ADS value: 24.18
[2026-06-26 02:34:30] Wifi Timeout Time300000
[2026-06-26 02:35:03] version: 4 || ADS value: 24.18
[2026-06-26 03:31:17] version: 4 || ADS value: 24.18
[2026-06-26 03:31:17] Wifi Timeout Time300000
[2026-06-26 03:31:53] Wifi Timeout Time300000
[2026-06-26 03:32:29] version: 4 || ADS value: 24.18
[2026-06-26 03:32:30] Wifi Timeout Time300000
[2026-06-26 03:33:01] version: 4 || ADS value: 24.18
[2026-06-26 03:33:02] Wifi Timeout Time300000
[2026-06-26 03:33:33] version: 4 || ADS value: 24.18
[2026-06-26 03:33:34] Wifi Timeout Time300000
[2026-06-26 03:34:10] version: 4 || ADS value: 24.18
[2026-06-26 03:34:10] Wifi Timeout Time300000
[2026-06-26 03:34:47] Wifi Timeout Time300000
[2026-06-26 03:35:19] version: 4 || ADS value: 24.18
[2026-06-26 03:35:19] Wifi Timeout Time300000
[2026-06-26 04:30:52] version: 4 || ADS value: 24.18
[2026-06-26 04:30:52] Wifi Timeout Time300000
[2026-06-26 04:31:24] version: 4 || ADS value: 24.18
[2026-06-26 04:31:24] Wifi Timeout Time300000
[2026-06-26 04:31:56] version: 4 || ADS value: 24.18
[2026-06-26 04:31:57] Wifi Timeout Time300000
[2026-06-26 04:32:29] version: 4 || ADS value: 24.18
[2026-06-26 04:32:29] Wifi Timeout Time300000
[2026-06-26 04:33:00] version: 4 || ADS value: 24.18
[2026-06-26 04:33:01] Wifi Timeout Time300000
[2026-06-26 04:33:32] version: 4 || ADS value: 24.18
[2026-06-26 04:33:33] Wifi Timeout Time300000
[2026-06-26 04:34:04] version: 4 || ADS value: 24.18
[2026-06-26 04:34:05] Wifi Timeout Time300000
[2026-06-26 04:34:36] version: 4 || ADS value: 24.18
[2026-06-26 04:34:37] Wifi Timeout Time300000
[2026-06-26 04:35:08] version: 4 || ADS value: 24.18
[2026-06-26 04:35:09] Wifi Timeout Time300000
[2026-06-26 05:30:41] version: 4 || ADS value: 24.18
[2026-06-26 05:30:42] Wifi Timeout Time300000
[2026-06-26 05:31:13] version: 4 || ADS value: 24.17
[2026-06-26 05:31:14] Wifi Timeout Time300000
[2026-06-26 05:31:45] version: 4 || ADS value: 24.18
[2026-06-26 05:31:46] Wifi Timeout Time300000
[2026-06-26 05:32:18] version: 4 || ADS value: 24.18
[2026-06-26 05:32:18] Wifi Timeout Time300000
[2026-06-26 05:32:49] version: 4 || ADS value: 24.18
[2026-06-26 05:32:50] Wifi Timeout Time300000
[2026-06-26 05:33:21] version: 4 || ADS value: 24.18
[2026-06-26 05:33:22] Wifi Timeout Time300000
[2026-06-26 05:33:54] version: 4 || ADS value: 24.18
[2026-06-26 05:33:54] Wifi Timeout Time300000
[2026-06-26 05:34:26] version: 4 || ADS value: 24.18
[2026-06-26 05:34:26] Wifi Timeout Time300000
[2026-06-26 05:34:58] version: 4 || ADS value: 24.18
[2026-06-26 05:34:58] Wifi Timeout Time300000
[2026-06-26 05:35:30] version: 4 || ADS value: 24.18
[2026-06-26 05:35:31] Wifi Timeout Time300000
[2026-06-26 06:31:06] version: 4 || ADS value: 24.18
[2026-06-26 06:31:10] Wifi Timeout Time300000
[2026-06-26 06:31:43] version: 4 || ADS value: 24.18
[2026-06-26 06:31:43] Wifi Timeout Time300000
[2026-06-26 06:32:15] version: 4 || ADS value: 24.18
[2026-06-26 06:32:16] Wifi Timeout Time300000
[2026-06-26 06:32:48] version: 4 || ADS value: 24.18
[2026-06-26 06:32:48] Wifi Timeout Time300000
[2026-06-26 06:33:20] version: 4 || ADS value: 24.18
[2026-06-26 06:33:21] Wifi Timeout Time300000
[2026-06-26 06:33:52] version: 4 || ADS value: 24.18
[2026-06-26 06:33:52] Wifi Timeout Time300000
[2026-06-26 06:34:24] version: 4 || ADS value: 24.18
[2026-06-26 06:34:24] Wifi Timeout Time300000
[2026-06-26 06:34:56] version: 4 || ADS value: 24.18
[2026-06-26 06:34:56] Wifi Timeout Time300000
[2026-06-26 06:35:28] version: 4 || ADS value: 24.17
[2026-06-26 06:35:28] Wifi Timeout Time300000
[2026-06-26 07:41:18] version: 4 || ADS value: 24.14
[2026-06-26 07:41:19] Wifi Timeout Time300000
[2026-06-26 07:41:50] version: 4 || ADS value: 24.15
[2026-06-26 07:41:50] Wifi Timeout Time300000
[2026-06-26 07:42:22] version: 4 || ADS value: 24.15
[2026-06-26 07:42:22] Wifi Timeout Time300000
[2026-06-26 07:42:53] version: 4 || ADS value: 24.15
[2026-06-26 07:42:54] Wifi Timeout Time300000
[2026-06-26 07:43:26] version: 4 || ADS value: 24.15
[2026-06-26 07:43:26] Wifi Timeout Time300000
[2026-06-26 07:43:58] version: 4 || ADS value: 24.15
[2026-06-26 07:43:59] Wifi Timeout Time300000
[2026-06-26 07:44:32] version: 4 || ADS value: 24.15
[2026-06-26 07:44:32] Wifi Timeout Time300000
[2026-06-26 07:45:04] version: 4 || ADS value: 24.15
[2026-06-26 07:45:04] Wifi Timeout Time300000
[2026-06-26 07:45:36] version: 4 || ADS value: 24.15
[2026-06-26 07:45:36] Wifi Timeout Time300000
[2026-06-26 08:31:03] version: 4 || ADS value: 24.13
[2026-06-26 08:31:45] version: 4 || ADS value: 24.15
[2026-06-26 08:31:45] Wifi Timeout Time300000
[2026-06-26 08:32:17] version: 4 || ADS value: 24.15
[2026-06-26 08:32:18] Wifi Timeout Time300000
[2026-06-26 08:32:50] version: 4 || ADS value: 24.14
[2026-06-26 08:32:50] Wifi Timeout Time300000
[2026-06-26 08:33:24] version: 4 || ADS value: 24.14
[2026-06-26 08:33:25] Wifi Timeout Time300000
[2026-06-26 08:33:56] version: 4 || ADS value: 24.15
[2026-06-26 08:34:37] version: 4 || ADS value: 24.15
[2026-06-26 08:34:38] Wifi Timeout Time300000
[2026-06-26 08:35:09] version: 4 || ADS value: 24.15
[2026-06-26 08:35:10] Wifi Timeout Time300000
[2026-06-26 08:35:42] version: 4 || ADS value: 24.16
[2026-06-26 12:52:43] Wifi Timeout Time300000
[2026-06-26 12:54:58] version: 4 || ADS value: 22.69
[2026-06-26 12:54:59] Wifi Timeout Time300000
[2026-06-26 12:55:30] version: 4 || ADS value: 22.69
[2026-06-26 12:55:30] Wifi Timeout Time300000
[2026-06-26 12:56:02] version: 4 || ADS value: 22.69
[2026-06-26 12:56:02] Wifi Timeout Time300000
[2026-06-26 12:56:33] version: 4 || ADS value: 22.69
[2026-06-26 12:56:34] Wifi Timeout Time300000
[2026-06-26 12:57:05] version: 4 || ADS value: 22.69
[2026-06-26 12:57:05] Wifi Timeout Time300000
[2026-06-26 12:57:36] version: 4 || ADS value: 22.70
[2026-06-26 12:57:37] Wifi Timeout Time300000
[2026-06-26 12:58:08] version: 4 || ADS value: 22.69
[2026-06-26 12:58:08] Wifi Timeout Time300000
[2026-06-26 12:58:39] version: 4 || ADS value: 22.69
[2026-06-26 12:58:40] Wifi Timeout Time300000
[2026-06-26 12:59:11] version: 4 || ADS value: 22.69
[2026-06-26 12:59:11] Wifi Timeout Time300000
[2026-06-26 13:06:28] version: 4 || ADS value: 22.66
[2026-06-26 13:06:28] Wifi Timeout Time300000
[2026-06-26 13:07:00] version: 4 || ADS value: 22.67
[2026-06-26 13:07:00] Wifi Timeout Time300000
[2026-06-26 13:07:31] version: 4 || ADS value: 22.66
[2026-06-26 13:07:32] Wifi Timeout Time300000
[2026-06-26 13:08:03] version: 4 || ADS value: 22.66
[2026-06-26 13:08:03] Wifi Timeout Time300000
[2026-06-26 13:08:35] version: 4 || ADS value: 22.66
[2026-06-26 13:08:35] Wifi Timeout Time300000
[2026-06-26 13:09:06] version: 4 || ADS value: 22.66
[2026-06-26 13:09:07] Wifi Timeout Time300000
[2026-06-26 13:09:38] version: 4 || ADS value: 22.66
[2026-06-26 13:09:38] Wifi Timeout Time300000
[2026-06-26 13:10:10] version: 4 || ADS value: 22.66
[2026-06-26 13:10:10] Wifi Timeout Time300000
[2026-06-26 13:10:41] version: 4 || ADS value: 22.66
[2026-06-26 13:10:42] Wifi Timeout Time300000
[2026-06-26 13:31:25] version: 4 || ADS value: 22.62
[2026-06-26 13:31:25] Wifi Timeout Time300000
[2026-06-26 13:31:56] version: 4 || ADS value: 22.63
[2026-06-26 13:31:56] Wifi Timeout Time300000
[2026-06-26 13:32:28] version: 4 || ADS value: 22.63
[2026-06-26 13:32:28] Wifi Timeout Time300000
[2026-06-26 13:32:29] Camera started for 50 minute(s)
[2026-06-26 13:33:05] version: 4 || ADS value: 22.63
[2026-06-26 13:33:06] Wifi Timeout Time3000000
[2026-06-26 13:33:37] version: 4 || ADS value: 22.63
[2026-06-26 13:33:38] Wifi Timeout Time3000000
[2026-06-26 13:34:09] version: 4 || ADS value: 22.62
[2026-06-26 13:34:09] Wifi Timeout Time3000000
[2026-06-26 13:34:41] version: 4 || ADS value: 22.63
[2026-06-26 13:34:41] Wifi Timeout Time3000000
[2026-06-26 13:35:12] version: 4 || ADS value: 22.62
[2026-06-26 13:35:12] Wifi Timeout Time3000000
[2026-06-26 13:35:44] version: 4 || ADS value: 22.62
[2026-06-26 13:35:44] Wifi Timeout Time3000000
[2026-06-26 13:36:16] version: 4 || ADS value: 22.62
[2026-06-26 13:36:16] Wifi Timeout Time3000000
[2026-06-26 13:36:47] version: 4 || ADS value: 22.62
[2026-06-26 13:36:47] Wifi Timeout Time3000000
[2026-06-26 13:37:19] version: 4 || ADS value: 22.62
[2026-06-26 13:37:19] Wifi Timeout Time3000000
[2026-06-26 13:37:51] version: 4 || ADS value: 22.62
[2026-06-26 13:37:51] Wifi Timeout Time3000000
[2026-06-26 13:38:22] version: 4 || ADS value: 22.62
[2026-06-26 13:38:23] Wifi Timeout Time3000000
[2026-06-26 13:38:54] version: 4 || ADS value: 22.62
[2026-06-26 13:38:55] Wifi Timeout Time3000000
[2026-06-26 13:39:26] version: 4 || ADS value: 22.61
[2026-06-26 13:39:26] Wifi Timeout Time3000000
[2026-06-26 13:39:58] version: 4 || ADS value: 22.62
[2026-06-26 13:39:58] Wifi Timeout Time3000000
[2026-06-26 13:40:29] version: 4 || ADS value: 22.61
[2026-06-26 13:40:30] Wifi Timeout Time3000000
[2026-06-26 13:41:01] version: 4 || ADS value: 22.61
[2026-06-26 13:41:02] Wifi Timeout Time3000000
[2026-06-26 13:41:33] version: 4 || ADS value: 22.61
[2026-06-26 13:41:33] Wifi Timeout Time3000000
[2026-06-26 13:42:05] version: 4 || ADS value: 22.61
[2026-06-26 13:42:05] Wifi Timeout Time3000000
[2026-06-26 13:42:37] version: 4 || ADS value: 22.60
[2026-06-26 13:42:37] Wifi Timeout Time3000000
[2026-06-26 13:43:09] version: 4 || ADS value: 22.61
[2026-06-26 13:43:09] Wifi Timeout Time3000000
[2026-06-26 13:43:40] version: 4 || ADS value: 22.61
[2026-06-26 13:43:41] Wifi Timeout Time3000000
[2026-06-26 13:44:12] version: 4 || ADS value: 22.61
[2026-06-26 13:44:12] Wifi Timeout Time3000000
[2026-06-26 13:44:44] version: 4 || ADS value: 22.60
[2026-06-26 13:44:44] Wifi Timeout Time3000000
[2026-06-26 13:45:15] version: 4 || ADS value: 22.60
[2026-06-26 13:45:16] Wifi Timeout Time3000000
[2026-06-26 13:45:47] version: 4 || ADS value: 22.59
[2026-06-26 13:45:47] Wifi Timeout Time3000000
[2026-06-26 13:46:18] version: 4 || ADS value: 22.59
[2026-06-26 13:46:19] Wifi Timeout Time3000000
[2026-06-26 13:46:50] version: 4 || ADS value: 22.59
[2026-06-26 13:46:51] Wifi Timeout Time3000000
[2026-06-26 13:47:22] version: 4 || ADS value: 22.59
[2026-06-26 13:47:22] Wifi Timeout Time3000000
[2026-06-26 13:47:53] version: 4 || ADS value: 22.59
[2026-06-26 13:47:54] Wifi Timeout Time3000000
[2026-06-26 13:48:25] version: 4 || ADS value: 22.59
[2026-06-26 13:48:25] Wifi Timeout Time3000000
[2026-06-26 13:48:57] version: 4 || ADS value: 22.59
[2026-06-26 13:48:57] Wifi Timeout Time3000000
[2026-06-26 13:49:29] version: 4 || ADS value: 22.58
[2026-06-26 13:49:29] Wifi Timeout Time3000000
[2026-06-26 13:50:00] version: 4 || ADS value: 22.58
[2026-06-26 13:50:01] Wifi Timeout Time3000000
[2026-06-26 13:50:32] version: 4 || ADS value: 22.59
[2026-06-26 13:50:33] Wifi Timeout Time3000000
[2026-06-26 13:51:04] version: 4 || ADS value: 22.58
[2026-06-26 13:51:04] Wifi Timeout Time3000000
[2026-06-26 13:51:36] version: 4 || ADS value: 22.58
[2026-06-26 13:51:36] Wifi Timeout Time3000000
[2026-06-26 13:52:07] version: 4 || ADS value: 22.58
[2026-06-26 13:52:08] Wifi Timeout Time3000000
[2026-06-26 13:52:39] version: 4 || ADS value: 22.58
[2026-06-26 13:52:40] Wifi Timeout Time3000000
[2026-06-26 13:53:11] version: 4 || ADS value: 22.58
[2026-06-26 13:53:11] Wifi Timeout Time3000000
[2026-06-26 13:53:43] version: 4 || ADS value: 22.57
[2026-06-26 13:53:43] Wifi Timeout Time3000000
[2026-06-26 13:54:14] version: 4 || ADS value: 22.57
[2026-06-26 13:54:15] Wifi Timeout Time3000000
[2026-06-26 13:54:46] version: 4 || ADS value: 22.57
[2026-06-26 13:54:46] Wifi Timeout Time3000000
[2026-06-26 13:55:18] version: 4 || ADS value: 22.57
[2026-06-26 13:55:18] Wifi Timeout Time3000000
[2026-06-26 13:55:49] version: 4 || ADS value: 22.56
[2026-06-26 13:55:49] Wifi Timeout Time3000000
[2026-06-26 13:56:21] version: 4 || ADS value: 22.57
[2026-06-26 13:56:21] Wifi Timeout Time3000000
[2026-06-26 13:56:52] version: 4 || ADS value: 22.57
[2026-06-26 13:56:53] Wifi Timeout Time3000000
[2026-06-26 13:57:24] version: 4 || ADS value: 22.57
[2026-06-26 13:57:24] Wifi Timeout Time3000000
[2026-06-26 13:57:56] version: 4 || ADS value: 22.56
[2026-06-26 13:57:56] Wifi Timeout Time3000000
[2026-06-26 13:58:27] version: 4 || ADS value: 22.56
[2026-06-26 13:58:28] Wifi Timeout Time3000000
[2026-06-26 13:58:59] version: 4 || ADS value: 22.56
[2026-06-26 13:58:59] Wifi Timeout Time3000000
[2026-06-26 13:59:31] version: 4 || ADS value: 22.56
[2026-06-26 13:59:31] Wifi Timeout Time3000000
[2026-06-26 14:00:02] version: 4 || ADS value: 22.56
[2026-06-26 14:00:03] Wifi Timeout Time3000000
[2026-06-26 14:00:34] version: 4 || ADS value: 22.54
[2026-06-26 14:00:34] Wifi Timeout Time3000000
[2026-06-26 14:01:06] version: 4 || ADS value: 22.55
[2026-06-26 14:01:06] Wifi Timeout Time3000000
[2026-06-26 14:01:37] version: 4 || ADS value: 22.55
[2026-06-26 14:01:38] Wifi Timeout Time3000000
[2026-06-26 14:02:09] version: 4 || ADS value: 22.55
[2026-06-26 14:02:09] Wifi Timeout Time3000000
[2026-06-26 14:02:41] version: 4 || ADS value: 22.55
[2026-06-26 14:02:41] Wifi Timeout Time3000000
[2026-06-26 14:03:12] version: 4 || ADS value: 22.55
[2026-06-26 14:03:13] Wifi Timeout Time3000000
[2026-06-26 14:03:44] version: 4 || ADS value: 22.55
[2026-06-26 14:03:44] Wifi Timeout Time3000000
[2026-06-26 14:04:16] version: 4 || ADS value: 22.55
[2026-06-26 14:04:16] Wifi Timeout Time3000000
[2026-06-26 14:04:47] version: 4 || ADS value: 22.54
[2026-06-26 14:04:48] Wifi Timeout Time3000000
[2026-06-26 14:05:19] version: 4 || ADS value: 22.54
[2026-06-26 14:05:19] Wifi Timeout Time3000000
[2026-06-26 14:05:51] version: 4 || ADS value: 22.54
[2026-06-26 14:05:51] Wifi Timeout Time3000000
[2026-06-26 14:06:22] version: 4 || ADS value: 22.54
[2026-06-26 14:06:23] Wifi Timeout Time3000000
[2026-06-26 14:06:54] version: 4 || ADS value: 22.54
[2026-06-26 14:06:54] Wifi Timeout Time3000000
[2026-06-26 14:07:25] version: 4 || ADS value: 22.54
[2026-06-26 14:07:26] Wifi Timeout Time3000000
[2026-06-26 14:07:57] version: 4 || ADS value: 22.53
[2026-06-26 14:07:58] Wifi Timeout Time3000000
[2026-06-26 14:08:29] version: 4 || ADS value: 22.53
[2026-06-26 14:08:29] Wifi Timeout Time3000000
[2026-06-26 14:09:01] version: 4 || ADS value: 22.53
[2026-06-26 14:09:01] Wifi Timeout Time3000000
[2026-06-26 14:09:32] version: 4 || ADS value: 22.53
[2026-06-26 14:09:33] Wifi Timeout Time3000000
[2026-06-26 14:10:04] version: 4 || ADS value: 22.53
[2026-06-26 14:10:04] Wifi Timeout Time3000000
[2026-06-26 14:10:36] version: 4 || ADS value: 22.53
[2026-06-26 14:10:36] Wifi Timeout Time3000000
[2026-06-26 14:11:07] version: 4 || ADS value: 22.53
[2026-06-26 14:11:08] Wifi Timeout Time3000000
[2026-06-26 14:11:39] version: 4 || ADS value: 22.53
[2026-06-26 14:11:39] Wifi Timeout Time3000000
[2026-06-26 14:12:11] version: 4 || ADS value: 22.53
[2026-06-26 14:12:11] Wifi Timeout Time3000000
[2026-06-26 14:12:42] version: 4 || ADS value: 22.52
[2026-06-26 14:12:43] Wifi Timeout Time3000000
[2026-06-26 14:13:14] version: 4 || ADS value: 22.52
[2026-06-26 14:13:15] Wifi Timeout Time3000000
[2026-06-26 14:13:46] version: 4 || ADS value: 22.52
[2026-06-26 14:13:46] Wifi Timeout Time3000000
[2026-06-26 14:14:17] version: 4 || ADS value: 22.52
[2026-06-26 14:14:18] Wifi Timeout Time3000000
[2026-06-26 14:14:49] version: 4 || ADS value: 22.52
[2026-06-26 14:14:49] Wifi Timeout Time3000000
[2026-06-26 14:15:21] version: 4 || ADS value: 22.52
[2026-06-26 14:15:21] Wifi Timeout Time3000000
[2026-06-26 14:15:52] version: 4 || ADS value: 22.52
[2026-06-26 14:15:53] Wifi Timeout Time3000000
[2026-06-26 14:16:24] version: 4 || ADS value: 22.51
[2026-06-26 14:16:24] Wifi Timeout Time3000000
[2026-06-26 14:16:56] version: 4 || ADS value: 22.51
[2026-06-26 14:16:56] Wifi Timeout Time3000000
[2026-06-26 14:17:27] version: 4 || ADS value: 22.51
[2026-06-26 14:17:28] Wifi Timeout Time3000000
[2026-06-26 14:17:59] version: 4 || ADS value: 22.51
[2026-06-26 14:17:59] Wifi Timeout Time3000000
[2026-06-26 14:18:30] version: 4 || ADS value: 22.51
[2026-06-26 14:18:31] Wifi Timeout Time3000000
[2026-06-26 14:19:02] version: 4 || ADS value: 22.51
[2026-06-26 14:19:03] Wifi Timeout Time3000000
[2026-06-26 14:19:38] version: 4 || ADS value: 22.50
[2026-06-26 14:19:38] Wifi Timeout Time3000000
[2026-06-26 14:20:10] version: 4 || ADS value: 22.51
[2026-06-26 14:20:10] Wifi Timeout Time3000000
[2026-06-26 14:20:41] version: 4 || ADS value: 22.50
[2026-06-26 14:20:42] Wifi Timeout Time3000000
[2026-06-26 14:31:19] version: 4 || ADS value: 22.48
[2026-06-26 14:31:19] Wifi Timeout Time300000
[2026-06-26 14:31:51] version: 4 || ADS value: 22.49
[2026-06-26 14:31:51] Wifi Timeout Time300000
[2026-06-26 14:32:23] version: 4 || ADS value: 22.49
[2026-06-26 14:32:23] Wifi Timeout Time300000
[2026-06-26 14:32:54] version: 4 || ADS value: 22.49
[2026-06-26 14:32:55] Wifi Timeout Time300000
[2026-06-26 14:33:26] version: 4 || ADS value: 22.48
[2026-06-26 14:33:26] Wifi Timeout Time300000
[2026-06-26 14:33:58] version: 4 || ADS value: 22.48
[2026-06-26 14:33:58] Wifi Timeout Time300000
[2026-06-26 14:34:29] version: 4 || ADS value: 22.48
[2026-06-26 14:34:30] Wifi Timeout Time300000
[2026-06-26 14:35:01] version: 4 || ADS value: 22.48
[2026-06-26 14:35:02] Wifi Timeout Time300000
[2026-06-26 14:35:33] version: 4 || ADS value: 22.48
[2026-06-26 14:35:34] Wifi Timeout Time300000
[2026-06-26 15:31:06] version: 4 || ADS value: 22.42
[2026-06-26 15:31:06] Wifi Timeout Time300000
[2026-06-26 15:31:38] version: 4 || ADS value: 22.38
[2026-06-26 15:32:19] version: 4 || ADS value: 22.41
[2026-06-26 15:32:19] Wifi Timeout Time300000
[2026-06-26 15:32:51] version: 4 || ADS value: 22.41
[2026-06-26 15:32:51] Wifi Timeout Time300000
[2026-06-26 15:33:22] version: 4 || ADS value: 22.40
[2026-06-26 15:33:23] Wifi Timeout Time300000
[2026-06-26 15:33:54] version: 4 || ADS value: 22.40
[2026-06-26 15:33:55] Wifi Timeout Time300000
[2026-06-26 15:34:26] version: 4 || ADS value: 22.40
[2026-06-26 15:34:26] Wifi Timeout Time300000
[2026-06-26 15:35:02] version: 4 || ADS value: 22.40
[2026-06-26 15:35:03] Wifi Timeout Time300000
[2026-06-26 15:35:34] version: 4 || ADS value: 22.40
[2026-06-26 15:35:34] Wifi Timeout Time300000
[2026-06-26 16:31:36] version: 4 || ADS value: 22.29
[2026-06-26 16:31:37] Wifi Timeout Time300000
[2026-06-26 16:32:08] version: 4 || ADS value: 22.33
[2026-06-26 16:32:08] Wifi Timeout Time300000
[2026-06-26 16:32:45] Wifi Timeout Time300000
[2026-06-26 16:33:19] version: 4 || ADS value: 22.33
[2026-06-26 16:33:19] Wifi Timeout Time300000
[2026-06-26 16:33:50] version: 4 || ADS value: 22.33
[2026-06-26 16:33:51] Wifi Timeout Time300000
[2026-06-26 16:34:22] version: 4 || ADS value: 22.33
[2026-06-26 16:34:23] Wifi Timeout Time300000
[2026-06-26 16:34:54] version: 4 || ADS value: 22.33
[2026-06-26 16:34:54] Wifi Timeout Time300000
[2026-06-26 16:35:29] version: 4 || ADS value: 22.33
[2026-06-26 16:35:29] Wifi Timeout Time300000
[2026-06-26 17:31:06] version: 4 || ADS value: 22.25
[2026-06-26 17:31:06] Wifi Timeout Time300000
[2026-06-26 17:31:38] version: 4 || ADS value: 22.22
[2026-06-26 17:31:38] Wifi Timeout Time300000
[2026-06-26 17:32:09] version: 4 || ADS value: 22.24
[2026-06-26 17:32:10] Wifi Timeout Time300000
[2026-06-26 17:32:41] version: 4 || ADS value: 22.24
[2026-06-26 17:32:41] Wifi Timeout Time300000
[2026-06-26 17:33:13] version: 4 || ADS value: 22.24
[2026-06-26 17:33:13] Wifi Timeout Time300000
[2026-06-26 17:33:44] version: 4 || ADS value: 22.23
[2026-06-26 17:33:44] Wifi Timeout Time300000
[2026-06-26 17:34:16] version: 4 || ADS value: 22.23
[2026-06-26 17:34:16] Wifi Timeout Time300000
[2026-06-26 17:34:47] version: 4 || ADS value: 22.23
[2026-06-26 17:34:47] Wifi Timeout Time300000
[2026-06-26 17:35:19] version: 4 || ADS value: 22.23
[2026-06-26 17:35:19] Wifi Timeout Time300000
[2026-06-26 17:35:50] version: 4 || ADS value: 22.23
[2026-06-26 17:35:51] Wifi Timeout Time300000
[2026-06-26 18:31:23] version: 4 || ADS value: 22.15
[2026-06-26 18:31:23] Wifi Timeout Time300000
[2026-06-26 18:31:55] version: 4 || ADS value: 22.16
[2026-06-26 18:31:55] Wifi Timeout Time300000
[2026-06-26 18:32:27] version: 4 || ADS value: 22.16
[2026-06-26 18:32:27] Wifi Timeout Time300000
[2026-06-26 18:32:58] version: 4 || ADS value: 22.16
[2026-06-26 18:32:59] Wifi Timeout Time300000
[2026-06-26 18:33:30] version: 4 || ADS value: 22.16
[2026-06-26 18:33:30] Wifi Timeout Time300000
[2026-06-26 18:34:02] version: 4 || ADS value: 22.16
[2026-06-26 18:34:02] Wifi Timeout Time300000
[2026-06-26 18:34:34] version: 4 || ADS value: 22.16
[2026-06-26 18:34:34] Wifi Timeout Time300000
[2026-06-26 18:35:05] version: 4 || ADS value: 22.16
[2026-06-26 18:35:06] Wifi Timeout Time300000
[2026-06-26 18:35:37] version: 4 || ADS value: 22.15
[2026-06-26 18:35:37] Wifi Timeout Time300000
[2026-06-26 19:31:09] version: 4 || ADS value: 22.08
[2026-06-26 19:31:10] Wifi Timeout Time300000
[2026-06-26 19:31:41] version: 4 || ADS value: 22.09
[2026-06-26 19:31:41] Wifi Timeout Time300000
[2026-06-26 19:32:13] version: 4 || ADS value: 22.09
[2026-06-26 19:32:13] Wifi Timeout Time300000
[2026-06-26 19:32:44] version: 4 || ADS value: 22.09
[2026-06-26 19:32:45] Wifi Timeout Time300000
[2026-06-26 19:33:16] version: 4 || ADS value: 22.09
[2026-06-26 19:33:16] Wifi Timeout Time300000
[2026-06-26 19:33:47] version: 4 || ADS value: 22.08
[2026-06-26 19:33:48] Wifi Timeout Time300000
[2026-06-26 19:34:19] version: 4 || ADS value: 22.09
[2026-06-26 19:34:19] Wifi Timeout Time300000
[2026-06-26 19:34:50] version: 4 || ADS value: 22.08
[2026-06-26 19:34:51] Wifi Timeout Time300000
[2026-06-26 19:35:22] version: 4 || ADS value: 22.09
[2026-06-26 19:35:22] Wifi Timeout Time300000
[2026-06-26 20:30:54] version: 4 || ADS value: 22.05
[2026-06-26 20:30:55] Wifi Timeout Time300000
[2026-06-26 20:31:26] version: 4 || ADS value: 22.02
[2026-06-26 20:31:27] Wifi Timeout Time300000
[2026-06-26 20:31:58] version: 4 || ADS value: 22.03
[2026-06-26 20:31:58] Wifi Timeout Time300000
[2026-06-26 20:32:29] version: 4 || ADS value: 22.02
[2026-06-26 20:32:30] Wifi Timeout Time300000
[2026-06-26 20:33:01] version: 4 || ADS value: 22.02
[2026-06-26 20:33:01] Wifi Timeout Time300000
[2026-06-26 20:33:32] version: 4 || ADS value: 22.02
[2026-06-26 20:33:33] Wifi Timeout Time300000
[2026-06-26 20:34:04] version: 4 || ADS value: 22.02
[2026-06-26 20:34:04] Wifi Timeout Time300000
[2026-06-26 20:34:35] version: 4 || ADS value: 22.02
[2026-06-26 20:34:36] Wifi Timeout Time300000
[2026-06-26 20:35:07] version: 4 || ADS value: 22.02
[2026-06-26 20:35:07] Wifi Timeout Time300000
[2026-06-26 20:35:38] version: 4 || ADS value: 22.01
[2026-06-26 20:35:39] Wifi Timeout Time300000
[2026-06-26 21:31:11] version: 4 || ADS value: 21.95
[2026-06-26 21:31:11] Wifi Timeout Time300000
[2026-06-26 21:31:42] version: 4 || ADS value: 21.96
[2026-06-26 21:31:43] Wifi Timeout Time300000
[2026-06-26 21:32:14] version: 4 || ADS value: 21.96
[2026-06-26 21:32:14] Wifi Timeout Time300000
[2026-06-26 21:32:45] version: 4 || ADS value: 21.95
[2026-06-26 21:32:46] Wifi Timeout Time300000
[2026-06-26 21:33:17] version: 4 || ADS value: 21.95
[2026-06-26 21:33:17] Wifi Timeout Time300000
[2026-06-26 21:33:48] version: 4 || ADS value: 21.95
[2026-06-26 21:33:48] Wifi Timeout Time300000
[2026-06-26 21:34:20] version: 4 || ADS value: 21.95
[2026-06-26 21:34:20] Wifi Timeout Time300000
[2026-06-26 21:34:51] version: 4 || ADS value: 21.95
[2026-06-26 21:34:52] Wifi Timeout Time300000
[2026-06-26 21:35:23] version: 4 || ADS value: 21.95
[2026-06-26 21:35:23] Wifi Timeout Time300000
[2026-06-26 22:31:25] version: 4 || ADS value: 21.89
[2026-06-26 22:31:26] Wifi Timeout Time300000
[2026-06-26 22:31:57] version: 4 || ADS value: 21.90
[2026-06-26 22:31:57] Wifi Timeout Time300000
[2026-06-26 22:32:28] version: 4 || ADS value: 21.90
[2026-06-26 22:32:29] Wifi Timeout Time300000
[2026-06-26 22:33:01] version: 4 || ADS value: 21.89
[2026-06-26 22:33:01] Wifi Timeout Time300000
[2026-06-26 22:33:33] version: 4 || ADS value: 21.89
[2026-06-26 22:33:33] Wifi Timeout Time300000
[2026-06-26 22:34:04] version: 4 || ADS value: 21.89
[2026-06-26 22:34:05] Wifi Timeout Time300000
[2026-06-26 22:34:36] version: 4 || ADS value: 21.89
[2026-06-26 22:34:36] Wifi Timeout Time300000
[2026-06-26 22:35:08] version: 4 || ADS value: 21.89
[2026-06-26 22:35:08] Wifi Timeout Time300000
[2026-06-26 22:35:40] version: 4 || ADS value: 21.88
[2026-06-26 22:35:40] Wifi Timeout Time300000
[2026-06-26 23:31:17] Wifi Timeout Time300000
[2026-06-26 23:31:53] version: 4 || ADS value: 21.84
[2026-06-26 23:31:53] Wifi Timeout Time300000
[2026-06-26 23:32:25] version: 4 || ADS value: 21.84
[2026-06-26 23:32:25] Wifi Timeout Time300000
[2026-06-26 23:32:56] version: 4 || ADS value: 21.84
[2026-06-26 23:32:56] Wifi Timeout Time300000
[2026-06-26 23:33:28] version: 4 || ADS value: 21.84
[2026-06-26 23:33:28] Wifi Timeout Time300000
[2026-06-26 23:34:04] Wifi Timeout Time300000
[2026-06-26 23:34:40] version: 4 || ADS value: 21.83
[2026-06-26 23:34:41] Wifi Timeout Time300000
[2026-06-26 23:35:12] version: 4 || ADS value: 21.83
[2026-06-26 23:35:12] Wifi Timeout Time300000
[2026-06-27 00:30:44] version: 4 || ADS value: 21.81
[2026-06-27 00:30:44] Wifi Timeout Time300000
[2026-06-27 00:31:16] version: 4 || ADS value: 21.78
[2026-06-27 00:31:16] Wifi Timeout Time300000
[2026-06-27 00:31:47] version: 4 || ADS value: 21.78
[2026-06-27 00:31:47] Wifi Timeout Time300000
[2026-06-27 00:32:19] version: 4 || ADS value: 21.78
[2026-06-27 00:32:19] Wifi Timeout Time300000
[2026-06-27 00:32:50] version: 4 || ADS value: 21.78
[2026-06-27 00:32:51] Wifi Timeout Time300000
[2026-06-27 00:33:22] version: 4 || ADS value: 21.78
[2026-06-27 00:33:22] Wifi Timeout Time300000
[2026-06-27 00:33:53] version: 4 || ADS value: 21.78
[2026-06-27 00:33:54] Wifi Timeout Time300000
[2026-06-27 00:34:25] version: 4 || ADS value: 21.78
[2026-06-27 00:34:25] Wifi Timeout Time300000
[2026-06-27 00:34:57] version: 4 || ADS value: 21.77
[2026-06-27 00:34:57] Wifi Timeout Time300000
[2026-06-27 00:35:28] version: 4 || ADS value: 21.77
[2026-06-27 00:35:29] Wifi Timeout Time300000
[2026-06-27 01:31:01] version: 4 || ADS value: 21.73
[2026-06-27 01:31:01] Wifi Timeout Time300000
[2026-06-27 01:31:32] version: 4 || ADS value: 21.73
[2026-06-27 01:31:32] Wifi Timeout Time300000
[2026-06-27 01:32:04] version: 4 || ADS value: 21.73
[2026-06-27 01:32:04] Wifi Timeout Time300000
[2026-06-27 01:32:35] version: 4 || ADS value: 21.73
[2026-06-27 01:32:35] Wifi Timeout Time300000
[2026-06-27 01:33:07] version: 4 || ADS value: 21.73
[2026-06-27 01:33:07] Wifi Timeout Time300000
[2026-06-27 01:33:38] version: 4 || ADS value: 21.73
[2026-06-27 01:33:39] Wifi Timeout Time300000
[2026-06-27 01:34:10] version: 4 || ADS value: 21.73
[2026-06-27 01:34:10] Wifi Timeout Time300000
[2026-06-27 01:34:41] version: 4 || ADS value: 21.72
[2026-06-27 01:34:42] Wifi Timeout Time300000
[2026-06-27 01:35:13] version: 4 || ADS value: 21.72
[2026-06-27 01:35:13] Wifi Timeout Time300000
[2026-06-27 02:30:45] version: 4 || ADS value: 21.72
[2026-06-27 02:30:45] Wifi Timeout Time300000
[2026-06-27 02:31:17] version: 4 || ADS value: 21.67
[2026-06-27 02:31:17] Wifi Timeout Time300000
[2026-06-27 02:31:49] version: 4 || ADS value: 21.68
[2026-06-27 02:31:49] Wifi Timeout Time300000
[2026-06-27 02:32:20] version: 4 || ADS value: 21.68
[2026-06-27 02:32:20] Wifi Timeout Time300000
[2026-06-27 02:32:52] version: 4 || ADS value: 21.68
[2026-06-27 02:32:53] Wifi Timeout Time300000
[2026-06-27 02:33:25] version: 4 || ADS value: 21.67
[2026-06-27 02:33:25] Wifi Timeout Time300000
[2026-06-27 02:33:57] version: 4 || ADS value: 21.67
[2026-06-27 02:33:57] Wifi Timeout Time300000
[2026-06-27 02:34:28] version: 4 || ADS value: 21.67
[2026-06-27 02:34:29] Wifi Timeout Time300000
[2026-06-27 02:35:00] version: 4 || ADS value: 21.67
[2026-06-27 02:35:00] Wifi Timeout Time300000
[2026-06-27 02:35:31] version: 4 || ADS value: 21.67
[2026-06-27 02:35:32] Wifi Timeout Time300000
[2026-06-27 03:31:04] version: 4 || ADS value: 21.62
[2026-06-27 03:31:04] Wifi Timeout Time300000
[2026-06-27 03:31:36] version: 4 || ADS value: 21.63
[2026-06-27 03:31:36] Wifi Timeout Time300000
[2026-06-27 03:32:08] version: 4 || ADS value: 21.63
[2026-06-27 03:32:08] Wifi Timeout Time300000
[2026-06-27 03:32:40] version: 4 || ADS value: 21.63
[2026-06-27 03:32:40] Wifi Timeout Time300000
[2026-06-27 03:33:11] version: 4 || ADS value: 21.62
[2026-06-27 03:33:12] Wifi Timeout Time300000
[2026-06-27 03:33:43] version: 4 || ADS value: 21.62
[2026-06-27 03:33:43] Wifi Timeout Time300000
[2026-06-27 03:34:15] version: 4 || ADS value: 21.62
[2026-06-27 03:34:15] Wifi Timeout Time300000
[2026-06-27 03:34:46] version: 4 || ADS value: 21.62
[2026-06-27 03:34:47] Wifi Timeout Time300000
[2026-06-27 03:35:18] version: 4 || ADS value: 21.62
[2026-06-27 03:35:18] Wifi Timeout Time300000
[2026-06-27 04:30:53] version: 4 || ADS value: 21.59
[2026-06-27 04:30:53] Wifi Timeout Time300000
[2026-06-27 04:31:24] version: 4 || ADS value: 21.58
[2026-06-27 04:31:25] Wifi Timeout Time300000
[2026-06-27 04:31:56] version: 4 || ADS value: 21.58
[2026-06-27 04:31:56] Wifi Timeout Time300000
[2026-06-27 04:32:28] version: 4 || ADS value: 21.58
[2026-06-27 04:32:28] Wifi Timeout Time300000
[2026-06-27 04:32:59] version: 4 || ADS value: 21.57
[2026-06-27 04:33:00] Wifi Timeout Time300000
[2026-06-27 04:33:31] version: 4 || ADS value: 21.57
[2026-06-27 04:33:31] Wifi Timeout Time300000
[2026-06-27 04:34:03] version: 4 || ADS value: 21.57
[2026-06-27 04:34:03] Wifi Timeout Time300000
[2026-06-27 04:34:34] version: 4 || ADS value: 21.57
[2026-06-27 04:34:34] Wifi Timeout Time300000
[2026-06-27 04:35:06] version: 4 || ADS value: 21.57
[2026-06-27 04:35:06] Wifi Timeout Time300000
[2026-06-27 05:30:38] version: 4 || ADS value: 21.57
[2026-06-27 05:30:39] Wifi Timeout Time300000
[2026-06-27 05:31:10] version: 4 || ADS value: 21.52
[2026-06-27 05:31:51] version: 4 || ADS value: 21.53
[2026-06-27 05:31:51] Wifi Timeout Time300000
[2026-06-27 05:32:23] version: 4 || ADS value: 21.53
[2026-06-27 05:32:23] Wifi Timeout Time300000
[2026-06-27 05:32:55] version: 4 || ADS value: 21.52
[2026-06-27 05:33:34] version: 4 || ADS value: 21.53
[2026-06-27 05:33:34] Wifi Timeout Time300000
[2026-06-27 05:34:05] version: 4 || ADS value: 21.53
[2026-06-27 05:34:46] version: 4 || ADS value: 21.53
[2026-06-27 05:34:47] Wifi Timeout Time300000
[2026-06-27 05:35:18] version: 4 || ADS value: 21.53
[2026-06-27 05:35:19] Wifi Timeout Time300000
[2026-06-27 06:30:56] Wifi Timeout Time300000
[2026-06-27 06:31:32] version: 4 || ADS value: 21.50
[2026-06-27 06:31:32] Wifi Timeout Time300000
[2026-06-27 06:32:09] Wifi Timeout Time300000
[2026-06-27 06:32:45] version: 4 || ADS value: 21.49
[2026-06-27 06:32:45] Wifi Timeout Time300000
[2026-06-27 06:33:17] version: 4 || ADS value: 21.49
[2026-06-27 06:33:17] Wifi Timeout Time300000
[2026-06-27 06:33:48] version: 4 || ADS value: 21.49
[2026-06-27 06:33:49] Wifi Timeout Time300000
[2026-06-27 06:34:25] version: 4 || ADS value: 21.49
[2026-06-27 06:34:25] Wifi Timeout Time300000
[2026-06-27 06:34:57] version: 4 || ADS value: 21.49
[2026-06-27 06:34:57] Wifi Timeout Time300000
[2026-06-27 07:31:03] version: 4 || ADS value: 21.40
[2026-06-27 07:31:03] Wifi Timeout Time300000
[2026-06-27 07:31:34] version: 4 || ADS value: 21.46
[2026-06-27 07:31:35] Wifi Timeout Time300000
[2026-06-27 07:32:06] version: 4 || ADS value: 21.46
[2026-06-27 07:32:07] Wifi Timeout Time300000
[2026-06-27 07:32:38] version: 4 || ADS value: 21.45
[2026-06-27 07:32:38] Wifi Timeout Time300000
[2026-06-27 07:33:09] version: 4 || ADS value: 21.46
[2026-06-27 07:33:10] Wifi Timeout Time300000
[2026-06-27 07:33:41] version: 4 || ADS value: 21.46
[2026-06-27 07:33:41] Wifi Timeout Time300000
[2026-06-27 07:34:13] version: 4 || ADS value: 21.46
[2026-06-27 07:34:13] Wifi Timeout Time300000
[2026-06-27 07:34:44] version: 4 || ADS value: 21.45
[2026-06-27 07:34:45] Wifi Timeout Time300000
[2026-06-27 07:35:16] version: 4 || ADS value: 21.45
[2026-06-27 07:35:16] Wifi Timeout Time300000
[2026-06-27 08:30:49] version: 4 || ADS value: 21.42
[2026-06-27 08:30:49] Wifi Timeout Time300000
[2026-06-27 08:31:20] version: 4 || ADS value: 21.42
[2026-06-27 08:31:21] Wifi Timeout Time300000
[2026-06-27 08:31:52] version: 4 || ADS value: 21.42
[2026-06-27 08:31:53] Wifi Timeout Time300000
[2026-06-27 08:32:24] version: 4 || ADS value: 21.42
[2026-06-27 08:32:24] Wifi Timeout Time300000
[2026-06-27 08:32:56] version: 4 || ADS value: 21.42
[2026-06-27 08:32:56] Wifi Timeout Time300000
[2026-06-27 08:33:28] version: 4 || ADS value: 21.42
[2026-06-27 08:33:28] Wifi Timeout Time300000
[2026-06-27 08:34:00] version: 4 || ADS value: 21.42
[2026-06-27 08:34:00] Wifi Timeout Time300000
[2026-06-27 08:34:31] version: 4 || ADS value: 21.42
[2026-06-27 08:34:32] Wifi Timeout Time300000
[2026-06-27 08:35:03] version: 4 || ADS value: 21.42
[2026-06-27 08:35:04] Wifi Timeout Time300000
[2026-06-27 09:30:36] version: 4 || ADS value: 21.39
[2026-06-27 09:30:36] Wifi Timeout Time300000
[2026-06-27 09:31:08] version: 4 || ADS value: 21.39
[2026-06-27 09:31:08] Wifi Timeout Time300000
[2026-06-27 09:31:39] version: 4 || ADS value: 21.39
[2026-06-27 09:31:40] Wifi Timeout Time300000
[2026-06-27 09:32:11] version: 4 || ADS value: 21.39
[2026-06-27 09:32:11] Wifi Timeout Time300000
[2026-06-27 09:32:43] version: 4 || ADS value: 21.39
[2026-06-27 09:32:43] Wifi Timeout Time300000
[2026-06-27 09:33:14] version: 4 || ADS value: 21.39
[2026-06-27 09:33:15] Wifi Timeout Time300000
[2026-06-27 09:33:46] version: 4 || ADS value: 21.39
[2026-06-27 09:33:46] Wifi Timeout Time300000
[2026-06-27 09:34:18] version: 4 || ADS value: 21.39
[2026-06-27 09:34:18] Wifi Timeout Time300000
[2026-06-27 09:34:50] version: 4 || ADS value: 21.39
[2026-06-27 09:34:50] Wifi Timeout Time300000
[2026-06-27 10:30:53] version: 4 || ADS value: 21.35
[2026-06-27 10:30:53] Wifi Timeout Time300000
[2026-06-27 10:31:24] version: 4 || ADS value: 21.35
[2026-06-27 10:32:06] version: 4 || ADS value: 21.35
[2026-06-27 10:32:06] Wifi Timeout Time300000
[2026-06-27 10:32:37] version: 4 || ADS value: 21.35
[2026-06-27 10:32:38] Wifi Timeout Time300000
[2026-06-27 10:33:09] version: 4 || ADS value: 21.35
[2026-06-27 10:33:50] version: 4 || ADS value: 21.35
[2026-06-27 10:33:51] Wifi Timeout Time300000
[2026-06-27 10:34:22] version: 4 || ADS value: 21.35
[2026-06-27 10:34:25] Wifi Timeout Time300000
[2026-06-27 10:35:01] version: 4 || ADS value: 21.35
[2026-06-27 10:35:01] Wifi Timeout Time300000
[2026-06-27 11:30:34] version: 4 || ADS value: 21.29
[2026-06-27 11:30:34] Wifi Timeout Time300000
[2026-06-27 11:31:11] Wifi Timeout Time300000
[2026-06-27 11:31:47] version: 4 || ADS value: 21.29
[2026-06-27 11:31:47] Wifi Timeout Time300000
[2026-06-27 11:32:24] Wifi Timeout Time300000
[2026-06-27 11:32:55] version: 4 || ADS value: 21.29
[2026-06-27 11:32:55] Wifi Timeout Time300000
[2026-06-27 11:33:27] version: 4 || ADS value: 21.29
[2026-06-27 11:33:27] Wifi Timeout Time300000
[2026-06-27 11:34:01] version: 4 || ADS value: 21.29
[2026-06-27 11:34:02] Wifi Timeout Time300000
[2026-06-27 11:34:38] version: 4 || ADS value: 21.29
[2026-06-27 11:34:39] Wifi Timeout Time300000
[2026-06-27 12:30:10] version: 4 || ADS value: 21.25
[2026-06-27 12:30:11] Wifi Timeout Time300000
[2026-06-27 12:30:43] version: 4 || ADS value: 21.25
[2026-06-27 12:30:43] Wifi Timeout Time300000
[2026-06-27 12:31:14] version: 4 || ADS value: 21.24
[2026-06-27 12:31:15] Wifi Timeout Time300000
[2026-06-27 12:31:46] version: 4 || ADS value: 21.24
[2026-06-27 12:31:46] Wifi Timeout Time300000
[2026-06-27 12:32:18] version: 4 || ADS value: 21.25
[2026-06-27 12:32:18] Wifi Timeout Time300000
[2026-06-27 12:32:53] version: 4 || ADS value: 21.25
[2026-06-27 12:32:53] Wifi Timeout Time300000
[2026-06-27 12:33:24] version: 4 || ADS value: 21.25
[2026-06-27 12:33:25] Wifi Timeout Time300000
[2026-06-27 12:33:56] version: 4 || ADS value: 21.25
[2026-06-27 12:33:57] Wifi Timeout Time300000
[2026-06-27 12:34:28] version: 4 || ADS value: 21.25
[2026-06-27 12:34:29] Wifi Timeout Time300000
[2026-06-27 12:35:00] version: 4 || ADS value: 21.24
[2026-06-27 12:35:00] Wifi Timeout Time300000
[2026-06-27 13:30:33] version: 4 || ADS value: 21.22
[2026-06-27 13:30:33] Wifi Timeout Time300000
[2026-06-27 13:31:05] version: 4 || ADS value: 21.21
[2026-06-27 13:31:05] Wifi Timeout Time300000
[2026-06-27 13:31:37] version: 4 || ADS value: 21.21
[2026-06-27 13:31:37] Wifi Timeout Time300000
[2026-06-27 13:32:09] version: 4 || ADS value: 21.21
[2026-06-27 13:32:09] Wifi Timeout Time300000
[2026-06-27 13:32:41] version: 4 || ADS value: 21.21
[2026-06-27 13:32:41] Wifi Timeout Time300000
[2026-06-27 13:33:13] version: 4 || ADS value: 21.21
[2026-06-27 13:33:13] Wifi Timeout Time300000
[2026-06-27 13:33:44] version: 4 || ADS value: 21.21
[2026-06-27 13:33:45] Wifi Timeout Time300000
[2026-06-27 13:34:16] version: 4 || ADS value: 21.21
[2026-06-27 13:34:17] Wifi Timeout Time300000
[2026-06-27 13:34:48] version: 4 || ADS value: 21.21
[2026-06-27 13:34:49] Wifi Timeout Time300000
[2026-06-27 14:30:21] version: 4 || ADS value: 21.16
[2026-06-27 14:30:22] Wifi Timeout Time300000
[2026-06-27 14:30:53] version: 4 || ADS value: 21.16
[2026-06-27 14:30:53] Wifi Timeout Time300000
[2026-06-27 14:31:25] version: 4 || ADS value: 21.16
[2026-06-27 14:31:25] Wifi Timeout Time300000
[2026-06-27 14:31:57] version: 4 || ADS value: 21.16
[2026-06-27 14:31:57] Wifi Timeout Time300000
[2026-06-27 14:32:28] version: 4 || ADS value: 21.16
[2026-06-27 14:32:29] Wifi Timeout Time300000
[2026-06-27 14:33:00] version: 4 || ADS value: 21.16
[2026-06-27 14:33:01] Wifi Timeout Time300000
[2026-06-27 14:33:33] version: 4 || ADS value: 21.15
[2026-06-27 14:33:33] Wifi Timeout Time300000
[2026-06-27 14:34:04] version: 4 || ADS value: 21.15
[2026-06-27 14:34:05] Wifi Timeout Time300000
[2026-06-27 14:34:36] version: 4 || ADS value: 21.15
[2026-06-27 14:34:37] Wifi Timeout Time300000
[2026-06-27 15:31:09] version: 4 || ADS value: 21.10
[2026-06-27 15:31:10] Wifi Timeout Time300000
[2026-06-27 15:31:41] version: 4 || ADS value: 21.10
[2026-06-27 15:31:41] Wifi Timeout Time300000
[2026-06-27 15:32:13] version: 4 || ADS value: 21.10
[2026-06-27 15:32:13] Wifi Timeout Time300000
[2026-06-27 15:32:45] version: 4 || ADS value: 21.11
[2026-06-27 15:32:45] Wifi Timeout Time300000
[2026-06-27 15:33:17] version: 4 || ADS value: 21.10
[2026-06-27 15:33:17] Wifi Timeout Time300000
[2026-06-27 15:33:49] version: 4 || ADS value: 21.10
[2026-06-27 15:33:49] Wifi Timeout Time300000
[2026-06-27 15:34:21] version: 4 || ADS value: 21.10
[2026-06-27 15:34:21] Wifi Timeout Time300000
[2026-06-27 15:34:53] version: 4 || ADS value: 21.10
[2026-06-27 15:34:53] Wifi Timeout Time300000
[2026-06-27 15:35:24] version: 4 || ADS value: 21.10
[2026-06-27 15:35:25] Wifi Timeout Time300000
[2026-06-27 15:35:56] version: 4 || ADS value: 21.10
[2026-06-27 15:35:57] Wifi Timeout Time300000
[2026-06-27 16:31:29] version: 4 || ADS value: 21.05
[2026-06-27 16:31:30] Wifi Timeout Time300000
[2026-06-27 16:32:02] version: 4 || ADS value: 21.05
[2026-06-27 16:32:03] Wifi Timeout Time300000
[2026-06-27 16:32:34] version: 4 || ADS value: 21.05
[2026-06-27 16:32:34] Wifi Timeout Time300000
[2026-06-27 16:33:06] version: 4 || ADS value: 21.04
[2026-06-27 16:33:06] Wifi Timeout Time300000
[2026-06-27 16:33:39] version: 4 || ADS value: 21.04
[2026-06-27 16:33:39] Wifi Timeout Time300000
[2026-06-27 16:34:13] version: 4 || ADS value: 21.04
[2026-06-27 16:34:14] Wifi Timeout Time300000
[2026-06-27 16:34:45] version: 4 || ADS value: 21.04
[2026-06-27 16:34:46] Wifi Timeout Time300000
[2026-06-27 16:35:18] version: 4 || ADS value: 21.04
[2026-06-27 16:35:18] Wifi Timeout Time300000
[2026-06-27 16:35:49] version: 4 || ADS value: 21.04
[2026-06-27 16:35:50] Wifi Timeout Time300000
[2026-06-27 17:31:22] version: 4 || ADS value: 20.99
[2026-06-27 17:32:03] version: 4 || ADS value: 20.99
[2026-06-27 17:32:04] Wifi Timeout Time300000
[2026-06-27 17:32:35] version: 4 || ADS value: 20.99
[2026-06-27 17:32:35] Wifi Timeout Time300000
[2026-06-27 17:33:07] version: 4 || ADS value: 20.99
[2026-06-27 17:33:07] Wifi Timeout Time300000
[2026-06-27 17:33:39] version: 4 || ADS value: 20.99
[2026-06-27 17:33:39] Wifi Timeout Time300000
[2026-06-27 17:34:11] version: 4 || ADS value: 20.99
[2026-06-27 17:34:47] version: 4 || ADS value: 20.99
[2026-06-27 17:34:47] Wifi Timeout Time300000
[2026-06-27 17:35:19] version: 4 || ADS value: 20.98
[2026-06-27 17:35:19] Wifi Timeout Time300000
[2026-06-27 17:35:51] version: 4 || ADS value: 20.98
[2026-06-27 17:35:51] Wifi Timeout Time300000
[2026-06-27 18:31:23] version: 4 || ADS value: 20.93
[2026-06-27 18:31:24] Wifi Timeout Time300000
[2026-06-27 18:32:00] Wifi Timeout Time300000
[2026-06-27 18:32:34] version: 4 || ADS value: 20.93
[2026-06-27 18:32:35] Wifi Timeout Time300000
[2026-06-27 18:33:06] version: 4 || ADS value: 20.93
[2026-06-27 18:33:07] Wifi Timeout Time300000
[2026-06-27 18:33:38] version: 4 || ADS value: 20.93
[2026-06-27 18:33:39] Wifi Timeout Time300000
[2026-06-27 18:34:10] version: 4 || ADS value: 20.93
[2026-06-27 18:34:10] Wifi Timeout Time300000
[2026-06-27 18:34:45] version: 4 || ADS value: 20.93
[2026-06-27 18:34:45] Wifi Timeout Time300000
[2026-06-27 18:35:21] version: 4 || ADS value: 20.93
[2026-06-27 18:35:22] Wifi Timeout Time300000
[2026-06-27 19:31:24] version: 4 || ADS value: 20.88
[2026-06-27 19:31:25] Wifi Timeout Time300000
[2026-06-27 19:31:56] version: 4 || ADS value: 20.87
[2026-06-27 19:31:56] Wifi Timeout Time300000
[2026-06-27 19:32:28] version: 4 || ADS value: 20.88
[2026-06-27 19:32:29] Wifi Timeout Time300000
[2026-06-27 19:33:00] version: 4 || ADS value: 20.88
[2026-06-27 19:33:00] Wifi Timeout Time300000
[2026-06-27 19:33:32] version: 4 || ADS value: 20.88
[2026-06-27 19:33:32] Wifi Timeout Time300000
[2026-06-27 19:34:04] version: 4 || ADS value: 20.88
[2026-06-27 19:34:04] Wifi Timeout Time300000
[2026-06-27 19:34:36] version: 4 || ADS value: 20.88
[2026-06-27 19:34:36] Wifi Timeout Time300000
[2026-06-27 19:35:07] version: 4 || ADS value: 20.88
[2026-06-27 19:35:08] Wifi Timeout Time300000
[2026-06-27 19:35:39] version: 4 || ADS value: 20.87
[2026-06-27 19:35:40] Wifi Timeout Time300000
[2026-06-27 20:31:12] version: 4 || ADS value: 20.82
[2026-06-27 20:31:12] Wifi Timeout Time300000
[2026-06-27 20:31:44] version: 4 || ADS value: 20.82
[2026-06-27 20:31:44] Wifi Timeout Time300000
[2026-06-27 20:32:15] version: 4 || ADS value: 20.82
[2026-06-27 20:32:16] Wifi Timeout Time300000
[2026-06-27 20:32:47] version: 4 || ADS value: 20.82
[2026-06-27 20:32:47] Wifi Timeout Time300000
[2026-06-27 20:33:18] version: 4 || ADS value: 20.82
[2026-06-27 20:33:19] Wifi Timeout Time300000
[2026-06-27 20:33:50] version: 4 || ADS value: 20.82
[2026-06-27 20:33:50] Wifi Timeout Time300000
[2026-06-27 20:34:22] version: 4 || ADS value: 20.82
[2026-06-27 20:34:22] Wifi Timeout Time300000
[2026-06-27 20:34:53] version: 4 || ADS value: 20.82
[2026-06-27 20:34:54] Wifi Timeout Time300000
[2026-06-27 20:35:25] version: 4 || ADS value: 20.82
[2026-06-27 20:35:25] Wifi Timeout Time300000
[2026-06-27 21:30:58] version: 4 || ADS value: 20.76
[2026-06-27 21:30:58] Wifi Timeout Time300000
[2026-06-27 21:31:29] version: 4 || ADS value: 20.76
[2026-06-27 21:31:30] Wifi Timeout Time300000
[2026-06-27 21:32:01] version: 4 || ADS value: 20.76
[2026-06-27 21:32:01] Wifi Timeout Time300000
[2026-06-27 21:32:33] version: 4 || ADS value: 20.76
[2026-06-27 21:32:33] Wifi Timeout Time300000
[2026-06-27 21:33:04] version: 4 || ADS value: 20.76
[2026-06-27 21:33:05] Wifi Timeout Time300000
[2026-06-27 21:33:36] version: 4 || ADS value: 20.76
[2026-06-27 21:33:36] Wifi Timeout Time300000
[2026-06-27 21:34:07] version: 4 || ADS value: 20.76
[2026-06-27 21:34:07] Wifi Timeout Time300000
[2026-06-27 21:34:39] version: 4 || ADS value: 20.76
[2026-06-27 21:34:39] Wifi Timeout Time300000
[2026-06-27 21:35:11] version: 4 || ADS value: 20.76
[2026-06-27 21:35:11] Wifi Timeout Time300000
[2026-06-27 22:31:14] version: 4 || ADS value: 20.70
[2026-06-27 22:31:14] Wifi Timeout Time300000
[2026-06-27 22:31:45] version: 4 || ADS value: 20.69
[2026-06-27 22:31:46] Wifi Timeout Time300000
[2026-06-27 22:32:17] version: 4 || ADS value: 20.69
[2026-06-27 22:32:17] Wifi Timeout Time300000
[2026-06-27 22:32:49] version: 4 || ADS value: 20.69
[2026-06-27 22:32:49] Wifi Timeout Time300000
[2026-06-27 22:33:20] version: 4 || ADS value: 20.69
[2026-06-27 22:33:21] Wifi Timeout Time300000
[2026-06-27 22:33:52] version: 4 || ADS value: 20.69
[2026-06-27 22:33:52] Wifi Timeout Time300000
[2026-06-27 22:34:24] version: 4 || ADS value: 20.69
[2026-06-27 22:34:24] Wifi Timeout Time300000
[2026-06-27 22:34:55] version: 4 || ADS value: 20.69
[2026-06-27 22:34:56] Wifi Timeout Time300000
[2026-06-27 22:35:27] version: 4 || ADS value: 20.69
[2026-06-27 22:35:27] Wifi Timeout Time300000
[2026-06-27 23:31:00] version: 4 || ADS value: 20.62
[2026-06-27 23:31:00] Wifi Timeout Time300000
[2026-06-27 23:31:36] Wifi Timeout Time300000
[2026-06-27 23:32:12] version: 4 || ADS value: 20.62
[2026-06-27 23:32:13] Wifi Timeout Time300000
[2026-06-27 23:32:44] version: 4 || ADS value: 20.62
[2026-06-27 23:32:45] Wifi Timeout Time300000
[2026-06-27 23:33:16] version: 4 || ADS value: 20.62
[2026-06-27 23:33:16] Wifi Timeout Time300000
[2026-06-27 23:33:48] version: 4 || ADS value: 20.62
[2026-06-27 23:33:48] Wifi Timeout Time300000
[2026-06-27 23:34:24] Wifi Timeout Time300000
[2026-06-27 23:35:01] version: 4 || ADS value: 20.61
[2026-06-27 23:35:01] Wifi Timeout Time300000
[2026-06-27 23:35:33] version: 4 || ADS value: 20.61
[2026-06-27 23:35:33] Wifi Timeout Time300000
[2026-06-28 00:31:05] version: 4 || ADS value: 20.54
[2026-06-28 00:31:05] Wifi Timeout Time300000
[2026-06-28 00:31:37] version: 4 || ADS value: 20.54
[2026-06-28 00:31:37] Wifi Timeout Time300000
[2026-06-28 00:32:08] version: 4 || ADS value: 20.54
[2026-06-28 00:32:09] Wifi Timeout Time300000
[2026-06-28 00:32:40] version: 4 || ADS value: 20.54
[2026-06-28 00:32:41] Wifi Timeout Time300000
[2026-06-28 00:33:13] version: 4 || ADS value: 20.54
[2026-06-28 00:33:13] Wifi Timeout Time300000
[2026-06-28 00:33:45] version: 4 || ADS value: 20.54
[2026-06-28 00:33:45] Wifi Timeout Time300000
[2026-06-28 00:34:16] version: 4 || ADS value: 20.54
[2026-06-28 00:34:17] Wifi Timeout Time300000
[2026-06-28 00:34:48] version: 4 || ADS value: 20.54
[2026-06-28 00:34:48] Wifi Timeout Time300000
[2026-06-28 00:35:20] version: 4 || ADS value: 20.54
[2026-06-28 00:35:20] Wifi Timeout Time300000
[2026-06-28 01:30:52] version: 4 || ADS value: 20.46
[2026-06-28 01:30:53] Wifi Timeout Time300000
[2026-06-28 01:31:24] version: 4 || ADS value: 20.45
[2026-06-28 01:31:24] Wifi Timeout Time300000
[2026-06-28 01:31:56] version: 4 || ADS value: 20.45
[2026-06-28 01:31:56] Wifi Timeout Time300000
[2026-06-28 01:32:27] version: 4 || ADS value: 20.46
[2026-06-28 01:32:28] Wifi Timeout Time300000
[2026-06-28 01:32:59] version: 4 || ADS value: 20.45
[2026-06-28 01:32:59] Wifi Timeout Time300000
[2026-06-28 01:33:31] version: 4 || ADS value: 20.45
[2026-06-28 01:33:31] Wifi Timeout Time300000
[2026-06-28 01:34:03] version: 4 || ADS value: 20.46
[2026-06-28 01:34:03] Wifi Timeout Time300000
[2026-06-28 01:34:35] version: 4 || ADS value: 20.45
[2026-06-28 01:34:35] Wifi Timeout Time300000
[2026-06-28 01:35:07] version: 4 || ADS value: 20.45
[2026-06-28 01:35:07] Wifi Timeout Time300000
[2026-06-28 02:30:39] version: 4 || ADS value: 20.37
[2026-06-28 02:30:40] Wifi Timeout Time300000
[2026-06-28 02:31:11] version: 4 || ADS value: 20.37
[2026-06-28 02:31:11] Wifi Timeout Time300000
[2026-06-28 02:31:43] version: 4 || ADS value: 20.36
[2026-06-28 02:31:43] Wifi Timeout Time300000
[2026-06-28 02:32:14] version: 4 || ADS value: 20.36
[2026-06-28 02:32:15] Wifi Timeout Time300000
[2026-06-28 02:32:46] version: 4 || ADS value: 20.36
[2026-06-28 02:32:46] Wifi Timeout Time300000
[2026-06-28 02:33:17] version: 4 || ADS value: 20.36
[2026-06-28 02:33:18] Wifi Timeout Time300000
[2026-06-28 02:33:49] version: 4 || ADS value: 20.36
[2026-06-28 02:33:49] Wifi Timeout Time300000
[2026-06-28 02:34:21] version: 4 || ADS value: 20.36
[2026-06-28 02:34:21] Wifi Timeout Time300000
[2026-06-28 02:34:52] version: 4 || ADS value: 20.35
[2026-06-28 02:34:53] Wifi Timeout Time300000
[2026-06-28 02:35:24] version: 4 || ADS value: 20.35
[2026-06-28 02:35:24] Wifi Timeout Time300000
[2026-06-28 03:30:59] version: 4 || ADS value: 20.27
[2026-06-28 03:30:59] Wifi Timeout Time300000
[2026-06-28 03:31:31] version: 4 || ADS value: 20.27
[2026-06-28 03:31:31] Wifi Timeout Time300000
[2026-06-28 03:32:03] version: 4 || ADS value: 20.26
[2026-06-28 03:32:03] Wifi Timeout Time300000
[2026-06-28 03:32:34] version: 4 || ADS value: 20.26
[2026-06-28 03:32:35] Wifi Timeout Time300000
[2026-06-28 03:33:06] version: 4 || ADS value: 20.26
[2026-06-28 03:33:06] Wifi Timeout Time300000
[2026-06-28 03:33:38] version: 4 || ADS value: 20.26
[2026-06-28 03:33:38] Wifi Timeout Time300000
[2026-06-28 03:34:09] version: 4 || ADS value: 20.26
[2026-06-28 03:34:10] Wifi Timeout Time300000
[2026-06-28 03:34:41] version: 4 || ADS value: 20.26
[2026-06-28 03:34:41] Wifi Timeout Time300000
[2026-06-28 03:35:13] version: 4 || ADS value: 20.26
[2026-06-28 03:35:13] Wifi Timeout Time300000
[2026-06-28 04:30:45] version: 4 || ADS value: 20.16
[2026-06-28 04:30:46] Wifi Timeout Time300000
[2026-06-28 04:31:17] version: 4 || ADS value: 20.16
[2026-06-28 04:31:58] version: 4 || ADS value: 20.16
[2026-06-28 04:31:59] Wifi Timeout Time300000
[2026-06-28 04:32:32] version: 4 || ADS value: 20.16
[2026-06-28 04:32:33] Wifi Timeout Time300000
[2026-06-28 04:33:06] version: 4 || ADS value: 20.16
[2026-06-28 04:33:46] version: 4 || ADS value: 20.16
[2026-06-28 04:33:48] Wifi Timeout Time300000
[2026-06-28 04:34:20] version: 4 || ADS value: 20.16
[2026-06-28 04:35:02] version: 4 || ADS value: 20.15
[2026-06-28 04:35:03] Wifi Timeout Time300000
[2026-06-28 05:30:36] version: 4 || ADS value: 20.05
[2026-06-28 05:30:36] Wifi Timeout Time300000
[2026-06-28 05:31:12] Wifi Timeout Time300000
[2026-06-28 05:31:44] version: 4 || ADS value: 20.05
[2026-06-28 05:31:44] Wifi Timeout Time300000
[2026-06-28 05:32:20] Wifi Timeout Time300000
[2026-06-28 05:32:52] version: 4 || ADS value: 20.05
[2026-06-28 05:32:52] Wifi Timeout Time300000
[2026-06-28 05:33:24] version: 4 || ADS value: 20.04
[2026-06-28 05:33:24] Wifi Timeout Time300000
[2026-06-28 05:34:00] Wifi Timeout Time300000
[2026-06-28 05:34:36] version: 4 || ADS value: 20.04
[2026-06-28 05:34:37] Wifi Timeout Time300000
[2026-06-28 05:35:13] Wifi Timeout Time300000
[2026-06-28 06:30:50] version: 4 || ADS value: 19.92
[2026-06-28 06:30:50] Wifi Timeout Time300000
[2026-06-28 06:31:22] version: 4 || ADS value: 19.92
[2026-06-28 06:31:22] Wifi Timeout Time300000
[2026-06-28 06:31:53] version: 4 || ADS value: 19.91
[2026-06-28 06:31:54] Wifi Timeout Time300000
[2026-06-28 06:32:25] version: 4 || ADS value: 19.91
[2026-06-28 06:32:26] Wifi Timeout Time300000
[2026-06-28 06:32:57] version: 4 || ADS value: 19.91
[2026-06-28 06:32:57] Wifi Timeout Time300000
[2026-06-28 06:33:29] version: 4 || ADS value: 19.91
[2026-06-28 06:33:29] Wifi Timeout Time300000
[2026-06-28 06:34:01] version: 4 || ADS value: 19.91
[2026-06-28 06:34:01] Wifi Timeout Time300000
[2026-06-28 06:34:32] version: 4 || ADS value: 19.91
[2026-06-28 06:34:32] Wifi Timeout Time300000
[2026-06-28 06:35:04] version: 4 || ADS value: 19.90
[2026-06-28 06:35:04] Wifi Timeout Time300000
[2026-06-28 07:30:36] version: 4 || ADS value: 19.72
[2026-06-28 07:30:36] Wifi Timeout Time300000
[2026-06-28 07:31:08] version: 4 || ADS value: 19.72
[2026-06-28 07:31:08] Wifi Timeout Time300000
[2026-06-28 07:31:39] version: 4 || ADS value: 19.72
[2026-06-28 07:31:40] Wifi Timeout Time300000
[2026-06-28 07:32:11] version: 4 || ADS value: 19.71
[2026-06-28 07:32:11] Wifi Timeout Time300000
[2026-06-28 07:32:42] version: 4 || ADS value: 19.72
[2026-06-28 07:32:43] Wifi Timeout Time300000
[2026-06-28 07:33:14] version: 4 || ADS value: 19.71
[2026-06-28 07:33:14] Wifi Timeout Time300000
[2026-06-28 07:33:46] version: 4 || ADS value: 19.71
[2026-06-28 07:33:46] Wifi Timeout Time300000
[2026-06-28 07:34:17] version: 4 || ADS value: 19.70
[2026-06-28 07:34:18] Wifi Timeout Time300000
[2026-06-28 07:34:49] version: 4 || ADS value: 19.70
[2026-06-28 07:34:49] Wifi Timeout Time300000
[2026-06-28 07:35:21] version: 4 || ADS value: 19.70
[2026-06-28 07:35:21] Wifi Timeout Time300000
[2026-06-29 06:47:25] version: 4 || ADS value: 21.19
[2026-06-29 06:47:25] Wifi Timeout Time300000
[2026-06-29 06:49:38] Wifi Timeout Time300000
[2026-06-29 06:52:21] version: 4 || ADS value: 21.12
[2026-06-29 06:53:07] version: 4 || ADS value: 21.13
[2026-06-29 06:53:08] Wifi Timeout Time300000
[2026-06-29 06:53:41] version: 4 || ADS value: 21.13
[2026-06-29 06:54:22] version: 4 || ADS value: 21.12
[2026-06-29 06:54:23] Wifi Timeout Time300000
[2026-06-29 06:55:05] version: 4 || ADS value: 21.12
[2026-06-29 06:55:05] Wifi Timeout Time300000
[2026-06-29 06:55:46] version: 4 || ADS value: 21.12
[2026-06-29 06:56:31] version: 4 || ADS value: 21.11
[2026-06-29 06:56:32] Wifi Timeout Time300000
[2026-06-29 09:44:42] version: 4 || ADS value: 23.88
[2026-06-29 09:44:42] Wifi Timeout Time300000
[2026-06-29 09:45:23] version: 4 || ADS value: 23.88
[2026-06-29 09:45:23] Wifi Timeout Time300000
[2026-06-29 09:46:04] version: 4 || ADS value: 23.87
[2026-06-29 09:46:05] Wifi Timeout Time300000
[2026-06-29 09:46:46] version: 4 || ADS value: 23.87
[2026-06-29 09:46:46] Wifi Timeout Time300000
[2026-06-29 09:47:27] version: 4 || ADS value: 23.87
[2026-06-29 09:47:27] Wifi Timeout Time300000
[2026-06-29 09:48:08] version: 4 || ADS value: 23.87
[2026-06-29 09:48:09] Wifi Timeout Time300000
[2026-06-29 09:48:50] version: 4 || ADS value: 23.87
[2026-06-29 09:48:50] Wifi Timeout Time300000
[2026-06-29 10:30:54] version: 4 || ADS value: 23.78
[2026-06-29 10:30:55] Wifi Timeout Time300000
[2026-06-29 10:31:35] version: 4 || ADS value: 23.78
[2026-06-29 10:31:36] Wifi Timeout Time300000
[2026-06-29 10:32:17] version: 4 || ADS value: 23.78
[2026-06-29 10:32:17] Wifi Timeout Time300000
[2026-06-29 10:32:58] version: 4 || ADS value: 23.78
[2026-06-29 10:32:58] Wifi Timeout Time300000
[2026-06-29 10:33:39] version: 4 || ADS value: 23.78
[2026-06-29 10:33:39] Wifi Timeout Time300000
[2026-06-29 10:34:20] version: 4 || ADS value: 23.78
[2026-06-29 10:34:20] Wifi Timeout Time300000
[2026-06-29 10:35:01] version: 4 || ADS value: 23.78
[2026-06-29 10:35:01] Wifi Timeout Time300000
