[2026-03-12 09:18:41] ADS value: 38.96
[2026-03-12 09:18:42] Robot online
[2026-03-12 09:19:15] ADS value: 40.71
[2026-03-12 09:19:16] Robot online
[2026-03-12 09:19:20] Current RTC Time - Hour: 3, Minute: 27
[2026-03-12 09:19:47] ADS value: 39.01
[2026-03-12 09:19:48] Robot online
[2026-03-12 09:20:20] ADS value: 38.81
[2026-03-12 09:20:21] Robot online
[2026-03-12 09:20:53] ADS value: 40.66
[2026-03-12 09:20:54] Robot online
[2026-03-12 09:21:20] Current RTC Time - Hour: 3, Minute: 29
[2026-03-12 09:21:25] ADS value: 39.97
[2026-03-12 09:21:28] Robot online
[2026-03-12 09:22:00] ADS value: 38.81
[2026-03-12 09:22:01] Robot online
[2026-04-08 07:26:13] ADS value: 23.83
[2026-04-08 07:26:14] Robot online
[2026-04-08 07:26:16] Current RTC Time - Hour: 1, Minute: 39
[2026-04-08 07:27:18] ADS value: 23.75
[2026-04-08 07:27:18] Robot online
[2026-04-08 07:27:51] ADS value: 23.81
[2026-04-08 07:27:51] Robot online
[2026-04-08 08:18:49] ADS value: 23.38
[2026-04-08 08:18:49] Ver: 303
[2026-04-08 08:19:22] ADS value: 23.32
[2026-04-08 08:19:22] Ver: 303
[2026-04-08 08:20:27] ADS value: 40.81
[2026-04-08 08:20:28] Ver: 303
[2026-04-08 08:20:35] START command received: right
[2026-04-08 08:20:36] running_opposite
[2026-04-08 08:20:43] running_front
[2026-04-08 08:20:59] ADS value: 40.83
[2026-04-08 08:21:00] Ver: 303
[2026-04-08 11:30:12] ADS value: 23.35
[2026-04-08 11:30:12] Ver: 30
[2026-04-08 11:30:44] ADS value: 38.73
[2026-04-08 11:30:44] Ver: 30
[2026-06-10 07:13:12] Ver: 30
[2026-06-10 07:13:43] ADS value: 24.19
[2026-06-10 07:13:44] Ver: 30
[2026-06-10 07:14:15] ADS value: 24.28
[2026-06-10 07:14:15] Ver: 30
[2026-06-10 07:14:46] ADS value: 24.28
[2026-06-10 07:14:47] Ver: 30
