[2026-03-18 18:27:58] [SIM4G] Retrying SIM bring-up
[2026-03-18 18:27:58] ADS value: 0.00
[2026-03-18 18:27:59] Robot online
[2026-03-18 18:27:59] Ver: 412
[2026-03-18 18:28:01] [SIM4G] CMD: AT
[2026-03-18 18:28:04] [SIM4G] Command timeout
[2026-03-18 18:28:05] [SIM4G] Init step failed: AT
[2026-03-18 18:28:11] ADS value: 0.00
[2026-03-18 18:28:11] Robot online
[2026-03-18 18:28:12] Ver: 412
[2026-03-18 18:28:22] [SIM4G] Retrying SIM bring-up
[2026-03-18 18:28:23] ADS value: 0.00
[2026-03-18 18:28:23] Robot online
[2026-03-18 18:28:23] Ver: 412
[2026-03-18 18:28:25] [SIM4G] CMD: AT
[2026-03-18 18:28:27] [SIM4G] RSP: <empty>
[2026-03-18 18:28:27] [SIM4G] Command timeout
[2026-03-18 18:28:27] [SIM4G] Init step failed: AT
[2026-03-18 18:28:35] ADS value: 0.00
[2026-03-18 18:28:35] Robot online
[2026-03-18 18:28:36] Ver: 412
[2026-03-18 18:28:44] [SIM4G] Retrying SIM bring-up
[2026-03-18 18:28:46] [SIM4G] CMD: AT
[2026-03-18 18:28:47] ADS value: 0.00
[2026-03-18 18:28:47] Robot online
[2026-03-18 18:28:48] Ver: 412
[2026-03-18 18:28:49] [SIM4G] RSP: <empty>
[2026-03-18 18:28:49] [SIM4G] Command timeout
[2026-03-18 18:28:50] [SIM4G] Init step failed: AT
[2026-03-18 18:28:59] ADS value: 0.00
[2026-03-18 18:28:59] Robot online
[2026-03-18 18:29:00] Ver: 412
[2026-03-18 18:29:06] [SIM4G] Retrying SIM bring-up
[2026-03-18 18:29:08] [SIM4G] CMD: AT
[2026-03-18 18:29:10] [SIM4G] RSP: <empty>
[2026-03-18 18:29:11] [SIM4G] Command timeout
[2026-03-18 18:29:11] [SIM4G] Init step failed: AT
[2026-03-18 18:29:12] ADS value: 0.00
[2026-03-18 18:29:12] Robot online
[2026-03-18 18:29:12] Ver: 412
[2026-03-18 18:29:23] ADS value: 0.00
[2026-03-18 18:29:23] Robot online
[2026-03-18 18:29:24] Ver: 412
[2026-03-18 18:29:27] [SIM4G] Retrying SIM bring-up
[2026-03-18 18:29:29] [SIM4G] CMD: AT
[2026-03-18 18:29:31] [SIM4G] RSP: <empty>
[2026-03-18 18:29:32] [SIM4G] Command timeout
[2026-03-18 18:29:32] [SIM4G] Init step failed: AT
[2026-03-18 18:29:34] [SIM4G] URC: RDY (rebootCount=1)
[2026-03-18 18:29:34] [SIM4G] Modem reboot detected, retrying in 15s
[2026-03-18 18:29:35] [SIM4G] URC: +CFUN: 1
[2026-03-18 18:29:35] [SIM4G] URC: +CPIN: NOT READY
[2026-03-18 18:29:36] ADS value: 0.00
[2026-03-18 18:29:36] Robot online
[2026-03-18 18:29:37] Ver: 412
[2026-03-18 18:29:49] ADS value: 0.00
[2026-03-18 18:29:49] Robot online
[2026-03-18 18:29:49] Ver: 412
[2026-03-18 18:29:51] [SIM4G] Retrying SIM bring-up
[2026-03-18 18:29:53] [SIM4G] CMD: AT
[2026-03-18 18:29:55] [SIM4G] RSP: AT | OK |
[2026-03-18 18:29:57] [SIM4G] CMD: AT+CMEE=2
[2026-03-18 18:29:59] [SIM4G] RSP: AT+CMEE=2 | OK |
[2026-03-18 18:30:00] ADS value: 0.00
[2026-03-18 18:30:00] Robot online
[2026-03-18 18:30:00] Ver: 412
[2026-03-18 18:30:02] [SIM4G] CMD: AT+CFUN=1
[2026-03-18 18:30:04] [SIM4G] RSP: AT+CFUN=1 | OK |
[2026-03-18 18:30:06] [SIM4G] CMD: AT+CPIN?
[2026-03-18 18:30:08] [SIM4G] RSP: AT+CPIN? | +CME ERROR: SIM not inserted |
[2026-03-18 18:30:08] [SIM4G] Modem error response
[2026-03-18 18:30:09] [SIM4G] Init step failed: AT+CPIN?
[2026-03-18 18:30:11] ADS value: 0.00
[2026-03-18 18:30:12] Robot online
[2026-03-18 18:30:12] Ver: 412
[2026-03-18 18:30:22] ADS value: 0.00
[2026-03-18 18:30:22] Robot online
[2026-03-18 18:30:23] Ver: 412
[2026-03-18 18:30:40] ADS value: 0.00
[2026-03-18 18:31:12] [SIM4G] Starting non-blocking modem init
[2026-03-18 18:31:12] ADS value: 0.00
[2026-03-18 18:31:12] Robot online
[2026-03-18 18:31:12] Ver: 412
[2026-03-18 18:31:12] [SIM4G] CMD: AT
[2026-03-18 18:31:14] [SIM4G] RSP: AT | OK |
[2026-03-18 18:31:16] [SIM4G] CMD: AT+CMEE=2
[2026-03-18 18:31:18] [SIM4G] RSP: AT+CMEE=2 | OK |
[2026-03-18 18:31:20] [SIM4G] CMD: AT+CFUN=1
[2026-03-18 18:31:21] ADS value: 0.00
[2026-03-18 18:31:21] Robot online
[2026-03-18 18:31:21] Ver: 412
[2026-03-18 18:31:23] [SIM4G] RSP: AT+CFUN=1 | OK |
[2026-03-18 18:31:25] [SIM4G] CMD: AT+CPIN?
[2026-03-18 18:31:27] [SIM4G] RSP: AT+CPIN? | +CME ERROR: SIM not inserted |
[2026-03-18 18:31:27] [SIM4G] Modem error response
[2026-03-18 18:31:28] [SIM4G] Init step failed: AT+CPIN?
[2026-03-18 18:31:33] ADS value: 0.00
[2026-03-18 18:31:34] Robot online
[2026-03-18 18:31:34] Ver: 412
[2026-03-18 18:31:44] [SIM4G] Retrying SIM bring-up
[2026-03-18 18:31:45] ADS value: 0.00
[2026-03-18 18:31:45] Robot online
[2026-03-18 18:31:45] Ver: 412
[2026-03-18 18:31:47] [SIM4G] CMD: AT
[2026-03-18 18:31:49] [SIM4G] RSP: AT | OK |
[2026-03-18 18:31:51] [SIM4G] CMD: AT+CMEE=2
[2026-03-18 18:31:53] [SIM4G] RSP: AT+CMEE=2 | OK |
[2026-03-18 18:31:55] [SIM4G] CMD: AT+CFUN=1
[2026-03-18 18:31:56] ADS value: 0.00
[2026-03-18 18:31:56] Robot online
[2026-03-18 18:31:56] Ver: 412
[2026-03-18 18:31:58] [SIM4G] RSP: AT+CFUN=1 | OK |
[2026-03-18 18:33:42] [SIM4G] Starting non-blocking modem init
[2026-03-18 18:33:43] ADS value: 0.00
[2026-03-18 18:33:44] Robot online
[2026-03-18 18:33:44] Ver: 412
[2026-03-18 18:33:45] [SIM4G] CMD: AT
[2026-03-18 18:33:49] [SIM4G] Command timeout
[2026-03-18 18:33:50] [SIM4G] Init step failed: AT
[2026-03-18 18:33:54] [SIM4G] URC: RDY (rebootCount=1)
[2026-03-18 18:33:54] [SIM4G] Modem reboot detected, retrying in 15s
[2026-03-18 18:33:54] [SIM4G] URC: +CFUN: 1
[2026-03-18 18:33:55] [SIM4G] URC: +CPIN: NOT READY
[2026-03-18 18:33:56] ADS value: 0.00
[2026-03-18 18:33:56] Robot online
[2026-03-18 18:33:56] Ver: 412
[2026-03-18 18:35:12] [SIM4G] Starting non-blocking modem init
[2026-03-18 18:35:14] [SIM4G] CMD: AT
[2026-03-18 18:35:16] [SIM4G] RSP: AT | OK |
[2026-03-18 18:35:18] [SIM4G] CMD: AT+CMEE=2
[2026-03-18 18:35:20] [SIM4G] RSP: AT+CMEE=2 | OK |
[2026-03-18 18:35:21] ADS value: 0.00
[2026-03-18 18:35:21] Robot online
[2026-03-18 18:38:29] ADS value: 0.00
[2026-03-18 18:38:30] Robot online
[2026-03-18 18:38:30] Ver: 412
[2026-03-18 18:38:32] [SIM4G] URC: RDY (rebootCount=1)
[2026-03-18 18:38:32] [SIM4G] Modem reboot detected, retrying in 15s
[2026-03-18 18:38:32] [SIM4G] URC: +CFUN: 1
[2026-03-18 18:38:33] [SIM4G] URC: +CPIN: NOT READY
[2026-03-18 18:38:45] ADS value: 0.00
[2026-03-18 18:38:45] Robot online
[2026-03-18 18:38:46] Ver: 412
[2026-03-18 18:38:49] [SIM4G] Retrying SIM bring-up
[2026-03-18 18:38:51] [SIM4G] CMD: AT
[2026-03-18 18:38:53] [SIM4G] RSP: AT | OK |
[2026-03-18 18:38:55] [SIM4G] CMD: AT+CMEE=2
[2026-03-18 18:38:57] [SIM4G] RSP: AT+CMEE=2 | OK |
[2026-03-18 18:38:58] ADS value: 0.00
[2026-03-18 18:38:58] Robot online
[2026-03-18 18:38:58] Ver: 412
[2026-03-18 18:39:00] [SIM4G] CMD: AT+CFUN=1
[2026-03-18 18:39:02] [SIM4G] RSP: AT+CFUN=1 | OK |
[2026-03-18 18:39:04] [SIM4G] CMD: AT+CPIN?
[2026-03-18 18:39:06] [SIM4G] RSP: AT+CPIN? | +CME ERROR: SIM not inserted |
[2026-03-18 18:39:06] [SIM4G] Modem error response
[2026-03-18 18:39:06] [SIM4G] Init step failed: AT+CPIN?
[2026-03-18 18:39:09] ADS value: 0.00
[2026-03-18 18:39:09] Robot online
[2026-03-18 18:39:10] Ver: 412
[2026-03-18 18:39:20] ADS value: 0.00
[2026-03-18 18:39:20] Robot online
[2026-03-18 18:39:21] Ver: 412
[2026-03-18 18:39:22] [SIM4G] Retrying SIM bring-up
[2026-03-18 18:39:24] [SIM4G] CMD: AT
[2026-03-18 18:39:26] [SIM4G] RSP: AT | OK |
[2026-03-18 18:39:28] [SIM4G] CMD: AT+CMEE=2
[2026-03-18 18:39:30] [SIM4G] RSP: AT+CMEE=2 | OK |
[2026-03-18 18:39:31] ADS value: 0.00
[2026-03-18 18:39:32] Robot online
[2026-03-18 18:39:32] Ver: 412
[2026-03-18 18:39:34] [SIM4G] CMD: AT+CFUN=1
[2026-03-18 18:39:36] [SIM4G] RSP: AT+CFUN=1 | OK |
[2026-03-18 18:39:38] [SIM4G] CMD: AT+CPIN?
[2026-03-18 18:39:40] [SIM4G] RSP: AT+CPIN? | +CME ERROR: SIM not inserted |
[2026-03-18 18:39:40] [SIM4G] Modem error response
[2026-03-18 18:39:40] [SIM4G] Init step failed: AT+CPIN?
[2026-03-18 18:39:43] ADS value: 0.00
[2026-03-18 18:39:43] Robot online
[2026-03-18 18:39:44] Ver: 412
[2026-03-18 18:39:54] ADS value: 0.00
[2026-03-18 18:39:54] Robot online
[2026-03-18 18:39:55] Ver: 412
[2026-03-18 18:39:56] [SIM4G] Retrying SIM bring-up
[2026-03-18 18:39:58] [SIM4G] CMD: AT
[2026-03-18 18:40:00] [SIM4G] RSP: AT | OK |
[2026-03-18 18:40:02] [SIM4G] CMD: AT+CMEE=2
[2026-03-18 18:40:04] [SIM4G] RSP: AT+CMEE=2 | OK |
[2026-03-18 18:40:05] ADS value: 0.00
[2026-03-18 18:40:05] Robot online
[2026-03-18 18:40:06] Ver: 412
[2026-03-18 18:40:07] [SIM4G] CMD: AT+CFUN=1
[2026-03-18 18:40:09] [SIM4G] RSP: AT+CFUN=1 | OK |
[2026-03-18 18:40:11] [SIM4G] CMD: AT+CPIN?
[2026-03-18 18:40:13] [SIM4G] RSP: AT+CPIN? | +CME ERROR: SIM not inserted |
[2026-03-18 18:40:13] [SIM4G] Modem error response
[2026-03-18 18:40:14] [SIM4G] Init step failed: AT+CPIN?
[2026-03-18 18:40:16] ADS value: 0.00
[2026-03-18 18:40:17] Robot online
[2026-03-18 18:40:17] Ver: 412
[2026-03-18 18:40:27] ADS value: 0.00
[2026-03-18 18:40:28] Robot online
[2026-03-18 18:40:28] Ver: 412
[2026-03-18 18:40:29] [SIM4G] Retrying SIM bring-up
[2026-03-18 18:40:31] [SIM4G] CMD: AT
[2026-03-18 18:40:34] [SIM4G] RSP: AT | OK |
[2026-03-18 18:40:36] [SIM4G] CMD: AT+CMEE=2
[2026-03-18 18:40:40] [SIM4G] RSP: AT+CMEE=2 | OK |
[2026-03-18 18:40:41] ADS value: 0.00
[2026-03-18 18:40:42] Robot online
[2026-03-18 18:40:43] Ver: 412
[2026-03-18 18:40:44] [SIM4G] CMD: AT+CFUN=1
[2026-03-18 18:40:55] ADS value: 0.00
[2026-03-18 18:40:55] Robot online
[2026-03-18 18:40:56] Ver: 412
[2026-03-18 18:40:57] [SIM4G] CMD: AT+CPIN?
[2026-03-18 18:40:59] [SIM4G] RSP: AT+CPIN? | +CME ERROR: SIM not inserted |
[2026-03-18 18:40:59] [SIM4G] Modem error response
[2026-03-18 18:41:00] [SIM4G] Init step failed: AT+CPIN?
[2026-03-18 18:41:07] ADS value: 0.00
[2026-03-18 18:41:08] Robot online
[2026-03-18 18:41:08] Ver: 412
[2026-03-18 18:41:16] [SIM4G] Retrying SIM bring-up
[2026-03-18 18:41:18] [SIM4G] CMD: AT
[2026-03-18 18:41:19] ADS value: 0.00
[2026-03-18 18:41:20] Robot online
[2026-03-18 18:41:20] Ver: 412
[2026-03-18 18:41:21] [SIM4G] RSP: AT | OK |
[2026-03-18 18:41:24] [SIM4G] CMD: AT+CMEE=2
[2026-03-18 18:41:25] [SIM4G] RSP: AT+CMEE=2 | OK |
[2026-03-18 18:41:28] [SIM4G] CMD: AT+CFUN=1
[2026-03-18 18:41:29] [SIM4G] RSP: AT+CFUN=1 | OK |
[2026-03-18 18:41:30] ADS value: 0.00
[2026-03-18 18:41:31] Robot online
[2026-03-18 18:41:31] Ver: 412
[2026-03-18 18:41:33] [SIM4G] CMD: AT+CPIN?
[2026-03-18 18:41:35] [SIM4G] RSP: AT+CPIN? | +CME ERROR: SIM not inserted |
[2026-03-18 18:41:35] [SIM4G] Modem error response
[2026-03-18 18:41:35] [SIM4G] Init step failed: AT+CPIN?
[2026-03-18 18:41:56] Ver: 412
[2026-03-18 18:41:58] [SIM4G] Retrying SIM bring-up
[2026-03-18 18:42:00] [SIM4G] CMD: AT
[2026-03-18 18:42:02] [SIM4G] RSP: AT | OK |
[2026-03-18 18:42:04] [SIM4G] CMD: AT+CMEE=2
[2026-03-18 18:42:06] [SIM4G] RSP: AT+CMEE=2 | OK |
[2026-03-18 18:42:07] ADS value: 0.00
[2026-03-18 18:42:07] Robot online
[2026-03-18 18:42:07] Ver: 412
[2026-03-18 18:42:09] [SIM4G] CMD: AT+CFUN=1
[2026-03-18 18:42:11] [SIM4G] RSP: AT+CFUN=1 | OK |
[2026-03-18 18:42:13] [SIM4G] CMD: AT+CPIN?
[2026-03-18 18:42:18] [SIM4G] Modem rebooted during command
[2026-03-18 18:42:19] [SIM4G] URC: RDY (rebootCount=2)
[2026-03-18 18:42:19] [SIM4G] Modem reboot detected, retrying in 15s
[2026-03-18 18:42:19] [SIM4G] URC: +CFUN: 1
[2026-03-18 18:42:20] [SIM4G] URC: +CPIN: NOT READY
[2026-03-18 18:42:21] ADS value: 0.00
[2026-03-18 18:42:21] Robot online
[2026-03-18 18:42:21] Ver: 412
[2026-03-18 18:42:33] ADS value: 0.00
[2026-03-18 18:42:33] Robot online
[2026-03-18 18:42:33] Ver: 412
[2026-03-18 18:42:35] [SIM4G] Retrying SIM bring-up
[2026-03-18 18:42:37] [SIM4G] CMD: AT
[2026-03-18 18:42:41] [SIM4G] RSP: <empty>
[2026-03-18 18:42:41] [SIM4G] Command timeout
[2026-03-18 18:42:41] [SIM4G] Init step failed: AT
[2026-03-18 18:42:44] [SIM4G] URC: RDY (rebootCount=3)
[2026-03-18 18:42:44] [SIM4G] Modem reboot detected, retrying in 15s
[2026-03-18 18:42:44] [SIM4G] URC: +CFUN: 1
[2026-03-18 18:42:48] [SIM4G] URC: +CPIN: NOT READY
[2026-03-18 18:42:49] ADS value: 0.00
[2026-03-18 18:42:49] Robot online
[2026-03-18 18:42:53] Ver: 412
[2026-03-18 18:43:00] [SIM4G] Retrying SIM bring-up
[2026-03-18 18:43:01] ADS value: 0.00
[2026-03-18 18:43:01] Robot online
[2026-03-18 18:43:02] Ver: 412
[2026-03-18 18:43:03] [SIM4G] CMD: AT
[2026-03-18 18:43:05] [SIM4G] RSP: AT | OK |
[2026-03-18 18:43:07] [SIM4G] CMD: AT+CMEE=2
[2026-03-18 18:43:09] [SIM4G] RSP: AT+CMEE=2 | OK |
[2026-03-18 18:43:11] [SIM4G] CMD: AT+CFUN=1
[2026-03-18 18:43:12] ADS value: 0.00
[2026-03-18 18:43:13] Robot online
[2026-03-18 18:43:13] Ver: 412
[2026-03-18 18:43:14] [SIM4G] RSP: AT+CFUN=1 | OK |
[2026-03-18 18:43:16] [SIM4G] CMD: AT+CPIN?
[2026-03-18 18:43:18] [SIM4G] RSP: AT+CPIN? | +CME ERROR: SIM not inserted |
[2026-03-18 18:43:19] [SIM4G] Modem error response
[2026-03-18 18:43:19] [SIM4G] Init step failed: AT+CPIN?
[2026-03-18 18:43:25] ADS value: 0.00
[2026-03-18 18:43:25] Robot online
[2026-03-18 18:43:25] Ver: 412
[2026-03-18 18:43:35] [SIM4G] Retrying SIM bring-up
[2026-03-18 18:43:36] ADS value: 0.00
[2026-03-18 18:43:36] Robot online
[2026-03-18 18:43:37] Ver: 412
[2026-03-18 18:43:38] [SIM4G] CMD: AT
[2026-03-18 18:43:40] [SIM4G] RSP: AT | OK |
[2026-03-18 18:43:42] [SIM4G] CMD: AT+CMEE=2
[2026-03-18 18:43:44] [SIM4G] RSP: AT+CMEE=2 | OK |
[2026-03-18 18:43:46] [SIM4G] CMD: AT+CFUN=1
[2026-03-18 18:43:47] ADS value: 0.00
[2026-03-18 18:43:48] Robot online
[2026-03-18 18:43:48] Ver: 412
[2026-03-18 18:43:49] [SIM4G] RSP: AT+CFUN=1 | OK |
[2026-03-18 18:43:52] [SIM4G] CMD: AT+CPIN?
[2026-03-18 18:43:53] [SIM4G] RSP: AT+CPIN? | +CME ERROR: SIM not inserted |
[2026-03-18 18:43:54] [SIM4G] Modem error response
[2026-03-18 18:43:57] [SIM4G] Init step failed: AT+CPIN?
[2026-03-18 18:44:04] ADS value: 0.00
[2026-03-18 18:44:05] Robot online
[2026-03-18 18:44:05] Ver: 412
[2026-03-18 18:44:19] [SIM4G] Retrying SIM bring-up
[2026-03-18 18:44:29] ADS value: 0.00
[2026-03-18 18:44:29] Robot online
[2026-03-18 18:44:29] Ver: 412
[2026-03-18 18:44:29] [SIM4G] CMD: AT
[2026-03-18 18:44:31] [SIM4G] URC: RDY (rebootCount=4)
[2026-03-18 18:44:31] [SIM4G] Modem reboot detected, retrying in 15s
[2026-03-18 18:44:31] [SIM4G] URC: +CFUN: 1
[2026-03-18 18:44:32] [SIM4G] URC: +CPIN: NOT READY
[2026-03-18 18:44:38] ADS value: 0.00
[2026-03-18 18:44:38] Robot online
[2026-03-18 18:44:38] Ver: 412
[2026-03-18 18:44:47] [SIM4G] Retrying SIM bring-up
[2026-03-18 18:44:49] [SIM4G] CMD: AT
[2026-03-18 18:44:50] ADS value: 0.00
[2026-03-18 18:44:51] Robot online
[2026-03-18 18:44:51] Ver: 412
[2026-03-18 18:44:52] [SIM4G] RSP: AT | OK |
[2026-03-18 18:44:54] [SIM4G] CMD: AT+CMEE=2
[2026-03-18 18:44:57] [SIM4G] RSP: AT+CMEE=2 | OK |
[2026-03-18 18:44:58] [SIM4G] CMD: AT+CFUN=1
[2026-03-18 18:45:01] [SIM4G] RSP: AT+CFUN=1 | OK |
[2026-03-18 18:45:01] ADS value: 0.00
[2026-03-18 18:45:02] Robot online
[2026-03-18 18:45:02] Ver: 412
[2026-03-18 18:45:03] [SIM4G] CMD: AT+CPIN?
[2026-03-18 18:45:05] [SIM4G] RSP: AT+CPIN? | +CME ERROR: SIM not inserted |
[2026-03-18 18:45:06] [SIM4G] Modem error response
[2026-03-18 18:45:06] [SIM4G] Init step failed: AT+CPIN?
[2026-03-18 18:45:15] ADS value: 0.00
[2026-03-18 18:45:15] Robot online
[2026-03-18 18:45:16] Ver: 412
[2026-03-18 18:45:22] [SIM4G] Retrying SIM bring-up
[2026-03-18 18:45:24] [SIM4G] CMD: AT
[2026-03-18 18:45:26] [SIM4G] RSP: AT | OK |
[2026-03-18 18:45:28] ADS value: 0.00
[2026-03-18 18:45:28] Robot online
[2026-03-18 18:45:29] Ver: 412
[2026-03-18 18:45:30] [SIM4G] CMD: AT+CMEE=2
[2026-03-18 18:45:32] [SIM4G] RSP: AT+CMEE=2 | OK |
[2026-03-18 18:45:34] [SIM4G] CMD: AT+CFUN=1
[2026-03-18 18:46:11] [SIM4G] RSP: AT | OK |
[2026-03-18 18:46:11] [SIM4G] CMD: AT+CMEE=2
[2026-03-18 18:46:12] ADS value: 0.00
[2026-03-18 18:46:12] Robot online
[2026-03-18 18:46:12] Ver: 412
[2026-03-18 18:46:14] [SIM4G] RSP: AT+CMEE=2 | OK |
[2026-03-18 18:46:16] [SIM4G] CMD: AT+CFUN=1
[2026-03-18 18:46:26] [SIM4G] RSP: AT+CFUN=1 | OK |
[2026-03-18 18:46:30] ADS value: 0.00
[2026-03-18 18:46:30] Robot online
[2026-03-18 18:46:31] Ver: 412
[2026-03-18 18:46:35] [SIM4G] CMD: AT+CPIN?
[2026-03-18 18:46:37] [SIM4G] RSP: AT+CPIN? | +CME ERROR: SIM not inserted |
[2026-03-18 18:46:38] [SIM4G] Modem error response
[2026-03-18 18:46:38] [SIM4G] Init step failed: AT+CPIN?
[2026-03-18 18:46:50] ADS value: 0.00
[2026-03-18 18:46:50] Robot online
[2026-03-18 18:47:08] ADS value: 0.00
[2026-03-18 18:47:09] Robot online
[2026-03-18 18:47:09] Ver: 412
[2026-03-18 18:47:14] [SIM4G] CMD: AT
[2026-03-18 18:47:35] Ver: 412
[2026-03-18 18:47:35] [SIM4G] RSP: AT | OK |
[2026-03-18 18:47:35] ADS value: 0.00
[2026-03-18 18:47:35] Robot online
[2026-03-18 18:47:35] Ver: 412
[2026-03-18 18:47:35] [SIM4G] CMD: AT+CMEE=2
[2026-03-18 18:47:35] [SIM4G] RSP: AT+CMEE=2 | OK |
[2026-03-18 18:47:37] [SIM4G] CMD: AT+CFUN=1
[2026-03-18 18:47:38] ADS value: 0.00
[2026-03-18 18:47:38] Robot online
[2026-03-18 18:47:38] Ver: 412
[2026-03-18 18:47:43] [SIM4G] RSP: AT+CFUN=1 | OK |
[2026-03-18 18:47:46] [SIM4G] CMD: AT+CPIN?
[2026-03-18 18:48:10] ADS value: 0.00
[2026-03-18 18:48:10] Robot online
[2026-03-18 18:48:15] Ver: 412
[2026-03-18 18:48:15] [SIM4G] Starting non-blocking modem init
[2026-03-18 18:48:17] [SIM4G] CMD: AT
[2026-03-18 18:48:36] [SIM4G] RSP: AT | OK |
