[2026-04-19 12:06:08] [00006s] [WIFI] Connected! IP: 10.77.144.42 MAC: EC:E3:34:19:76:98
[2026-04-19 12:06:13] [00008s] [INFO] Node Online: Auto-Started Data Collection
[2026-04-19 12:06:13] [00011s] [DATA] VOC: 0.57V
[2026-04-19 12:06:13] [00012s] [DATA] CO: 0 ppm
[2026-04-19 12:06:14] [00013s] [DATA] CO: 0 ppm
[2026-04-19 12:06:14] [00014s] [DATA] CO: 0 ppm
[2026-04-19 12:06:15] [00014s] [DATA] CO: 0 ppm
[2026-04-19 12:06:16] [00015s] [DATA] CO: 0 ppm
[2026-04-19 12:06:17] [00016s] [DATA] CO: 0 ppm
[2026-04-19 12:06:17] [00017s] [DATA] CO: 0 ppm
[2026-04-19 12:06:18] [00017s] [DATA] CO: 0 ppm
[2026-04-19 12:06:19] [00018s] [DATA] CO: 0 ppm
[2026-04-19 12:06:20] [00019s] [DATA] CO: 0 ppm
[2026-04-19 12:06:21] [00020s] [DATA] CO: 0 ppm
[2026-04-19 12:06:21] [00021s] [DATA] CO: 0 ppm
[2026-04-19 12:06:22] [00021s] [DATA] CO: 0 ppm
[2026-04-19 12:06:23] [00022s] [DATA] CO: 0 ppm
[2026-04-19 12:06:23] [00023s] [DATA] CO: 0 ppm
[2026-04-19 12:06:24] [00023s] [DATA] CO: 0 ppm
[2026-04-19 12:06:24] [00024s] [DATA] CO: 0 ppm
[2026-04-19 12:06:25] [00024s] [DATA] CO: 0 ppm
[2026-04-19 12:06:26] [00025s] [DATA] CO: 0 ppm
[2026-04-19 12:06:27] [00026s] [DATA] CO: 0 ppm
[2026-04-19 12:06:28] [00027s] [DATA] CO: 0 ppm
[2026-04-19 12:06:28] [00027s] [DATA] CO: 0 ppm
[2026-04-19 12:06:29] [00028s] [DATA] CO: 0 ppm
[2026-04-19 12:06:30] [00029s] [DATA] CO: 0 ppm
[2026-04-19 12:06:30] [00030s] [DATA] CO: 0 ppm
[2026-04-19 12:06:31] [00030s] [DATA] CO: 0 ppm
[2026-04-19 12:06:32] [00031s] [DATA] CO: 0 ppm
[2026-04-19 12:06:32] [00032s] [DATA] CO: 0 ppm
[2026-04-19 12:06:33] [00032s] [DATA] CO: 0 ppm
[2026-04-19 12:06:34] [00033s] [DATA] CO: 0 ppm
[2026-04-19 12:06:34] [00034s] [DATA] CO: 0 ppm
[2026-04-19 12:06:35] [00034s] [DATA] CO: 0 ppm
[2026-04-19 12:06:36] [00035s] [DATA] CO: 0 ppm
[2026-04-19 12:06:36] [00036s] [DATA] CO: 0 ppm
[2026-04-19 12:06:37] [00036s] [DATA] CO: 0 ppm
[2026-04-19 12:06:38] [00037s] [DATA] CO: 0 ppm
[2026-04-19 12:06:38] [00037s] [DATA] CO: 0 ppm
[2026-04-19 12:06:40] [00039s] [DATA] CO2: 498 ppm
[2026-04-19 12:06:40] [00039s] [DATA] VOC: 0.53V
[2026-04-19 12:06:41] [00040s] [DATA] CO: 0 ppm
[2026-04-19 12:06:41] [00041s] [DATA] CO: 0 ppm
[2026-04-19 12:06:42] [00041s] [DATA] CO: 0 ppm
[2026-04-19 12:06:43] [00042s] [DATA] CO: 0 ppm
[2026-04-19 12:06:43] [00043s] [DATA] CO: 0 ppm
[2026-04-19 12:06:45] [00044s] [DATA] CO2: 498 ppm
[2026-04-19 12:06:45] [00045s] [DATA] VOC: 0.57V
[2026-04-19 12:06:46] [00045s] [DATA] CO: 0 ppm
[2026-04-19 12:06:47] [00046s] [DATA] CO: 0 ppm
[2026-04-19 12:06:47] [00046s] [DATA] CO: 0 ppm
[2026-04-19 12:06:48] [00047s] [DATA] CO: 0 ppm
[2026-04-19 12:06:49] [00048s] [DATA] CO: 0 ppm
[2026-04-19 12:06:49] [00048s] [DATA] CO: 0 ppm
[2026-04-19 12:06:51] [00050s] [DATA] CO2: 498 ppm
[2026-04-19 12:06:51] [00051s] [DATA] VOC: 0.56V
[2026-04-19 12:06:53] [00051s] [DATA] CO: 0 ppm
[2026-04-19 12:06:54] [00053s] [DATA] CO: 0 ppm
[2026-04-19 12:06:55] [00054s] [DATA] CO: 0 ppm
[2026-04-19 12:06:56] [00055s] [DATA] CO: 0 ppm
[2026-04-19 12:06:56] [00056s] [DATA] CO: 0 ppm
[2026-04-19 12:06:57] [00056s] [DATA] CO: 0 ppm
[2026-04-19 12:06:57] [00057s] [DATA] CO: 0 ppm
[2026-04-19 12:06:58] [00057s] [DATA] CO: 0 ppm
[2026-04-19 12:06:59] [00058s] [DATA] CO: 0 ppm
[2026-04-19 12:06:59] [00059s] [DATA] CO: 0 ppm
[2026-04-19 12:07:00] [00059s] [DATA] CO: 0 ppm
[2026-04-19 12:07:02] [00061s] [DATA] CO2: 498 ppm
[2026-04-19 12:07:02] [00062s] [DATA] VOC: 0.55V
[2026-04-19 12:07:03] [00062s] [DATA] CO: 0 ppm
[2026-04-19 12:07:04] [00063s] [DATA] CO: 0 ppm
[2026-04-19 12:07:05] [00064s] [DATA] CO: 0 ppm
[2026-04-19 12:07:05] [00064s] [DATA] CO: 0 ppm
[2026-04-19 12:07:06] [00065s] [DATA] CO: 0 ppm
[2026-04-19 12:07:06] [00066s] [DATA] CO: 0 ppm
[2026-04-19 12:07:07] [00066s] [DATA] CO: 0 ppm
[2026-04-19 12:07:09] [00068s] [DATA] CO2: 498 ppm
[2026-04-19 12:07:10] [00069s] [DATA] VOC: 0.56V
[2026-04-19 12:07:10] [00069s] [DATA] CO: 0 ppm
[2026-04-19 12:07:11] [00070s] [DATA] CO: 0 ppm
[2026-04-19 12:07:12] [00071s] [DATA] CO: 0 ppm
[2026-04-19 12:07:12] [00072s] [DATA] CO: 0 ppm
[2026-04-19 12:07:13] [00072s] [DATA] CO: 0 ppm
[2026-04-19 12:07:14] [00073s] [DATA] CO: 0 ppm
[2026-04-19 12:07:14] [00073s] [DATA] CO: 0 ppm
[2026-04-19 12:07:16] [00075s] [DATA] CO2: 498 ppm
[2026-04-19 12:07:16] [00076s] [DATA] VOC: 0.53V
[2026-04-19 12:07:17] [00076s] [DATA] CO: 0 ppm
[2026-04-19 12:07:18] [00077s] [DATA] CO: 0 ppm
[2026-04-19 12:07:18] [00077s] [DATA] CO: 0 ppm
[2026-04-19 12:07:19] [00078s] [DATA] CO: 0 ppm
[2026-04-19 12:07:20] [00079s] [DATA] CO: 0 ppm
[2026-04-19 12:07:20] [00080s] [DATA] CO: 0 ppm
[2026-04-19 12:07:21] [00080s] [DATA] CO: 0 ppm
[2026-04-19 12:07:22] [00081s] [DATA] CO: 0 ppm
[2026-04-19 12:07:23] [00083s] [DATA] CO2: 572 ppm
[2026-04-19 12:07:24] [00083s] [DATA] VOC: 0.52V
[2026-04-19 12:07:25] [00084s] [DATA] CO: 0 ppm
[2026-04-19 12:07:25] [00084s] [DATA] CO: 0 ppm
[2026-04-19 12:07:26] [00085s] [DATA] CO: 0 ppm
[2026-04-19 12:07:26] [00085s] [DATA] CO: 0 ppm
[2026-04-19 12:07:27] [00086s] [DATA] CO2: 573 ppm
[2026-04-19 12:07:27] [00087s] [DATA] VOC: 0.54V
[2026-04-19 12:07:28] [00087s] [DATA] CO: 0 ppm
[2026-04-19 12:07:29] [00088s] [DATA] CO: 0 ppm
[2026-04-19 12:07:30] [00089s] [DATA] CO: 0 ppm
[2026-04-19 12:07:30] [00090s] [DATA] CO: 0 ppm
[2026-04-19 12:07:32] [00091s] [DATA] CO2: 554 ppm
[2026-04-19 12:07:32] [00092s] [DATA] VOC: 0.58V
[2026-04-19 12:07:34] [00092s] [DATA] CO: 0 ppm
[2026-04-19 12:07:35] [00094s] [DATA] CO: 0 ppm
[2026-04-19 12:07:36] [00095s] [DATA] CO: 0 ppm
[2026-04-19 12:07:37] [00096s] [DATA] CO: 0 ppm
[2026-04-19 12:07:37] [00097s] [DATA] CO: 0 ppm
[2026-04-19 12:07:38] [00097s] [DATA] CO: 0 ppm
[2026-04-19 12:07:39] [00098s] [DATA] CO: 0 ppm
[2026-04-19 12:07:39] [00098s] [DATA] CO: 0 ppm
[2026-04-19 12:07:40] [00099s] [DATA] CO: 0 ppm
[2026-04-19 12:07:40] [00100s] [DATA] CO: 0 ppm
[2026-04-19 12:07:42] [00101s] [DATA] CO2: 562 ppm
[2026-04-19 12:07:42] [00102s] [DATA] VOC: 0.56V
[2026-04-19 12:07:43] [00102s] [DATA] CO: 0 ppm
[2026-04-19 12:07:44] [00103s] [DATA] CO: 0 ppm
[2026-04-19 12:07:44] [00104s] [DATA] CO: 0 ppm
[2026-04-19 12:07:45] [00104s] [DATA] CO: 0 ppm
[2026-04-19 12:07:46] [00105s] [DATA] CO: 0 ppm
[2026-04-19 12:07:50] [00106s] [DATA] CO: 0 ppm
[2026-04-19 12:07:50] [00107s] [DATA] CO: 0 ppm
[2026-04-19 12:07:50] [00108s] [DATA] CO: 0 ppm
[2026-04-19 12:07:51] [00110s] [DATA] CO: 0 ppm
[2026-04-19 12:07:51] [00111s] [DATA] CO: 0 ppm
[2026-04-19 12:07:52] [00111s] [DATA] CO: 0 ppm
[2026-04-19 12:07:53] [00112s] [DATA] CO: 0 ppm
[2026-04-19 12:07:53] [00112s] [DATA] CO: 0 ppm
[2026-04-19 12:07:57] [00117s] [DATA] CO2: 562 ppm
[2026-04-19 12:07:58] [00117s] [DATA] VOC: 0.52V
[2026-04-19 12:07:59] [00118s] [DATA] CO: 0 ppm
[2026-04-19 12:07:59] [00119s] [DATA] CO: 0 ppm
[2026-04-19 12:08:00] [00119s] [DATA] CO: 0 ppm
[2026-04-19 12:08:01] [00120s] [DATA] CO: 0 ppm
[2026-04-19 12:08:01] [00120s] [DATA] CO: 0 ppm
[2026-04-19 12:08:02] [00121s] [DATA] CO: 0 ppm
[2026-04-19 12:08:02] [00121s] [DATA] CO: 0 ppm
[2026-04-19 12:08:03] [00122s] [DATA] CO: 0 ppm
[2026-04-19 12:08:04] [00123s] [DATA] CO: 0 ppm
[2026-04-19 12:08:05] [00124s] [DATA] CO: 0 ppm
[2026-04-19 12:08:06] [00125s] [DATA] CO: 0 ppm
[2026-04-19 12:08:06] [00125s] [DATA] CO: 0 ppm
[2026-04-19 12:08:07] [00126s] [DATA] CO: 0 ppm
[2026-04-19 12:08:07] [00127s] [DATA] CO: 0 ppm
[2026-04-19 12:08:08] [00127s] [DATA] CO: 0 ppm
[2026-04-19 12:08:10] [00129s] [DATA] CO2: 543 ppm
[2026-04-19 12:08:10] [00130s] [DATA] VOC: 0.55V
[2026-04-19 12:08:11] [00130s] [DATA] CO: 0 ppm
[2026-04-19 12:08:12] [00131s] [DATA] CO: 0 ppm
[2026-04-19 12:08:13] [00132s] [DATA] CO: 0 ppm
[2026-04-19 12:08:13] [00132s] [DATA] CO: 0 ppm
[2026-04-19 12:08:14] [00133s] [DATA] CO: 0 ppm
[2026-04-19 12:08:14] [00134s] [DATA] CO: 0 ppm
[2026-04-19 12:08:15] [00134s] [DATA] CO: 0 ppm
[2026-04-19 12:08:16] [00136s] [DATA] CO2: 543 ppm
[2026-04-19 12:08:17] [00137s] [DATA] VOC: 0.52V
[2026-04-19 12:08:18] [00137s] [DATA] CO: 0 ppm
[2026-04-19 12:08:19] [00138s] [DATA] CO: 0 ppm
[2026-04-19 12:08:19] [00138s] [DATA] CO: 0 ppm
[2026-04-19 12:08:20] [00139s] [DATA] CO: 0 ppm
[2026-04-19 12:08:20] [00140s] [DATA] CO: 0 ppm
[2026-04-19 12:08:22] [00141s] [DATA] CO2: 530 ppm
[2026-04-19 12:08:23] [00142s] [DATA] VOC: 0.55V
[2026-04-19 12:08:24] [00143s] [DATA] CO: 0 ppm
[2026-04-19 12:08:24] [00144s] [DATA] CO: 0 ppm
[2026-04-19 12:08:25] [00144s] [DATA] CO: 0 ppm
[2026-04-19 12:08:26] [00145s] [DATA] CO: 0 ppm
[2026-04-19 12:08:27] [00146s] [DATA] CO: 0 ppm
[2026-04-19 12:08:27] [00147s] [DATA] CO: 0 ppm
[2026-04-19 12:08:28] [00147s] [DATA] CO: 0 ppm
[2026-04-19 12:08:29] [00148s] [DATA] CO: 0 ppm
[2026-04-19 12:08:29] [00149s] [DATA] CO: 0 ppm
[2026-04-19 12:08:31] [00150s] [DATA] CO2: 537 ppm
[2026-04-19 12:08:32] [00151s] [DATA] VOC: 0.56V
[2026-04-19 12:08:33] [00152s] [DATA] CO: 0 ppm
[2026-04-19 12:08:33] [00153s] [DATA] CO: 0 ppm
[2026-04-19 12:08:34] [00153s] [DATA] CO: 0 ppm
[2026-04-19 12:08:34] [00154s] [DATA] CO: 0 ppm
[2026-04-19 12:08:35] [00154s] [DATA] CO: 0 ppm
[2026-04-19 12:08:36] [00155s] [DATA] CO: 0 ppm
[2026-04-19 12:08:36] [00156s] [DATA] CO: 0 ppm
[2026-04-19 12:08:38] [00157s] [DATA] CO2: 513 ppm
[2026-04-19 12:08:38] [00158s] [DATA] VOC: 0.52V
[2026-04-19 12:08:39] [00158s] [DATA] CO: 0 ppm
[2026-04-19 12:08:40] [00159s] [DATA] CO: 0 ppm
[2026-04-19 12:08:40] [00159s] [DATA] CO: 0 ppm
[2026-04-19 12:08:41] [00160s] [DATA] CO: 0 ppm
[2026-04-19 12:08:42] [00161s] [DATA] CO: 0 ppm
[2026-04-19 12:08:49] [00162s] [DATA] CO: 0 ppm
[2026-04-19 12:08:49] [00164s] [DATA] CO: 0 ppm
[2026-04-19 12:08:49] [00166s] [DATA] CO: 0 ppm
[2026-04-19 12:08:49] [00167s] [DATA] CO: 0 ppm
[2026-04-19 12:08:51] [00169s] [DATA] CO: 0 ppm
[2026-04-19 12:08:51] [00170s] [DATA] CO: 0 ppm
[2026-04-19 12:08:52] [00171s] [DATA] CO: 0 ppm
[2026-04-19 12:08:53] [00172s] [DATA] CO: 0 ppm
[2026-04-19 12:08:54] [00173s] [DATA] CO: 0 ppm
[2026-04-19 12:08:55] [00174s] [DATA] CO: 0 ppm
[2026-04-19 12:08:55] [00174s] [DATA] CO: 0 ppm
[2026-04-19 12:08:56] [00175s] [DATA] CO: 11 ppm
[2026-04-19 12:08:57] [00176s] [DATA] CO: 12 ppm
[2026-04-19 12:08:58] [00177s] [DATA] CO: 12 ppm
[2026-04-19 12:08:58] [00178s] [DATA] CO: 12 ppm
[2026-04-19 12:08:59] [00178s] [DATA] CO: 13 ppm
[2026-04-19 12:08:59] [00179s] [DATA] CO: 12 ppm
[2026-04-19 12:09:00] [00180s] [DATA] CO: 11 ppm
[2026-04-19 12:09:01] [00180s] [DATA] CO: 12 ppm
[2026-04-19 12:09:02] [00181s] [DATA] CO: 14 ppm
[2026-04-19 12:09:02] [00182s] [DATA] CO: 13 ppm
[2026-04-19 12:09:06] [00186s] [DATA] CO2: 539 ppm
[2026-04-19 12:09:07] [00186s] [DATA] VOC: 0.56V
[2026-04-19 12:09:07] [00187s] [DATA] CO: 12 ppm
[2026-04-19 12:09:08] [00188s] [DATA] CO: 13 ppm
[2026-04-19 12:09:09] [00188s] [DATA] CO: 14 ppm
[2026-04-19 12:09:10] [00189s] [DATA] CO: 15 ppm
[2026-04-19 12:09:10] [00190s] [DATA] CO: 15 ppm
[2026-04-19 12:09:11] [00190s] [DATA] CO: 15 ppm
[2026-04-19 12:09:12] [00191s] [DATA] CO: 16 ppm
[2026-04-19 12:09:13] [00192s] [DATA] CO: 16 ppm
[2026-04-19 12:09:13] [00193s] [DATA] CO: 17 ppm
[2026-04-19 12:09:14] [00193s] [DATA] CO: 17 ppm
[2026-04-19 12:09:15] [00194s] [DATA] CO: 18 ppm
[2026-04-19 12:09:15] [00194s] [DATA] CO: 18 ppm
[2026-04-19 12:09:16] [00195s] [DATA] CO: 17 ppm
[2026-04-19 12:09:17] [00196s] [DATA] CO: 17 ppm
[2026-04-19 12:09:17] [00196s] [DATA] CO: 19 ppm
[2026-04-19 12:09:19] [00198s] [DATA] CO2: 510 ppm
[2026-04-19 12:09:20] [00199s] [DATA] VOC: 0.55V
[2026-04-19 12:09:20] [00200s] [DATA] CO: 18 ppm
[2026-04-19 12:09:21] [00200s] [DATA] CO: 17 ppm
[2026-04-19 12:09:22] [00201s] [DATA] CO: 17 ppm
[2026-04-19 12:09:22] [00202s] [DATA] CO: 17 ppm
[2026-04-19 12:09:23] [00202s] [DATA] CO: 16 ppm
[2026-04-19 12:09:23] [00203s] [DATA] CO: 16 ppm
[2026-04-19 12:09:25] [00204s] [DATA] CO2: 516 ppm
[2026-04-19 12:09:26] [00205s] [DATA] VOC: 0.55V
[2026-04-19 12:09:26] [00206s] [DATA] CO: 14 ppm
[2026-04-19 12:09:27] [00206s] [DATA] CO: 16 ppm
[2026-04-19 12:09:28] [00207s] [DATA] CO: 15 ppm
[2026-04-19 12:09:29] [00208s] [DATA] CO: 15 ppm
[2026-04-19 12:09:30] [00209s] [DATA] CO: 16 ppm
[2026-04-19 12:09:30] [00210s] [DATA] CO: 15 ppm
[2026-04-19 12:09:31] [00210s] [DATA] CO: 14 ppm
[2026-04-19 12:09:32] [00211s] [DATA] CO: 16 ppm
[2026-04-19 12:12:39] [00149s] [DATA] CO2: 526ppm | VOC: 0.52V | CO: 0ppm
[2026-04-19 12:12:41] [00155s] [DATA] CO2: 528ppm | VOC: 0.57V | CO: 0ppm
[2026-04-19 12:12:46] [00160s] [DATA] CO2: 528ppm | VOC: 0.53V | CO: 0ppm
[2026-04-19 12:12:55] [00165s] [DATA] CO2: 526ppm | VOC: 0.53V | CO: 0ppm
[2026-04-19 12:12:57] [00170s] [DATA] CO2: 526ppm | VOC: 0.60V | CO: 0ppm
[2026-04-19 12:13:02] [00175s] [DATA] CO2: 526ppm | VOC: 0.54V | CO: 0ppm
[2026-04-19 12:13:09] [00182s] [DATA] CO2: 529ppm | VOC: 0.57V | CO: 0ppm
[2026-04-19 12:13:14] [00187s] [DATA] CO2: 527ppm | VOC: 0.55V | CO: 0ppm
[2026-04-19 12:13:22] [00192s] [DATA] CO2: 528ppm | VOC: 0.55V | CO: 0ppm
[2026-04-19 12:13:27] [00197s] [DATA] CO2: 531ppm | VOC: 0.56V | CO: 0ppm
[2026-04-19 12:13:29] [00202s] [DATA] CO2: 537ppm | VOC: 0.53V | CO: 0ppm
[2026-04-19 12:13:37] [00210s] [DATA] CO2: 533ppm | VOC: 0.57V | CO: 0ppm
[2026-04-19 12:13:42] [00215s] [DATA] CO2: 571ppm | VOC: 0.55V | CO: 0ppm
[2026-04-19 12:13:48] [00220s] [DATA] CO2: 565ppm | VOC: 0.57V | CO: 0ppm
[2026-04-19 12:13:52] [00225s] [DATA] CO2: 566ppm | VOC: 0.60V | CO: 0ppm
[2026-04-19 12:13:57] [00230s] [DATA] CO2: 557ppm | VOC: 0.60V | CO: 0ppm
[2026-04-19 12:14:31] [00014s] [WIFI] Connected! MAC: EC:E3:34:19:76:98
[2026-04-19 12:14:31] [00015s] [INFO] Node Online: Auto-Started Data Collection
[2026-04-19 12:14:32] [00016s] [DATA] CO2: 529ppm | VOC: 0.58V | CO: 0ppm
[2026-04-19 12:14:37] [00021s] [DATA] CO2: 520ppm | VOC: 0.61V | CO: 0ppm
[2026-04-19 12:14:42] [00026s] [DATA] CO2: 525ppm | VOC: 0.61V | CO: 0ppm
[2026-04-19 12:14:47] [00031s] [DATA] CO2: 525ppm | VOC: 0.60V | CO: 0ppm
[2026-04-19 12:14:52] [00036s] [DATA] CO2: 528ppm | VOC: 0.61V | CO: 0ppm
[2026-04-19 12:14:57] [00041s] [DATA] CO2: 530ppm | VOC: 0.61V | CO: 0ppm
[2026-04-19 12:15:02] [00046s] [DATA] CO2: 532ppm | VOC: 0.61V | CO: 0ppm
[2026-04-19 12:15:17] [00060s] [DATA] CO2: 531ppm | VOC: 0.56V | CO: 0ppm
[2026-04-19 12:15:21] [00065s] [DATA] CO2: 526ppm | VOC: 0.56V | CO: 0ppm
[2026-04-19 12:15:29] [00070s] [DATA] CO2: 507ppm | VOC: 0.57V | CO: 0ppm
[2026-04-19 12:16:00] [00075s] [DATA] CO2: 514ppm | VOC: 0.56V | CO: 0ppm
[2026-04-19 12:16:00] [00080s] [DATA] CO2: 517ppm | VOC: 0.58V | CO: 0ppm
[2026-04-19 12:16:00] [00085s] [DATA] CO2: 504ppm | VOC: 0.56V | CO: 0ppm
[2026-04-19 12:16:00] [00090s] [DATA] CO2: 523ppm | VOC: 0.61V | CO: 0ppm
[2026-04-19 12:16:00] [00095s] [DATA] CO2: 524ppm | VOC: 0.56V | CO: 0ppm
[2026-04-19 12:16:02] [00106s] [DATA] CO2: 528ppm | VOC: 0.53V | CO: 0ppm
[2026-04-19 12:16:07] [00111s] [DATA] CO2: 528ppm | VOC: 0.53V | CO: 0ppm
[2026-04-19 12:16:12] [00116s] [DATA] CO2: 530ppm | VOC: 0.57V | CO: 0ppm
[2026-04-19 12:16:17] [00121s] [DATA] CO2: 528ppm | VOC: 0.56V | CO: 0ppm
[2026-04-19 12:16:22] [00126s] [DATA] CO2: 530ppm | VOC: 0.57V | CO: 0ppm
[2026-04-19 12:16:27] [00131s] [DATA] CO2: 531ppm | VOC: 0.56V | CO: 0ppm
[2026-04-19 12:16:32] [00136s] [DATA] CO2: 529ppm | VOC: 0.57V | CO: 0ppm
[2026-04-19 12:16:37] [00141s] [DATA] CO2: 533ppm | VOC: 0.57V | CO: 0ppm
[2026-04-19 12:17:52] [00003s] [WIFI] Connected! MAC: EC:E3:34:19:76:98
[2026-04-19 12:17:52] [00004s] [INFO] Node Online: Auto-Started Data Collection
[2026-04-19 12:17:53] [00005s] [DATA] CO2: 0ppm | VOC: 0.78V | CO: 0ppm
[2026-04-19 12:17:58] [00010s] [DATA] CO2: 0ppm | VOC: 0.71V | CO: 0ppm
[2026-04-19 12:18:03] [00015s] [DATA] CO2: 0ppm | VOC: 0.65V | CO: 0ppm
[2026-04-19 12:18:08] [00020s] [DATA] CO2: 498ppm | VOC: 0.63V | CO: 0ppm
[2026-04-19 12:18:13] [00025s] [DATA] CO2: 498ppm | VOC: 0.63V | CO: 0ppm
[2026-04-19 12:18:18] [00030s] [DATA] CO2: 498ppm | VOC: 0.62V | CO: 0ppm
[2026-04-19 12:18:23] [00035s] [DATA] CO2: 498ppm | VOC: 0.63V | CO: 0ppm
[2026-04-19 12:18:28] [00040s] [DATA] CO2: 498ppm | VOC: 0.58V | CO: 0ppm
[2026-04-19 12:18:33] [00045s] [DATA] CO2: 498ppm | VOC: 0.57V | CO: 0ppm
[2026-04-19 12:18:39] [00050s] [DATA] CO2: 498ppm | VOC: 0.58V | CO: 0ppm
[2026-04-19 12:18:46] [00055s] [DATA] CO2: 498ppm | VOC: 0.54V | CO: 0ppm
[2026-04-19 12:18:49] [00060s] [DATA] CO2: 498ppm | VOC: 0.57V | CO: 0ppm
[2026-04-19 12:18:54] [00065s] [DATA] CO2: 498ppm | VOC: 0.57V | CO: 0ppm
[2026-04-19 12:18:59] [00070s] [DATA] CO2: 498ppm | VOC: 0.57V | CO: 0ppm
[2026-04-19 12:19:04] [00075s] [DATA] CO2: 498ppm | VOC: 0.57V | CO: 0ppm
[2026-04-19 12:19:09] [00080s] [DATA] CO2: 541ppm | VOC: 0.57V | CO: 0ppm
[2026-04-19 12:19:14] [00085s] [DATA] CO2: 531ppm | VOC: 0.55V | CO: 0ppm
[2026-04-19 12:19:19] [00090s] [DATA] CO2: 524ppm | VOC: 0.56V | CO: 0ppm
[2026-04-19 12:19:24] [00095s] [DATA] CO2: 524ppm | VOC: 0.56V | CO: 0ppm
[2026-04-19 12:19:29] [00100s] [DATA] CO2: 522ppm | VOC: 0.57V | CO: 0ppm
[2026-04-19 12:19:34] [00105s] [DATA] CO2: 521ppm | VOC: 0.56V | CO: 0ppm
[2026-04-19 12:19:39] [00110s] [DATA] CO2: 516ppm | VOC: 0.57V | CO: 0ppm
[2026-04-19 12:19:44] [00115s] [DATA] CO2: 505ppm | VOC: 0.56V | CO: 0ppm
[2026-04-19 12:19:49] [00120s] [DATA] CO2: 511ppm | VOC: 0.56V | CO: 0ppm
[2026-04-19 12:19:54] [00125s] [DATA] CO2: 514ppm | VOC: 0.57V | CO: 0ppm
[2026-04-19 12:19:59] [00130s] [DATA] CO2: 515ppm | VOC: 0.57V | CO: 0ppm
[2026-04-19 12:20:04] [00135s] [DATA] CO2: 519ppm | VOC: 0.57V | CO: 0ppm
[2026-04-19 12:20:09] [00140s] [DATA] CO2: 508ppm | VOC: 0.57V | CO: 0ppm
[2026-04-19 12:20:14] [00145s] [DATA] CO2: 511ppm | VOC: 0.56V | CO: 0ppm
[2026-04-19 12:20:19] [00150s] [DATA] CO2: 515ppm | VOC: 0.57V | CO: 0ppm
[2026-04-19 12:20:37] [00160s] [DATA] CO2: 521ppm | VOC: 0.57V | CO: 0ppm
[2026-04-19 12:21:11] [00171s] [DATA] CO2: 526ppm | VOC: 0.57V | CO: 0ppm
[2026-04-19 12:21:11] [00176s] [DATA] CO2: 526ppm | VOC: 0.57V | CO: 0ppm
[2026-04-19 12:21:11] [00181s] [DATA] CO2: 526ppm | VOC: 0.55V | CO: 0ppm
[2026-04-19 12:21:11] [00187s] [DATA] CO2: 526ppm | VOC: 0.56V | CO: 0ppm
[2026-04-19 12:21:11] [00192s] [DATA] CO2: 528ppm | VOC: 0.57V | CO: 0ppm
[2026-04-19 12:21:11] [00197s] [DATA] CO2: 529ppm | VOC: 0.60V | CO: 0ppm
[2026-04-19 12:21:13] [00202s] [DATA] CO2: 526ppm | VOC: 0.54V | CO: 0ppm
[2026-04-19 12:21:15] [00207s] [DATA] CO2: 524ppm | VOC: 0.58V | CO: 0ppm
[2026-04-19 12:21:45] [00212s] [DATA] CO2: 528ppm | VOC: 0.61V | CO: 0ppm
[2026-04-19 12:21:45] [00217s] [DATA] CO2: 529ppm | VOC: 0.60V | CO: 0ppm
[2026-04-19 12:21:45] [00222s] [DATA] CO2: 528ppm | VOC: 0.61V | CO: 0ppm
[2026-04-19 12:21:45] [00227s] [DATA] CO2: 529ppm | VOC: 0.61V | CO: 0ppm
[2026-04-19 12:21:45] [00232s] [DATA] CO2: 528ppm | VOC: 0.60V | CO: 0ppm
[2026-04-19 12:21:48] [00237s] [DATA] CO2: 531ppm | VOC: 0.61V | CO: 0ppm
[2026-04-19 12:21:50] [00242s] [DATA] CO2: 531ppm | VOC: 0.58V | CO: 0ppm
[2026-04-19 12:21:55] [00247s] [DATA] CO2: 533ppm | VOC: 0.61V | CO: 0ppm
[2026-04-19 12:22:00] [00252s] [DATA] CO2: 535ppm | VOC: 0.53V | CO: 0ppm
[2026-04-19 12:22:05] [00257s] [DATA] CO2: 532ppm | VOC: 0.56V | CO: 0ppm
[2026-04-19 12:22:10] [00262s] [DATA] CO2: 534ppm | VOC: 0.56V | CO: 0ppm
[2026-04-19 12:22:15] [00267s] [DATA] CO2: 532ppm | VOC: 0.56V | CO: 0ppm
[2026-04-19 12:22:20] [00272s] [DATA] CO2: 534ppm | VOC: 0.56V | CO: 0ppm
[2026-04-19 12:22:25] [00277s] [DATA] CO2: 534ppm | VOC: 0.56V | CO: 0ppm
[2026-04-19 12:22:30] [00282s] [DATA] CO2: 533ppm | VOC: 0.55V | CO: 0ppm
[2026-04-19 12:22:35] [00287s] [DATA] CO2: 532ppm | VOC: 0.55V | CO: 0ppm
[2026-04-19 12:22:40] [00292s] [DATA] CO2: 533ppm | VOC: 0.56V | CO: 0ppm
[2026-04-19 12:22:45] [00297s] [DATA] CO2: 534ppm | VOC: 0.55V | CO: 0ppm
[2026-04-19 12:22:50] [00302s] [DATA] CO2: 537ppm | VOC: 0.55V | CO: 0ppm
[2026-04-19 12:22:55] [00307s] [DATA] CO2: 538ppm | VOC: 0.55V | CO: 0ppm
[2026-04-19 12:23:00] [00312s] [DATA] CO2: 539ppm | VOC: 0.56V | CO: 0ppm
[2026-04-19 12:23:05] [00317s] [DATA] CO2: 539ppm | VOC: 0.56V | CO: 0ppm
[2026-04-19 12:23:11] [00322s] [DATA] CO2: 539ppm | VOC: 0.53V | CO: 0ppm
[2026-04-19 12:23:15] [00327s] [DATA] CO2: 541ppm | VOC: 0.56V | CO: 0ppm
[2026-04-19 12:23:20] [00332s] [DATA] CO2: 539ppm | VOC: 0.56V | CO: 0ppm
[2026-04-19 12:23:25] [00337s] [DATA] CO2: 537ppm | VOC: 0.55V | CO: 0ppm
[2026-04-19 12:23:30] [00342s] [DATA] CO2: 536ppm | VOC: 0.55V | CO: 0ppm
[2026-04-19 12:24:04] [00347s] [DATA] CO2: 539ppm | VOC: 0.55V | CO: 0ppm
[2026-04-19 12:24:04] [00352s] [DATA] CO2: 967ppm | VOC: 0.58V | CO: 0ppm
[2026-04-19 12:24:04] [00357s] [DATA] CO2: 1453ppm | VOC: 0.57V | CO: 0ppm
[2026-04-19 12:24:04] [00362s] [DATA] CO2: 1808ppm | VOC: 0.57V | CO: 0ppm
[2026-04-19 12:24:04] [00005s] [WIFI] Connected! MAC: EC:E3:34:19:76:98
[2026-04-19 12:24:05] [00011s] [DATA] CO2: 2075ppm | VOC: 0.61V | CO: 0ppm
[2026-04-19 12:24:10] [00016s] [DATA] CO2: 2055ppm | VOC: 0.60V | CO: 0ppm
[2026-04-19 12:24:44] [00021s] [DATA] CO2: 1995ppm | VOC: 0.61V | CO: 0ppm
[2026-04-19 12:24:44] [00026s] [DATA] CO2: 1946ppm | VOC: 0.60V | CO: 0ppm
[2026-04-19 12:24:44] [00031s] [DATA] CO2: 1886ppm | VOC: 0.56V | CO: 0ppm
[2026-04-19 12:24:44] [00036s] [DATA] CO2: 1823ppm | VOC: 0.56V | CO: 0ppm
[2026-04-19 12:24:44] [00041s] [DATA] CO2: 1776ppm | VOC: 0.56V | CO: 0ppm
[2026-04-19 12:24:44] [00046s] [DATA] CO2: 1716ppm | VOC: 0.55V | CO: 0ppm
[2026-04-19 12:24:45] [00051s] [DATA] CO2: 1657ppm | VOC: 0.54V | CO: 0ppm
[2026-04-19 12:24:50] [00056s] [DATA] CO2: 1592ppm | VOC: 0.61V | CO: 0ppm
[2026-04-19 12:25:20] [00008s] [WIFI] Connected! MAC: EC:E3:34:19:76:98
[2026-04-19 12:25:20] [00009s] [INFO] Node Online: Auto-Started Data Collection
[2026-04-19 12:25:21] [00010s] [DATA] CO2: 1320ppm | VOC: 0.57V | CO: 0ppm
[2026-04-19 12:25:31] [00020s] [DATA] CO2: 1241ppm | VOC: 0.61V | CO: 0ppm
[2026-04-19 12:26:26] [00009s] [WIFI] Connected! MAC: EC:E3:34:19:76:98
[2026-04-19 12:26:26] [00010s] [INFO] Node Online: Auto-Started Data Collection
[2026-04-19 12:26:26] [00012s] [DATA] CO2: 1054ppm | VOC: 0.54V | CO: 0ppm
[2026-04-20 08:09:46] [00005s] [WIFI] Connected! MAC: EC:E3:34:19:76:98
[2026-04-20 08:09:48] [00006s] [INFO] Node Online: Auto-Started Data Collection
[2026-04-20 08:09:51] [00010s] [DATA] CO2: 0ppm | VOC: 3.07V | CO: 0ppm
[2026-04-20 08:10:01] [00020s] [DATA] CO2: 498ppm | VOC: 2.39V | CO: 0ppm
[2026-04-20 08:10:11] [00030s] [DATA] CO2: 498ppm | VOC: 2.18V | CO: 0ppm
[2026-04-20 08:10:21] [00040s] [DATA] CO2: 498ppm | VOC: 2.09V | CO: 0ppm
[2026-04-20 08:10:30] [00050s] [DATA] CO2: 498ppm | VOC: 1.87V | CO: 0ppm
[2026-04-20 08:10:41] [00060s] [DATA] CO2: 498ppm | VOC: 1.62V | CO: 0ppm
[2026-04-20 08:10:51] [00070s] [DATA] CO2: 498ppm | VOC: 1.51V | CO: 0ppm
[2026-04-20 08:11:01] [00080s] [DATA] CO2: 533ppm | VOC: 1.48V | CO: 0ppm
[2026-04-20 08:11:29] [00090s] [DATA] CO2: 510ppm | VOC: 1.35V | CO: 0ppm
[2026-04-20 08:11:29] [00100s] [DATA] CO2: 496ppm | VOC: 1.30V | CO: 0ppm
[2026-04-20 08:11:31] [00110s] [DATA] CO2: 489ppm | VOC: 1.29V | CO: 0ppm
[2026-04-20 08:11:41] [00120s] [DATA] CO2: 485ppm | VOC: 1.15V | CO: 0ppm
[2026-04-20 08:11:51] [00130s] [DATA] CO2: 485ppm | VOC: 0.97V | CO: 0ppm
[2026-04-20 08:12:05] [00140s] [DATA] CO2: 498ppm | VOC: 0.81V | CO: 0ppm
[2026-04-20 08:12:11] [00150s] [DATA] CO2: 498ppm | VOC: 0.73V | CO: 0ppm
[2026-04-20 08:12:21] [00160s] [DATA] CO2: 498ppm | VOC: 0.70V | CO: 0ppm
[2026-04-20 08:12:31] [00170s] [DATA] CO2: 498ppm | VOC: 0.71V | CO: 0ppm
[2026-04-20 08:12:43] [00180s] [DATA] CO2: 498ppm | VOC: 0.70V | CO: 0ppm
[2026-04-20 08:35:47] [00543s] [DATA] CO2: 426ppm | VOC: 0.49V | CO: 0ppm
[2026-04-20 08:35:57] [00553s] [DATA] CO2: 426ppm | VOC: 0.48V | CO: 0ppm
[2026-04-20 08:36:08] [00563s] [DATA] CO2: 426ppm | VOC: 0.48V | CO: 0ppm
[2026-04-20 08:36:17] [00573s] [DATA] CO2: 425ppm | VOC: 0.49V | CO: 0ppm
[2026-04-20 08:36:27] [00583s] [DATA] CO2: 425ppm | VOC: 0.47V | CO: 0ppm
[2026-04-20 08:36:37] [00593s] [DATA] CO2: 425ppm | VOC: 0.48V | CO: 0ppm
[2026-04-20 08:36:54] [00003s] [WIFI] Connected! MAC: EC:E3:34:19:76:98
[2026-04-20 08:36:54] [00006s] [INFO] Node Online: Auto-Started Data Collection
[2026-04-20 08:36:57] [00010s] [DATA] CO2: 424ppm | VOC: 0.49V | CO: 0ppm
[2026-04-20 08:37:07] [00020s] [DATA] CO2: 425ppm | VOC: 0.47V | CO: 0ppm
[2026-04-20 08:37:20] [00030s] [DATA] CO2: 424ppm | VOC: 0.48V | CO: 0ppm
[2026-04-20 08:37:27] [00040s] [DATA] CO2: 424ppm | VOC: 0.47V | CO: 0ppm
[2026-04-20 08:37:40] [00050s] [DATA] CO2: 425ppm | VOC: 0.46V | CO: 0ppm
[2026-04-20 08:37:48] [00060s] [DATA] CO2: 425ppm | VOC: 0.47V | CO: 0ppm
[2026-04-20 08:38:01] [00070s] [DATA] CO2: 424ppm | VOC: 0.44V | CO: 0ppm
[2026-04-20 08:38:08] [00080s] [DATA] CO2: 425ppm | VOC: 0.40V | CO: 0ppm
[2026-04-20 08:38:20] [00090s] [DATA] CO2: 423ppm | VOC: 0.42V | CO: 0ppm
[2026-04-20 08:38:28] [00100s] [DATA] CO2: 423ppm | VOC: 0.45V | CO: 0ppm
[2026-04-20 08:38:38] [00110s] [DATA] CO2: 423ppm | VOC: 0.47V | CO: 0ppm
[2026-04-20 08:38:48] [00120s] [DATA] CO2: 423ppm | VOC: 0.44V | CO: 0ppm
[2026-04-20 08:38:58] [00130s] [DATA] CO2: 424ppm | VOC: 0.44V | CO: 0ppm
[2026-04-20 08:39:08] [00140s] [DATA] CO2: 425ppm | VOC: 0.46V | CO: 0ppm
[2026-04-20 08:39:18] [00150s] [DATA] CO2: 423ppm | VOC: 0.45V | CO: 0ppm
[2026-04-20 08:39:31] [00160s] [DATA] CO2: 424ppm | VOC: 0.44V | CO: 0ppm
[2026-04-20 08:39:38] [00170s] [DATA] CO2: 425ppm | VOC: 0.38V | CO: 0ppm
[2026-04-20 08:39:48] [00180s] [DATA] CO2: 425ppm | VOC: 0.45V | CO: 0ppm
[2026-04-20 08:39:58] [00190s] [DATA] CO2: 424ppm | VOC: 0.45V | CO: 0ppm
[2026-04-20 08:40:18] [00210s] [DATA] CO2: 423ppm | VOC: 0.49V | CO: 0ppm
[2026-04-20 08:40:28] [00220s] [DATA] CO2: 423ppm | VOC: 0.47V | CO: 0ppm
[2026-04-20 08:40:38] [00230s] [DATA] CO2: 423ppm | VOC: 0.46V | CO: 0ppm
[2026-04-20 08:40:49] [00241s] [DATA] CO2: 421ppm | VOC: 0.46V | CO: 0ppm
[2026-04-20 08:40:58] [00251s] [DATA] CO2: 420ppm | VOC: 0.49V | CO: 0ppm
[2026-04-20 08:41:08] [00261s] [DATA] CO2: 421ppm | VOC: 0.48V | CO: 0ppm
[2026-04-20 08:41:19] [00271s] [DATA] CO2: 421ppm | VOC: 0.49V | CO: 0ppm
[2026-04-20 08:41:28] [00281s] [DATA] CO2: 419ppm | VOC: 0.46V | CO: 0ppm
[2026-04-20 08:41:38] [00291s] [DATA] CO2: 420ppm | VOC: 0.49V | CO: 0ppm
[2026-04-20 08:41:49] [00301s] [DATA] CO2: 421ppm | VOC: 0.45V | CO: 0ppm
[2026-04-20 08:41:58] [00311s] [DATA] CO2: 420ppm | VOC: 0.46V | CO: 0ppm
[2026-04-20 08:42:08] [00321s] [DATA] CO2: 422ppm | VOC: 0.49V | CO: 0ppm
[2026-04-20 08:42:18] [00331s] [DATA] CO2: 424ppm | VOC: 0.46V | CO: 0ppm
[2026-04-20 08:42:28] [00341s] [DATA] CO2: 423ppm | VOC: 0.48V | CO: 0ppm
[2026-04-20 08:42:38] [00351s] [DATA] CO2: 421ppm | VOC: 0.49V | CO: 0ppm
[2026-04-20 08:42:49] [00361s] [DATA] CO2: 421ppm | VOC: 0.48V | CO: 0ppm
[2026-04-20 08:42:58] [00371s] [DATA] CO2: 421ppm | VOC: 0.46V | CO: 0ppm
[2026-04-20 08:43:08] [00381s] [DATA] CO2: 422ppm | VOC: 0.46V | CO: 0ppm
[2026-04-20 08:43:19] [00391s] [DATA] CO2: 423ppm | VOC: 0.46V | CO: 0ppm
[2026-04-20 08:43:29] [00401s] [DATA] CO2: 423ppm | VOC: 0.44V | CO: 0ppm
[2026-04-20 08:43:38] [00411s] [DATA] CO2: 424ppm | VOC: 0.45V | CO: 0ppm
[2026-04-20 08:43:48] [00421s] [DATA] CO2: 426ppm | VOC: 0.45V | CO: 0ppm
[2026-04-20 08:43:59] [00431s] [DATA] CO2: 427ppm | VOC: 0.45V | CO: 0ppm
[2026-04-20 08:44:08] [00441s] [DATA] CO2: 426ppm | VOC: 0.47V | CO: 0ppm
[2026-04-20 08:44:18] [00451s] [DATA] CO2: 427ppm | VOC: 0.48V | CO: 0ppm
[2026-04-20 08:44:28] [00461s] [DATA] CO2: 427ppm | VOC: 0.48V | CO: 0ppm
[2026-04-20 08:44:38] [00471s] [DATA] CO2: 428ppm | VOC: 0.46V | CO: 0ppm
[2026-04-20 08:44:49] [00481s] [DATA] CO2: 429ppm | VOC: 0.46V | CO: 0ppm
[2026-04-20 08:44:59] [00491s] [DATA] CO2: 427ppm | VOC: 0.49V | CO: 0ppm
[2026-04-20 08:45:09] [00501s] [DATA] CO2: 427ppm | VOC: 0.49V | CO: 0ppm
[2026-04-20 08:45:18] [00511s] [DATA] CO2: 429ppm | VOC: 0.49V | CO: 0ppm
[2026-04-20 08:45:28] [00521s] [DATA] CO2: 427ppm | VOC: 0.48V | CO: 0ppm
[2026-04-20 08:45:39] [00531s] [DATA] CO2: 426ppm | VOC: 0.49V | CO: 0ppm
[2026-04-20 08:45:48] [00541s] [DATA] CO2: 425ppm | VOC: 0.46V | CO: 0ppm
[2026-04-20 08:45:58] [00551s] [DATA] CO2: 425ppm | VOC: 0.49V | CO: 0ppm
[2026-04-20 08:46:09] [00561s] [DATA] CO2: 423ppm | VOC: 0.49V | CO: 0ppm
[2026-04-20 08:46:18] [00571s] [DATA] CO2: 422ppm | VOC: 0.49V | CO: 0ppm
[2026-04-20 08:46:28] [00581s] [DATA] CO2: 421ppm | VOC: 0.47V | CO: 0ppm
[2026-04-20 08:46:39] [00591s] [DATA] CO2: 422ppm | VOC: 0.49V | CO: 0ppm
[2026-04-20 08:46:49] [00601s] [DATA] CO2: 422ppm | VOC: 0.49V | CO: 0ppm
[2026-04-20 08:46:59] [00611s] [DATA] CO2: 424ppm | VOC: 0.49V | CO: 0ppm
[2026-04-20 08:47:09] [00621s] [DATA] CO2: 424ppm | VOC: 0.49V | CO: 0ppm
[2026-04-20 08:47:19] [00631s] [DATA] CO2: 423ppm | VOC: 0.49V | CO: 0ppm
[2026-04-20 08:47:29] [00641s] [DATA] CO2: 423ppm | VOC: 0.49V | CO: 0ppm
[2026-04-20 08:47:39] [00651s] [DATA] CO2: 423ppm | VOC: 0.48V | CO: 0ppm
[2026-04-20 08:47:49] [00661s] [DATA] CO2: 423ppm | VOC: 0.49V | CO: 0ppm
[2026-04-20 08:47:59] [00671s] [DATA] CO2: 424ppm | VOC: 0.49V | CO: 0ppm
[2026-04-20 08:48:09] [00681s] [DATA] CO2: 422ppm | VOC: 0.49V | CO: 0ppm
[2026-04-20 08:48:18] [00691s] [DATA] CO2: 423ppm | VOC: 0.48V | CO: 0ppm
[2026-04-20 08:48:29] [00701s] [DATA] CO2: 421ppm | VOC: 0.45V | CO: 0ppm
[2026-04-20 08:49:09] [00741s] [DATA] CO2: 423ppm | VOC: 0.45V | CO: 0ppm
[2026-04-20 08:49:19] [00751s] [DATA] CO2: 422ppm | VOC: 0.43V | CO: 0ppm
[2026-04-20 08:49:29] [00761s] [DATA] CO2: 423ppm | VOC: 0.45V | CO: 0ppm
[2026-04-20 08:49:39] [00771s] [DATA] CO2: 423ppm | VOC: 0.45V | CO: 0ppm
[2026-04-20 08:49:49] [00781s] [DATA] CO2: 423ppm | VOC: 0.45V | CO: 0ppm
[2026-04-20 08:49:59] [00791s] [DATA] CO2: 423ppm | VOC: 0.45V | CO: 0ppm
[2026-04-20 08:50:09] [00801s] [DATA] CO2: 422ppm | VOC: 0.45V | CO: 0ppm
[2026-04-20 08:50:19] [00811s] [DATA] CO2: 422ppm | VOC: 0.43V | CO: 0ppm
[2026-04-20 08:50:30] [00821s] [DATA] CO2: 424ppm | VOC: 0.45V | CO: 0ppm
[2026-04-20 08:50:39] [00831s] [DATA] CO2: 423ppm | VOC: 0.44V | CO: 0ppm
[2026-04-20 08:50:49] [00841s] [DATA] CO2: 420ppm | VOC: 0.43V | CO: 0ppm
[2026-04-20 08:50:59] [00851s] [DATA] CO2: 421ppm | VOC: 0.45V | CO: 0ppm
[2026-04-20 08:51:09] [00861s] [DATA] CO2: 421ppm | VOC: 0.49V | CO: 0ppm
[2026-04-20 08:51:19] [00871s] [DATA] CO2: 421ppm | VOC: 0.49V | CO: 0ppm
[2026-04-20 08:51:29] [00881s] [DATA] CO2: 421ppm | VOC: 0.49V | CO: 0ppm
[2026-04-20 08:51:39] [00891s] [DATA] CO2: 422ppm | VOC: 0.47V | CO: 0ppm
[2026-04-20 08:51:49] [00901s] [DATA] CO2: 422ppm | VOC: 0.47V | CO: 0ppm
[2026-04-20 08:51:59] [00911s] [DATA] CO2: 420ppm | VOC: 0.49V | CO: 0ppm
[2026-04-20 08:52:09] [00921s] [DATA] CO2: 420ppm | VOC: 0.49V | CO: 0ppm
[2026-04-20 08:52:19] [00931s] [DATA] CO2: 420ppm | VOC: 0.49V | CO: 0ppm
[2026-04-20 08:52:29] [00941s] [DATA] CO2: 419ppm | VOC: 0.49V | CO: 0ppm
[2026-04-20 08:52:39] [00951s] [DATA] CO2: 417ppm | VOC: 0.50V | CO: 0ppm
[2026-04-20 08:52:49] [00961s] [DATA] CO2: 415ppm | VOC: 0.48V | CO: 0ppm
[2026-04-20 08:52:59] [00971s] [DATA] CO2: 416ppm | VOC: 0.50V | CO: 0ppm
[2026-04-20 08:53:09] [00981s] [DATA] CO2: 415ppm | VOC: 0.50V | CO: 0ppm
[2026-04-20 08:53:19] [00991s] [DATA] CO2: 416ppm | VOC: 0.50V | CO: 0ppm
[2026-04-20 08:53:29] [01001s] [DATA] CO2: 417ppm | VOC: 0.49V | CO: 0ppm
[2026-04-20 08:53:39] [01011s] [DATA] CO2: 415ppm | VOC: 0.50V | CO: 0ppm
[2026-04-20 08:53:49] [01021s] [DATA] CO2: 415ppm | VOC: 0.50V | CO: 0ppm
[2026-04-20 08:53:59] [01031s] [DATA] CO2: 414ppm | VOC: 0.48V | CO: 0ppm
[2026-04-20 08:54:09] [01041s] [DATA] CO2: 416ppm | VOC: 0.50V | CO: 0ppm
[2026-04-20 08:54:19] [01051s] [DATA] CO2: 416ppm | VOC: 0.50V | CO: 0ppm
[2026-04-20 08:54:29] [01061s] [DATA] CO2: 418ppm | VOC: 0.50V | CO: 0ppm
[2026-04-20 08:54:39] [01071s] [DATA] CO2: 417ppm | VOC: 0.49V | CO: 0ppm
[2026-04-20 08:54:49] [01081s] [DATA] CO2: 416ppm | VOC: 0.50V | CO: 0ppm
[2026-04-20 08:54:59] [01091s] [DATA] CO2: 417ppm | VOC: 0.50V | CO: 0ppm
[2026-04-20 08:55:09] [01101s] [DATA] CO2: 416ppm | VOC: 0.48V | CO: 0ppm
[2026-04-20 08:55:19] [01111s] [DATA] CO2: 417ppm | VOC: 0.46V | CO: 0ppm
[2026-04-20 08:55:29] [01121s] [DATA] CO2: 415ppm | VOC: 0.46V | CO: 0ppm
[2026-04-20 08:55:39] [01131s] [DATA] CO2: 415ppm | VOC: 0.46V | CO: 0ppm
[2026-04-20 08:55:49] [01141s] [DATA] CO2: 413ppm | VOC: 0.47V | CO: 0ppm
[2026-04-20 08:55:59] [01151s] [DATA] CO2: 415ppm | VOC: 0.47V | CO: 0ppm
[2026-04-20 08:56:09] [01161s] [DATA] CO2: 415ppm | VOC: 0.47V | CO: 0ppm
[2026-04-20 08:56:19] [01171s] [DATA] CO2: 416ppm | VOC: 0.45V | CO: 0ppm
[2026-04-20 08:56:29] [01181s] [DATA] CO2: 415ppm | VOC: 0.45V | CO: 0ppm
[2026-04-20 08:56:39] [01191s] [DATA] CO2: 417ppm | VOC: 0.45V | CO: 0ppm
[2026-04-20 08:56:49] [01201s] [DATA] CO2: 417ppm | VOC: 0.45V | CO: 0ppm
[2026-04-20 08:56:59] [01211s] [DATA] CO2: 416ppm | VOC: 0.45V | CO: 0ppm
[2026-04-20 08:57:09] [01221s] [DATA] CO2: 416ppm | VOC: 0.45V | CO: 0ppm
[2026-04-20 08:57:19] [01231s] [DATA] CO2: 417ppm | VOC: 0.45V | CO: 0ppm
[2026-06-21 08:56:42] [00004s] [WIFI] Connected! MAC: EC:E3:34:19:76:98
[2026-06-21 08:56:44] [00005s] [INFO] Node Online: Auto-Started Data Collection
[2026-06-21 08:56:48] [00010s] [DATA] CO2: 1219ppm | VOC: 0.88V | HC: 0.01V | CO: 0ppm
[2026-06-21 08:56:58] [00020s] [DATA] CO2: 1211ppm | VOC: 0.86V | HC: 0.01V | CO: 0ppm
[2026-06-21 08:57:08] [00030s] [DATA] CO2: 1205ppm | VOC: 0.84V | HC: 0.01V | CO: 0ppm
[2026-06-21 08:57:18] [00040s] [DATA] CO2: 1205ppm | VOC: 0.80V | HC: 0.02V | CO: 0ppm
[2026-06-21 08:57:27] [00050s] [DATA] CO2: 1203ppm | VOC: 0.84V | HC: 0.02V | CO: 0ppm
[2026-06-21 08:57:38] [00060s] [DATA] CO2: 1172ppm | VOC: 0.82V | HC: 0.02V | CO: 0ppm
[2026-06-21 08:57:48] [00070s] [DATA] CO2: 1120ppm | VOC: 0.73V | HC: 0.02V | CO: 0ppm
[2026-06-21 08:57:58] [00080s] [DATA] CO2: 1066ppm | VOC: 0.71V | HC: 0.01V | CO: 0ppm
[2026-06-21 08:58:08] [00090s] [DATA] CO2: 1008ppm | VOC: 0.68V | HC: 0.01V | CO: 0ppm
[2026-06-21 08:58:18] [00100s] [DATA] CO2: 967ppm | VOC: 0.67V | HC: 0.01V | CO: 0ppm
[2026-06-21 08:58:28] [00110s] [DATA] CO2: 924ppm | VOC: 0.64V | HC: 0.01V | CO: 0ppm
[2026-06-21 08:58:38] [00120s] [DATA] CO2: 882ppm | VOC: 0.63V | HC: 0.00V | CO: 0ppm
[2026-06-21 08:58:48] [00130s] [DATA] CO2: 844ppm | VOC: 0.63V | HC: 0.01V | CO: 0ppm
[2026-06-21 08:58:59] [00140s] [DATA] CO2: 811ppm | VOC: 0.62V | HC: 0.01V | CO: 0ppm
[2026-06-21 08:59:09] [00150s] [DATA] CO2: 780ppm | VOC: 0.65V | HC: 0.01V | CO: 0ppm
[2026-06-21 08:59:19] [00160s] [DATA] CO2: 751ppm | VOC: 0.61V | HC: 0.00V | CO: 0ppm
[2026-06-21 08:59:52] [00006s] [WIFI] Connected! MAC: EC:E3:34:19:76:98
[2026-06-21 08:59:52] [00007s] [INFO] Node Online: Auto-Started Data Collection
[2026-06-21 08:59:56] [00010s] [DATA] CO2: 665ppm | VOC: 0.64V | HC: 0.01V | CO: 0ppm
[2026-06-21 09:00:06] [00021s] [DATA] CO2: 647ppm | VOC: 0.64V | HC: 0.00V | CO: 0ppm
[2026-06-21 09:00:17] [00031s] [DATA] CO2: 628ppm | VOC: 0.57V | HC: 0.01V | CO: 0ppm
[2026-06-21 09:00:27] [00041s] [DATA] CO2: 611ppm | VOC: 0.58V | HC: 0.00V | CO: 0ppm
[2026-06-21 09:00:37] [00051s] [DATA] CO2: 582ppm | VOC: 0.59V | HC: 0.00V | CO: 0ppm
[2026-06-21 09:00:47] [00061s] [DATA] CO2: 569ppm | VOC: 0.61V | HC: 0.03V | CO: 0ppm
[2026-06-21 09:00:57] [00071s] [DATA] CO2: 561ppm | VOC: 0.62V | HC: 0.03V | CO: 0ppm
[2026-06-21 09:01:07] [00081s] [DATA] CO2: 556ppm | VOC: 0.60V | HC: 0.04V | CO: 0ppm
[2026-06-21 09:01:17] [00091s] [DATA] CO2: 559ppm | VOC: 0.53V | HC: 0.02V | CO: 0ppm
[2026-06-21 09:01:27] [00101s] [DATA] CO2: 590ppm | VOC: 0.52V | HC: 0.01V | CO: 0ppm
[2026-06-21 09:01:37] [00111s] [DATA] CO2: 627ppm | VOC: 0.54V | HC: 0.01V | CO: 0ppm
[2026-06-21 09:01:47] [00121s] [DATA] CO2: 672ppm | VOC: 0.53V | HC: 0.02V | CO: 0ppm
[2026-06-21 09:01:57] [00131s] [DATA] CO2: 712ppm | VOC: 0.52V | HC: 0.01V | CO: 0ppm
[2026-06-21 09:02:07] [00141s] [DATA] CO2: 743ppm | VOC: 0.52V | HC: 0.05V | CO: 0ppm
[2026-06-21 09:02:17] [00151s] [DATA] CO2: 775ppm | VOC: 0.53V | HC: 0.01V | CO: 0ppm
[2026-06-21 09:02:27] [00161s] [DATA] CO2: 800ppm | VOC: 0.53V | HC: 0.01V | CO: 0ppm
[2026-06-21 09:02:37] [00171s] [DATA] CO2: 824ppm | VOC: 0.55V | HC: 0.00V | CO: 0ppm
[2026-06-21 09:02:47] [00181s] [DATA] CO2: 846ppm | VOC: 0.57V | HC: 0.01V | CO: 0ppm
[2026-06-21 09:02:57] [00191s] [DATA] CO2: 864ppm | VOC: 0.55V | HC: 0.01V | CO: 0ppm
[2026-06-21 09:03:07] [00201s] [DATA] CO2: 878ppm | VOC: 0.56V | HC: 0.01V | CO: 0ppm
[2026-06-21 09:03:17] [00211s] [DATA] CO2: 891ppm | VOC: 0.81V | HC: 0.03V | CO: 0ppm
[2026-06-21 09:03:27] [00221s] [DATA] CO2: 906ppm | VOC: 0.89V | HC: 0.02V | CO: 0ppm
[2026-06-21 09:03:37] [00231s] [DATA] CO2: 923ppm | VOC: 0.72V | HC: 0.02V | CO: 0ppm
[2026-06-21 09:03:47] [00241s] [DATA] CO2: 935ppm | VOC: 1.03V | HC: 0.02V | CO: 0ppm
[2026-06-21 09:03:57] [00251s] [DATA] CO2: 947ppm | VOC: 1.16V | HC: 0.02V | CO: 0ppm
[2026-06-21 09:04:07] [00261s] [DATA] CO2: 954ppm | VOC: 1.03V | HC: 0.04V | CO: 0ppm
[2026-06-21 09:04:17] [00271s] [DATA] CO2: 962ppm | VOC: 1.38V | HC: 0.03V | CO: 0ppm
[2026-06-21 09:04:27] [00281s] [DATA] CO2: 970ppm | VOC: 1.45V | HC: 0.02V | CO: 0ppm
[2026-06-21 09:04:37] [00291s] [DATA] CO2: 978ppm | VOC: 1.19V | HC: 0.00V | CO: 0ppm
[2026-06-21 09:04:47] [00301s] [DATA] CO2: 982ppm | VOC: 0.96V | HC: 0.02V | CO: 0ppm
[2026-06-21 09:04:57] [00311s] [DATA] CO2: 989ppm | VOC: 0.86V | HC: 0.01V | CO: 0ppm
[2026-06-21 09:05:07] [00321s] [DATA] CO2: 993ppm | VOC: 0.81V | HC: 0.01V | CO: 0ppm
[2026-06-21 09:05:17] [00331s] [DATA] CO2: 998ppm | VOC: 0.77V | HC: 0.01V | CO: 0ppm
[2026-06-21 09:05:27] [00341s] [DATA] CO2: 1002ppm | VOC: 0.75V | HC: 0.01V | CO: 0ppm
[2026-06-21 09:05:37] [00351s] [DATA] CO2: 1010ppm | VOC: 0.72V | HC: 0.01V | CO: 0ppm
[2026-06-21 09:05:47] [00361s] [DATA] CO2: 1015ppm | VOC: 0.65V | HC: 0.01V | CO: 0ppm
[2026-06-21 09:05:57] [00371s] [DATA] CO2: 1021ppm | VOC: 0.68V | HC: 0.01V | CO: 0ppm
