[2026-04-12 08:13:42] ADS value: 24.49, Ver: 202
[2026-04-12 08:13:46] START command received: left
[2026-04-12 08:13:47] running_front
[2026-04-12 08:13:55] running_opposite
[2026-04-12 08:14:12] START command received: left
[2026-04-12 08:14:14] running_front
[2026-04-12 08:14:20] running_opposite
[2026-04-12 08:14:43] ADS value: 24.45, Ver: 202
[2026-04-12 08:14:51] START command received: left
[2026-04-12 08:14:53] running_front
[2026-04-12 08:15:13] running_opposite
[2026-04-12 08:15:44] ADS value: 24.42, Ver: 202
[2026-04-12 08:16:25] START command received: left
[2026-04-12 08:16:26] running_front
[2026-04-12 08:16:47] running_opposite
[2026-04-12 08:17:07] ADS value: 24.34, Ver: 202
[2026-04-12 08:17:25] MOVE command accepted: dir=right, ms=500, brush=off
[2026-04-12 08:17:26] timed_move start dir=right,ms=500,brush=off
[2026-04-12 08:17:27] timed_move stop: duration_done
[2026-04-12 08:17:34] MOVE command accepted: dir=right, ms=500, brush=off
[2026-04-12 08:17:34] timed_move start dir=right,ms=500,brush=off
[2026-04-12 08:17:35] timed_move stop: duration_done
[2026-04-12 08:17:42] MOVE command accepted: dir=left, ms=500, brush=off
[2026-04-12 08:17:42] timed_move start dir=left,ms=500,brush=off
[2026-04-12 08:17:43] timed_move stop: duration_done
[2026-04-12 08:18:08] ADS value: 24.42, Ver: 202
[2026-04-13 05:12:16] running_front_stop
[2026-04-13 05:12:31] ADS value: 24.33, Ver: 202
[2026-04-13 05:13:30] Starting progressive OTA download...
[2026-04-13 05:13:34] OTA Progress: 10%
[2026-04-13 05:13:38] OTA Progress: 20%
[2026-04-13 05:13:41] OTA Progress: 30%
[2026-04-13 05:13:44] OTA Progress: 40%
[2026-04-13 05:13:47] OTA Progress: 50%
[2026-04-13 05:13:51] OTA Progress: 60%
[2026-04-13 05:13:55] OTA Progress: 70%
[2026-04-13 05:13:58] OTA Progress: 80%
[2026-04-13 05:14:03] OTA Progress: 90%
[2026-04-13 05:14:06] OTA Progress: 100%
[2026-04-13 05:14:07] OTA download complete! Verifying...
[2026-04-13 05:14:08] OTA 100% Complete! Rebooting now...
[2026-04-13 05:15:10] ADS value: 24.33, Ver: 202
[2026-04-13 05:16:11] ADS value: 24.33, Ver: 202
[2026-04-13 05:16:24] running_opposite
[2026-04-13 05:16:45] running_front_stop
[2026-04-13 05:17:12] ADS value: 24.33, Ver: 202
[2026-04-13 05:18:01] START command received: right
[2026-04-13 05:18:02] running_opposite
[2026-04-13 05:24:34] ADS value: 24.32, Ver: 202
[2026-04-13 05:25:35] ADS value: 24.33, Ver: 202
[2026-04-13 05:26:36] ADS value: 24.33, Ver: 202
[2026-04-13 06:54:02] ADS value: 24.28, Ver: 202
[2026-04-13 06:55:07] ADS value: 24.28, Ver: 202
[2026-04-13 06:56:08] ADS value: 24.28, Ver: 202
[2026-04-13 06:57:23] ADS value: 24.28, Ver: 202
[2026-04-13 06:58:25] ADS value: 24.28, Ver: 202
[2026-04-13 06:59:26] ADS value: 24.28, Ver: 202
[2026-04-13 07:00:27] ADS value: 24.28, Ver: 202
[2026-04-13 07:01:29] ADS value: 24.28, Ver: 202
[2026-04-13 07:02:30] ADS value: 24.28, Ver: 202
[2026-04-13 08:25:02] ADS value: 24.24, Ver: 202
[2026-04-13 08:25:45] Starting progressive OTA download...
[2026-04-13 08:25:57] OTA STUCK: Download timed out at 1169 bytes
[2026-04-13 08:26:03] ADS value: 24.24, Ver: 202
[2026-04-13 08:26:36] Starting progressive OTA download...
[2026-04-13 08:26:54] OTA STUCK: Download timed out at 19837 bytes
[2026-04-13 08:27:04] ADS value: 24.24, Ver: 202
[2026-04-13 08:28:05] Starting progressive OTA download...
[2026-04-13 08:28:49] OTA STUCK: Download timed out at 71533 bytes
[2026-04-13 08:28:49] ADS value: 24.24, Ver: 202
[2026-04-13 08:29:44] ADS value: 24.23, Ver: 202
[2026-04-13 08:30:24] Starting progressive OTA download...
[2026-04-13 08:30:45] ADS value: 24.24, Ver: 202
[2026-04-13 08:31:48] ADS value: 24.24, Ver: 202
[2026-04-13 08:32:50] ADS value: 24.24, Ver: 202
[2026-04-13 08:33:50] ADS value: 24.24, Ver: 202
[2026-04-13 08:34:51] ADS value: 24.24, Ver: 202
[2026-04-13 08:35:52] ADS value: 24.24, Ver: 202
[2026-04-13 08:36:55] ADS value: 24.23, Ver: 202
[2026-04-13 08:37:56] ADS value: 24.24, Ver: 202
[2026-04-13 08:38:57] ADS value: 24.23, Ver: 202
[2026-04-13 08:39:58] ADS value: 24.24, Ver: 202
[2026-04-13 08:41:00] ADS value: 24.24, Ver: 202
[2026-04-13 08:42:01] ADS value: 24.24, Ver: 202
[2026-04-13 08:43:02] ADS value: 24.24, Ver: 202
[2026-04-13 08:44:03] ADS value: 24.24, Ver: 202
[2026-04-13 08:45:04] ADS value: 24.24, Ver: 202
