[2026-04-05 13:47:49] ADS value: 0.00
[2026-04-05 13:47:50] Ver: 301
[2026-04-05 13:48:25] ADS value: 0.00
[2026-04-05 13:48:26] Ver: 301
[2026-04-05 13:48:58] ADS value: 0.00
[2026-04-05 13:48:59] Ver: 301
[2026-04-05 13:49:29] ADS value: 0.00
[2026-04-05 13:49:30] Ver: 301
[2026-04-05 13:49:33] START command received: right
[2026-04-05 13:49:34] running_opposite
[2026-04-05 13:51:18] START command received: right
[2026-04-05 13:51:19] running_opposite
[2026-04-05 13:58:53] ADS value: 0.00
[2026-04-05 13:59:25] ADS value: 0.00
[2026-04-05 13:59:26] Ver: 301
[2026-04-05 13:59:42] START command received: left
[2026-04-05 13:59:44] running_front
[2026-04-05 14:00:28] START command received: left
[2026-04-05 14:00:30] running_front
[2026-04-05 14:02:35] ADS value: 0.00
[2026-04-05 14:02:36] Ver: 301
[2026-04-05 14:03:07] ADS value: 0.00
[2026-04-05 14:03:08] Ver: 301
[2026-04-05 14:03:38] START command received: left
[2026-04-05 14:03:39] running_front
[2026-04-05 14:09:05] ADS value: 0.00
[2026-04-05 14:09:06] Ver: 301
[2026-04-05 14:09:37] ADS value: 0.00
[2026-04-05 14:09:37] Ver: 301
[2026-04-05 14:10:08] ADS value: 0.00
[2026-04-05 14:10:09] Ver: 301
[2026-04-05 14:10:39] ADS value: 0.00
[2026-04-05 14:10:40] Ver: 301
[2026-04-05 14:11:33] ADS value: 0.00
[2026-04-05 14:11:34] Ver: 301
[2026-04-05 14:12:05] running_opposite
[2026-04-05 14:14:01] START command received: right
[2026-04-05 14:14:03] running_opposite
[2026-04-05 14:17:21] ADS value: 0.00
[2026-04-05 14:17:55] ADS value: 0.00
[2026-04-05 14:17:55] Ver: 301
[2026-04-05 14:18:26] ADS value: 0.00
[2026-04-05 14:18:27] Ver: 301
[2026-04-05 14:18:58] ADS value: 0.00
[2026-04-05 14:18:58] Ver: 301
[2026-04-05 14:19:29] ADS value: 0.00
[2026-04-05 14:19:30] Ver: 301
[2026-04-05 14:20:01] ADS value: 0.00
[2026-04-05 14:20:01] Ver: 301
[2026-04-05 14:20:32] ADS value: 0.00
[2026-04-05 14:20:33] Ver: 301
[2026-04-05 14:21:04] ADS value: 0.00
[2026-04-05 14:21:04] Ver: 301
[2026-04-05 14:21:36] ADS value: 0.00
[2026-04-05 14:21:36] Ver: 301
[2026-04-05 14:22:09] ADS value: 0.00
[2026-04-05 14:22:09] Ver: 301
[2026-04-05 14:22:41] ADS value: 0.00
[2026-04-05 14:22:41] Ver: 301
[2026-04-05 14:23:12] ADS value: 0.00
[2026-04-05 14:23:13] Ver: 301
[2026-04-05 14:23:47] ADS value: 0.00
[2026-04-05 14:23:47] Ver: 301
[2026-04-05 14:24:18] ADS value: 0.00
[2026-04-05 14:24:18] Ver: 301
[2026-04-05 14:24:49] ADS value: 0.00
[2026-04-05 14:24:50] Ver: 301
[2026-04-05 14:25:21] ADS value: 0.00
[2026-04-05 14:25:21] Ver: 301
[2026-04-05 14:25:52] ADS value: 0.00
[2026-04-05 14:25:53] Ver: 301
[2026-04-05 14:26:24] ADS value: 0.00
[2026-04-05 14:26:25] Ver: 301
[2026-04-05 14:26:55] ADS value: 0.00
[2026-04-05 14:26:56] Ver: 301
[2026-04-05 14:27:27] ADS value: 0.00
[2026-04-05 14:27:27] Ver: 301
[2026-04-05 14:28:17] ADS value: 0.00
[2026-04-05 14:28:18] Ver: 301
[2026-04-05 14:28:25] START command received: left
[2026-04-05 14:28:27] running_front
[2026-04-05 14:30:14] START command received: left
[2026-04-05 14:30:15] running_front
[2026-04-06 07:03:04] START command received: left
[2026-04-06 07:03:05] running_front
[2026-04-09 07:31:13] ADS value: 0.00
[2026-04-09 07:31:13] Ver: 301
[2026-04-09 07:33:45] ADS value: 0.00
[2026-04-09 07:33:45] Ver: 301
[2026-04-09 07:33:57] START command received: right
[2026-04-09 07:33:58] running_opposite
[2026-04-09 07:34:44] Starting progressive OTA download...
[2026-04-09 07:34:47] OTA Progress: 10%
[2026-04-09 07:34:49] OTA Progress: 20%
[2026-04-09 07:34:52] OTA Progress: 30%
[2026-04-09 07:34:54] OTA Progress: 40%
[2026-04-09 07:34:57] OTA Progress: 50%
[2026-04-09 07:35:00] OTA Progress: 60%
[2026-04-09 07:35:03] OTA Progress: 70%
[2026-04-09 07:35:06] OTA Progress: 80%
[2026-04-09 07:35:08] OTA Progress: 90%
[2026-04-09 07:35:16] OTA Progress: 100%
[2026-04-09 07:35:19] OTA download complete! Verifying...
[2026-04-09 07:35:19] OTA 100% Complete! Rebooting now...
[2026-04-09 07:35:45] START command received: right
[2026-04-09 07:35:46] running_opposite
[2026-04-09 07:36:47] Starting progressive OTA download...
[2026-04-09 07:36:50] OTA Progress: 10%
[2026-04-09 07:36:53] OTA Progress: 20%
[2026-04-09 07:36:56] OTA Progress: 30%
[2026-04-09 07:36:59] OTA Progress: 40%
[2026-04-09 07:37:02] OTA Progress: 50%
[2026-04-09 07:37:04] OTA Progress: 60%
[2026-04-09 07:37:07] OTA Progress: 70%
[2026-04-09 07:37:10] OTA Progress: 80%
[2026-04-09 07:37:12] OTA Progress: 90%
[2026-04-09 07:37:15] OTA Progress: 100%
[2026-04-09 07:37:15] OTA download complete! Verifying...
[2026-04-09 07:37:16] OTA 100% Complete! Rebooting now...
[2026-04-09 07:37:32] START command received: right
[2026-04-09 07:37:33] running_opposite
[2026-04-09 07:38:21] ADS value: 0.00
[2026-04-09 07:38:21] Ver: 30
[2026-04-09 07:41:10] ADS value: 0.00
[2026-04-09 07:41:10] Ver: 30
[2026-04-09 07:42:11] ADS value: 0.00
[2026-04-09 07:42:12] Ver: 30
[2026-04-09 07:42:43] ADS value: 0.00
[2026-04-09 07:42:43] Ver: 30
[2026-04-09 07:43:14] ADS value: 0.00
[2026-04-09 07:43:15] Ver: 30
[2026-04-09 07:59:04] START command received: right
[2026-04-09 07:59:05] running_opposite
[2026-04-09 08:02:30] START command received: right
[2026-04-09 08:02:30] running_opposite
[2026-04-09 08:06:32] running_front_stop
[2026-04-09 08:06:32] ADS value: 0.00
[2026-04-09 08:06:33] Ver: 30
[2026-04-09 10:55:55] ADS value: 0.00
[2026-04-09 10:55:55] Ver: 501
[2026-04-09 10:56:20] START command received: right
[2026-04-09 10:56:23] running_opposite
[2026-04-09 10:57:35] RobotStop_triggered_right
[2026-04-09 10:57:36] running_front
[2026-04-09 10:57:37] ADS value: 0.00
[2026-04-09 10:57:37] Ver: 501
[2026-04-09 10:57:59] START command received: left
[2026-04-09 10:58:01] running_front
[2026-04-09 11:03:07] stop_maxrtime
[2026-04-09 11:03:08] RobotStop_triggered_left
[2026-04-09 11:03:11] running_opposite
[2026-04-09 11:08:17] maxruntime
[2026-04-09 11:08:18] RobotStop_triggered_left
[2026-04-09 11:08:18] ADS value: 0.00
[2026-04-09 11:08:19] Ver: 501
