[2026-04-10 05:33:28] ADS value: 9.89
[2026-04-10 05:33:29] Ver: 30
[2026-04-10 05:33:59] ADS value: 9.89
[2026-04-10 05:34:00] Ver: 30
[2026-04-10 05:34:10] START command received: right
[2026-04-10 05:34:21] running_opposite
[2026-04-10 05:37:03] START command received: right
[2026-04-10 05:37:05] running_opposite
[2026-04-10 05:37:32] STOP via API
[2026-04-10 05:37:33] STOP during run
[2026-04-10 05:37:34] ADS value: 9.89
[2026-04-10 05:37:34] Ver: 30
[2026-04-10 05:37:39] START command received: left
[2026-04-10 05:37:41] running_front
[2026-04-10 05:37:53] STOP via API
[2026-04-10 05:37:53] STOP during run
[2026-04-10 05:38:00] START command received: right
[2026-04-10 05:38:01] running_opposite
[2026-04-10 05:38:09] STOP via API
[2026-04-10 05:38:10] STOP during run
[2026-04-10 05:38:11] ADS value: 9.89
[2026-04-10 05:38:11] Ver: 30
[2026-04-10 05:38:42] ADS value: 9.89
[2026-04-10 05:38:42] Ver: 30
[2026-04-10 05:39:45] Ver: 30
[2026-04-10 05:39:46] ADS value: 9.89
[2026-04-10 05:39:46] Ver: 30
[2026-04-10 05:40:17] ADS value: 9.89
[2026-04-10 05:40:17] Ver: 30
[2026-04-10 05:40:48] ADS value: 9.89
[2026-04-10 05:40:49] Ver: 30
[2026-04-10 05:42:31] ADS value: 9.89
[2026-04-10 05:42:32] Ver: 30
[2026-04-10 05:43:32] ADS value: 9.89
[2026-04-10 05:43:33] Ver: 30
[2026-04-10 05:43:46] START command received: right
[2026-04-10 05:43:47] running_opposite
[2026-04-10 05:44:04] STOP via API
[2026-04-10 05:44:05] STOP during run
[2026-04-10 05:44:05] ADS value: 9.88
[2026-04-10 05:44:06] Ver: 30
[2026-04-10 05:44:11] START command received: left
[2026-04-10 05:44:13] running_front
[2026-04-10 05:44:30] STOP via API
[2026-04-10 05:44:31] STOP during run
[2026-04-10 05:44:37] ADS value: 9.88
[2026-04-10 05:44:38] Ver: 30
[2026-04-10 05:45:09] ADS value: 9.88
[2026-04-10 05:45:09] Ver: 30
[2026-04-10 05:45:40] ADS value: 9.89
[2026-04-10 05:45:40] Ver: 30
[2026-04-10 05:46:11] ADS value: 9.89
[2026-04-10 05:46:12] Ver: 30
[2026-04-10 05:46:19] START command received: left
[2026-04-10 05:46:20] running_front
[2026-04-10 05:46:28] STOP via API
[2026-04-10 05:46:29] STOP during run
[2026-04-10 05:46:35] START command received: right
[2026-04-10 05:46:37] running_opposite
[2026-04-10 05:47:52] STOP via API
[2026-04-10 05:47:53] STOP during run
[2026-04-10 05:47:53] ADS value: 9.88
[2026-04-10 05:47:54] Ver: 30
[2026-04-10 05:48:25] ADS value: 9.88
[2026-04-10 05:48:25] Ver: 30
[2026-04-10 05:48:56] ADS value: 9.88
[2026-04-10 05:48:57] Ver: 30
[2026-04-10 05:51:35] STOP via API
[2026-04-10 05:51:36] STOP during run
[2026-04-10 05:51:37] ADS value: 9.88
[2026-04-10 05:51:38] Ver: 30
[2026-04-10 05:51:47] running_opposite
[2026-04-10 05:51:53] STOP via API
[2026-04-10 05:51:54] STOP during run
[2026-04-10 05:52:09] ADS value: 9.89
[2026-04-10 05:52:10] Ver: 30
[2026-04-10 05:52:26] running_front
[2026-04-10 05:52:36] STOP via API
[2026-04-10 05:52:36] STOP during run
[2026-04-10 05:52:40] ADS value: 9.89
[2026-04-10 05:52:41] Ver: 30
[2026-04-10 05:54:46] ADS value: 9.89
[2026-04-10 05:54:47] Ver: 30
[2026-04-10 05:55:57] ADS value: 9.89
[2026-04-10 05:55:58] Ver: 30
[2026-04-10 05:56:29] ADS value: 9.89
[2026-04-10 05:56:30] Ver: 30
[2026-04-10 05:56:33] running_front
[2026-04-10 05:56:41] STOP via API
[2026-04-10 05:56:41] STOP during run
[2026-04-10 05:57:01] ADS value: 9.89
[2026-04-10 05:57:01] Ver: 30
[2026-04-10 05:57:33] ADS value: 9.89
[2026-04-10 05:57:34] Ver: 30
[2026-04-10 05:58:05] ADS value: 9.89
[2026-04-10 05:58:06] Ver: 30
[2026-04-10 05:58:38] ADS value: 9.89
[2026-04-10 05:58:40] Ver: 30
[2026-04-10 05:59:11] ADS value: 9.89
[2026-04-10 05:59:12] Ver: 30
[2026-04-10 05:59:43] ADS value: 9.89
[2026-04-10 05:59:43] Ver: 30
[2026-04-10 06:00:15] ADS value: 9.89
[2026-04-10 06:00:16] Ver: 30
[2026-04-10 06:01:38] ADS value: 9.89, Ver: 30
[2026-04-10 06:02:31] running_opposite
[2026-04-10 06:02:43] STOP via API
[2026-04-10 06:02:44] STOP during run
[2026-04-10 06:02:51] running_front
[2026-04-10 06:02:59] STOP via API
[2026-04-10 06:03:00] STOP during run
[2026-04-10 06:03:10] ADS value: 9.90, Ver: 30
[2026-04-10 06:03:17] START command received: right
[2026-04-10 06:03:18] running_opposite
[2026-04-10 06:03:32] STOP via API
[2026-04-10 06:03:33] STOP during run
[2026-04-10 06:03:55] running_opposite
[2026-04-10 06:07:11] STOP via API
[2026-04-10 06:07:12] STOP during run
[2026-04-10 06:07:13] ADS value: 9.89, Ver: 30
[2026-04-10 06:07:29] running_opposite
[2026-04-10 06:07:43] STOP via API
[2026-04-10 06:07:44] STOP during run
[2026-04-10 06:08:17] ADS value: 9.89, Ver: 30
[2026-04-10 06:08:47] STOP via API
[2026-04-10 06:08:48] STOP during run
[2026-04-10 06:08:51] running_opposite
[2026-04-10 06:08:58] STOP via API
[2026-04-10 06:08:58] STOP during run
[2026-04-10 06:09:03] running_front
[2026-04-10 06:09:09] STOP via API
[2026-04-10 06:09:09] STOP during run
[2026-04-10 06:09:13] running_opposite
[2026-04-10 06:09:18] STOP via API
[2026-04-10 06:09:19] STOP during run
[2026-04-10 06:09:21] ADS value: 9.89, Ver: 30
[2026-04-10 06:09:25] running_front
[2026-04-10 06:09:32] STOP via API
[2026-04-10 06:09:32] STOP during run
[2026-04-10 06:09:36] running_opposite
[2026-04-10 06:09:53] STOP via API
[2026-04-10 06:09:54] STOP during run
[2026-04-10 06:10:21] ADS value: 9.88, Ver: 30
[2026-04-10 06:13:00] START command received: right
[2026-04-10 06:13:01] running_opposite
[2026-04-10 06:17:02] running_front_stop
[2026-04-10 06:17:02] ADS value: 9.89, Ver: 30
[2026-04-10 06:18:03] ADS value: 9.89, Ver: 30
[2026-04-10 06:20:04] ADS value: 9.89, Ver: 30
[2026-04-10 06:21:06] ADS value: 9.89, Ver: 30
[2026-04-10 06:22:07] ADS value: 9.89, Ver: 30
[2026-04-10 06:23:08] ADS value: 9.89, Ver: 30
[2026-04-10 07:35:16] ADS value: 21.93, Ver: 30
[2026-04-10 07:36:18] ADS value: 21.96, Ver: 30
[2026-04-10 07:38:52] START command received: right
[2026-04-10 07:38:54] running_opposite
[2026-04-10 07:39:22] running_front_stop
[2026-04-10 07:39:23] ADS value: 21.92, Ver: 30
[2026-04-10 07:40:25] START command received: left
[2026-04-10 07:40:26] running_front
[2026-04-10 07:41:07] running_opposite
[2026-04-10 07:41:37] ADS value: 21.92, Ver: 30
[2026-04-10 07:42:38] ADS value: 21.92, Ver: 30
[2026-04-10 07:43:39] ADS value: 21.92, Ver: 30
[2026-04-10 07:44:41] ADS value: 21.92, Ver: 30
[2026-04-10 07:45:18] Starting progressive OTA download...
[2026-04-10 07:45:24] OTA Progress: 10%
[2026-04-10 07:45:26] OTA Progress: 20%
[2026-04-10 07:45:28] OTA Progress: 30%
[2026-04-10 07:45:32] OTA Progress: 40%
[2026-04-10 07:45:34] OTA Progress: 50%
[2026-04-10 07:45:36] OTA Progress: 60%
[2026-04-10 07:45:39] OTA Progress: 70%
[2026-04-10 07:45:41] OTA Progress: 80%
[2026-04-10 07:45:43] OTA Progress: 90%
[2026-04-10 07:45:45] OTA Progress: 100%
[2026-04-10 07:45:46] OTA download complete! Verifying...
[2026-04-10 07:45:47] OTA 100% Complete! Rebooting now...
[2026-04-10 07:46:49] ADS value: 21.94, Ver: 201
[2026-04-10 07:47:50] ADS value: 21.94, Ver: 201
[2026-04-10 07:48:51] ADS value: 21.94, Ver: 201
[2026-04-10 07:56:47] ADS value: 24.58, Ver: 201
[2026-04-10 07:57:48] ADS value: 24.57, Ver: 201
[2026-04-10 07:58:39] running_opposite
[2026-04-10 07:59:15] running_front_stop
[2026-04-10 07:59:16] ADS value: 24.55, Ver: 201
[2026-04-10 08:00:17] START command received: left
[2026-04-10 08:00:19] running_front
[2026-04-10 08:01:06] running_opposite
[2026-04-10 08:01:24] ADS value: 24.54, Ver: 201
[2026-04-10 08:02:25] ADS value: 24.54, Ver: 201
[2026-04-10 08:02:41] running_front
[2026-04-10 08:03:04] running_opposite
[2026-04-10 08:03:26] ADS value: 24.57, Ver: 201
[2026-04-10 08:04:27] ADS value: 24.57, Ver: 201
[2026-04-10 08:04:49] running_front_stop
[2026-04-10 08:05:28] ADS value: 24.57, Ver: 201
[2026-04-10 08:06:29] ADS value: 24.57, Ver: 201
[2026-04-10 08:06:56] START command received: right
[2026-04-10 08:06:57] running_opposite
[2026-04-10 08:10:58] running_front_stop
[2026-04-10 08:10:59] ADS value: 24.53, Ver: 201
[2026-04-10 08:12:00] ADS value: 24.53, Ver: 201
[2026-04-10 09:44:19] running_opposite
[2026-04-10 09:44:45] running_front_stop
[2026-04-10 09:44:47] ADS value: 24.21, Ver: 201
[2026-04-10 09:45:48] ADS value: 24.21, Ver: 201
[2026-04-10 09:46:49] ADS value: 24.21, Ver: 201
[2026-04-10 09:47:33] running_front
[2026-04-10 09:47:53] running_opposite
[2026-04-10 09:48:39] ADS value: 24.20, Ver: 201
[2026-04-10 09:49:42] ADS value: 24.21, Ver: 201
[2026-04-10 09:50:43] ADS value: 24.21, Ver: 201
[2026-04-10 09:51:06] running_front
[2026-04-10 10:30:10] ADS value: 24.17, Ver: 201
[2026-04-10 10:53:18] ADS value: 24.17, Ver: 201
[2026-04-10 10:56:22] ADS value: 24.17, Ver: 201
[2026-04-10 10:57:26] ADS value: 24.17, Ver: 201
[2026-04-10 10:58:28] ADS value: 24.17, Ver: 201
[2026-04-10 11:00:30] ADS value: 24.16, Ver: 201
[2026-04-10 11:01:31] ADS value: 24.16, Ver: 201
[2026-04-10 11:02:33] ADS value: 24.16, Ver: 201
[2026-04-10 11:04:35] ADS value: 24.16, Ver: 201
[2026-04-10 11:06:38] ADS value: 24.16, Ver: 201
[2026-04-10 11:07:39] ADS value: 24.16, Ver: 201
[2026-04-10 11:08:42] ADS value: 24.16, Ver: 201
[2026-04-10 11:09:44] ADS value: 24.16, Ver: 201
[2026-04-10 11:10:47] ADS value: 24.16, Ver: 201
[2026-04-10 11:11:49] ADS value: 24.16, Ver: 201
[2026-04-10 11:12:50] ADS value: 24.16, Ver: 201
[2026-04-10 11:13:52] ADS value: 24.16, Ver: 201
[2026-04-10 11:14:53] ADS value: 24.16, Ver: 201
[2026-04-10 11:16:54] ADS value: 24.16, Ver: 201
[2026-04-10 11:17:57] ADS value: 24.16, Ver: 201
[2026-04-10 11:18:59] ADS value: 24.16, Ver: 201
[2026-04-10 11:20:03] ADS value: 24.16, Ver: 201
[2026-04-10 11:21:06] ADS value: 24.16, Ver: 201
[2026-04-10 11:22:07] ADS value: 24.16, Ver: 201
[2026-04-10 11:23:07] ADS value: 24.16, Ver: 201
[2026-04-10 11:24:10] ADS value: 24.16, Ver: 201
[2026-04-10 11:25:14] ADS value: 24.16, Ver: 201
[2026-04-10 11:26:15] ADS value: 24.16, Ver: 201
[2026-04-10 11:27:21] ADS value: 24.16, Ver: 201
[2026-04-10 11:28:22] ADS value: 24.16, Ver: 201
[2026-04-10 11:29:26] ADS value: 24.15, Ver: 201
[2026-04-10 11:30:32] ADS value: 24.15, Ver: 201
[2026-04-10 11:31:37] ADS value: 24.16, Ver: 201
[2026-04-10 11:32:38] ADS value: 24.16, Ver: 201
[2026-04-10 11:57:35] START command received: right
[2026-04-10 11:57:36] running_opposite
[2026-04-10 11:58:58] running_front_stop
[2026-04-10 11:58:59] ADS value: 24.13, Ver: 201
[2026-04-10 11:59:59] ADS value: 24.14, Ver: 201
[2026-04-10 12:01:01] ADS value: 24.14, Ver: 201
[2026-04-10 12:02:02] ADS value: 24.14, Ver: 201
[2026-04-10 12:03:03] ADS value: 24.14, Ver: 201
[2026-04-10 12:04:04] ADS value: 24.14, Ver: 201
[2026-04-10 12:05:05] ADS value: 24.14, Ver: 201
[2026-04-10 12:06:06] ADS value: 24.14, Ver: 201
[2026-04-10 12:07:07] ADS value: 24.14, Ver: 201
[2026-04-10 12:08:08] ADS value: 24.14, Ver: 201
[2026-04-10 12:09:09] ADS value: 24.14, Ver: 201
[2026-04-10 12:10:09] ADS value: 24.14, Ver: 201
[2026-04-10 12:11:10] ADS value: 24.14, Ver: 201
[2026-04-10 12:12:11] ADS value: 24.14, Ver: 201
[2026-04-10 12:13:15] ADS value: 24.14, Ver: 201
[2026-04-10 12:14:16] ADS value: 24.14, Ver: 201
[2026-04-10 12:15:17] ADS value: 24.13, Ver: 201
[2026-04-10 12:16:18] ADS value: 24.13, Ver: 201
[2026-04-10 12:17:19] ADS value: 24.13, Ver: 201
[2026-04-10 12:18:20] ADS value: 24.13, Ver: 201
[2026-04-10 12:19:20] ADS value: 24.13, Ver: 201
[2026-04-10 12:20:21] ADS value: 24.13, Ver: 201
[2026-04-10 12:21:22] ADS value: 24.13, Ver: 201
[2026-04-10 12:22:23] ADS value: 24.13, Ver: 201
[2026-04-10 12:23:24] ADS value: 24.13, Ver: 201
[2026-04-10 12:24:26] ADS value: 24.13, Ver: 201
[2026-04-10 12:25:27] ADS value: 24.13, Ver: 201
[2026-04-10 12:26:28] ADS value: 24.13, Ver: 201
[2026-04-10 12:27:31] ADS value: 24.13, Ver: 201
[2026-04-10 12:28:35] ADS value: 24.13, Ver: 201
[2026-04-10 12:29:46] ADS value: 24.13, Ver: 201
[2026-04-10 12:30:57] ADS value: 24.13, Ver: 201
[2026-04-10 12:32:06] ADS value: 24.13, Ver: 201
[2026-04-10 12:50:24] ADS value: 24.12, Ver: 201
[2026-04-10 13:16:30] ADS value: 24.10, Ver: 201
[2026-04-10 13:17:39] ADS value: 24.10, Ver: 201
[2026-04-10 13:23:04] ADS value: 24.10, Ver: 201
[2026-04-10 14:35:05] OTA Progress: 70%
[2026-04-10 14:35:09] OTA Progress: 80%
[2026-04-10 14:35:17] OTA Progress: 90%
[2026-04-10 14:35:21] OTA Progress: 100%
[2026-04-10 14:35:24] OTA download complete! Verifying...
[2026-04-10 14:35:24] OTA 100% Complete! Rebooting now...
[2026-04-10 14:35:58] START command received: right
[2026-04-10 14:35:59] running_opposite
[2026-04-10 14:38:51] START command received: left
[2026-04-10 14:38:56] running_front
[2026-04-10 14:39:03] running_opposite
[2026-04-10 14:44:43] running_front_stop
[2026-04-10 14:44:45] START command received: left
[2026-04-10 14:44:46] running_front
[2026-04-10 14:48:13] running_opposite
[2026-04-10 14:51:39] ADS value: 24.01, Ver: 201
[2026-04-11 08:35:20] Starting progressive OTA download...
[2026-04-11 08:35:25] OTA Progress: 10%
[2026-04-11 08:35:38] OTA STUCK: Download timed out at 141902 bytes
[2026-04-11 08:35:41] ADS value: 23.57, Ver: 201
[2026-04-11 08:58:24] Starting progressive OTA download...
[2026-04-11 08:58:29] OTA Progress: 10%
[2026-04-11 08:58:34] OTA Progress: 20%
[2026-04-11 08:58:53] OTA Progress: 30%
[2026-04-11 08:58:53] OTA Progress: 40%
[2026-04-11 08:58:56] OTA Progress: 50%
[2026-04-11 08:58:58] OTA Progress: 60%
[2026-04-11 08:59:01] OTA Progress: 70%
[2026-04-11 08:59:03] OTA Progress: 80%
[2026-04-11 08:59:06] OTA Progress: 90%
[2026-04-11 08:59:09] OTA Progress: 100%
[2026-04-11 08:59:10] OTA download complete! Verifying...
[2026-04-11 08:59:10] OTA 100% Complete! Rebooting now...
[2026-04-11 08:59:43] START command received: right
[2026-04-11 08:59:44] running_opposite
[2026-04-11 09:00:00] running_front_stop
[2026-04-11 09:00:03] running_opposite
[2026-04-11 09:00:09] running_front_stop
[2026-04-11 09:00:11] running_front
[2026-04-11 09:00:20] running_opposite
[2026-04-11 09:00:51] ADS value: 23.56, Ver: 201
[2026-04-11 09:01:52] ADS value: 23.56, Ver: 201
[2026-04-11 09:02:54] ADS value: 23.56, Ver: 201
[2026-04-11 09:03:34] Starting progressive OTA download...
[2026-04-11 09:03:35] OTA Progress: 10%
[2026-04-11 09:03:38] OTA Progress: 20%
[2026-04-11 09:03:40] OTA Progress: 30%
[2026-04-11 09:03:44] OTA Progress: 40%
[2026-04-11 09:03:46] OTA Progress: 50%
[2026-04-11 09:03:53] OTA Progress: 60%
[2026-04-11 09:03:55] OTA Progress: 70%
[2026-04-11 09:03:58] OTA Progress: 80%
[2026-04-11 09:04:00] OTA Progress: 90%
[2026-04-11 09:04:03] OTA Progress: 100%
[2026-04-11 09:04:04] OTA download complete! Verifying...
[2026-04-11 09:04:05] OTA 100% Complete! Rebooting now...
[2026-04-11 09:04:38] START command received: right
[2026-04-11 09:04:39] running_opposite
[2026-04-11 09:04:45] running_front_stop
[2026-04-11 09:05:07] ADS value: 23.56, Ver: 201
[2026-04-11 09:05:16] START command received: left
[2026-04-11 09:05:18] running_front
[2026-04-11 09:05:42] running_opposite
[2026-04-11 09:06:08] ADS value: 23.56, Ver: 201
[2026-04-11 09:07:42] MOVE command accepted: dir=backward, ms=4000, brush=off
[2026-04-11 09:07:42] timed_move start dir=backward,ms=4000,brush=off
[2026-04-11 09:07:42] timed_move stop: duration_done
[2026-04-11 09:08:07] MOVE command accepted: dir=forward, ms=4000, brush=off
[2026-04-11 09:08:08] timed_move start dir=forward,ms=4000,brush=off
[2026-04-11 09:08:12] timed_move stop: duration_done
[2026-04-11 09:08:19] Starting progressive OTA download...
[2026-04-11 09:08:22] OTA Progress: 10%
[2026-04-11 09:08:24] OTA Progress: 20%
[2026-04-11 09:08:27] OTA Progress: 30%
[2026-04-11 09:08:29] OTA Progress: 40%
[2026-04-11 09:08:32] OTA Progress: 50%
[2026-04-11 09:08:34] OTA Progress: 60%
[2026-04-11 09:08:37] OTA Progress: 70%
[2026-04-11 09:08:41] OTA Progress: 80%
[2026-04-11 09:08:47] OTA Progress: 90%
[2026-04-11 09:08:49] OTA Progress: 100%
[2026-04-11 09:08:50] OTA download complete! Verifying...
[2026-04-11 09:08:50] OTA 100% Complete! Rebooting now...
[2026-04-11 09:09:53] ADS value: 23.56, Ver: 201
[2026-04-11 09:11:23] START command received: left
[2026-04-11 09:11:23] running_front
[2026-04-11 09:11:29] running_opposite
[2026-04-11 09:11:45] START command received: left
[2026-04-11 09:11:46] running_front
[2026-04-11 09:11:52] running_opposite
[2026-04-11 09:11:57] ADS value: 23.55, Ver: 201
[2026-04-11 09:12:58] ADS value: 23.56, Ver: 201
[2026-04-11 09:13:15] START command received: left
[2026-04-11 09:13:16] running_front
[2026-04-11 09:13:22] running_opposite
[2026-04-11 09:13:33] START command received: left
[2026-04-11 09:13:34] running_front
[2026-04-11 09:13:40] running_opposite
[2026-04-11 09:13:51] START command received: right
[2026-04-11 09:13:52] running_opposite
[2026-04-11 09:13:57] running_front_stop
[2026-04-11 09:13:59] ADS value: 23.55, Ver: 201
[2026-04-11 09:14:10] START command received: left
[2026-04-11 09:14:11] running_front
[2026-04-11 09:14:16] running_opposite
[2026-04-11 09:14:38] START command received: left
[2026-04-11 09:14:39] running_front
[2026-04-11 09:14:45] running_opposite
[2026-04-11 09:14:59] ADS value: 23.55, Ver: 201
[2026-04-11 09:16:00] ADS value: 23.55, Ver: 201
[2026-04-11 09:17:01] ADS value: 23.55, Ver: 201
[2026-04-11 09:18:02] ADS value: 23.55, Ver: 201
[2026-04-11 09:19:03] ADS value: 23.55, Ver: 201
[2026-04-11 09:20:04] ADS value: 23.55, Ver: 201
[2026-04-11 09:21:05] ADS value: 23.55, Ver: 201
[2026-04-11 09:22:20] START command received: left
[2026-04-11 09:22:21] running_front
[2026-04-11 09:22:27] running_opposite
[2026-04-11 09:23:03] MOVE command accepted: dir=forward, ms=4000, brush=off
[2026-04-11 09:23:03] timed_move start dir=forward,ms=4000,brush=off
[2026-04-11 09:23:08] timed_move stop: duration_done
[2026-04-11 09:23:10] ADS value: 23.55, Ver: 201
[2026-04-11 09:24:11] MOVE command accepted: dir=forward, ms=4000, brush=off
[2026-04-11 09:24:11] timed_move start dir=forward,ms=4000,brush=off
[2026-04-11 09:24:16] timed_move stop: duration_done
[2026-04-11 09:24:21] ADS value: 23.55, Ver: 201
[2026-04-11 09:25:00] running_opposite
[2026-04-11 09:25:06] running_front_stop
[2026-04-11 09:25:18] MOVE command accepted: dir=forward, ms=4000, brush=off
[2026-04-11 09:25:19] timed_move start dir=forward,ms=4000,brush=off
[2026-04-11 09:25:23] timed_move stop: duration_done
[2026-04-11 09:25:25] ADS value: 23.55, Ver: 201
[2026-04-11 09:26:26] ADS value: 23.55, Ver: 201
[2026-04-11 10:22:50] ADS value: 23.53, Ver: 201
[2026-04-11 10:23:52] ADS value: 23.53, Ver: 201
[2026-04-11 10:27:53] ADS value: 23.52, Ver: 201
[2026-04-11 10:52:03] OTA 100% Complete! Rebooting now...
[2026-04-11 10:53:05] ADS value: 23.52, Ver: 201
[2026-04-11 10:53:38] MOVE command accepted: dir=left, ms=300, brush=off
[2026-04-11 10:53:38] timed_move start dir=left,ms=300,brush=off
[2026-04-11 10:53:39] timed_move stop: duration_done
[2026-04-11 10:54:06] ADS value: 23.52, Ver: 201
[2026-04-11 10:54:47] MOVE command accepted: dir=left, ms=1000, brush=off
[2026-04-11 10:54:47] timed_move start dir=left,ms=1000,brush=off
[2026-04-11 10:54:49] timed_move stop: duration_done
[2026-04-11 10:54:55] Starting progressive OTA download...
[2026-04-11 10:54:58] OTA Progress: 10%
[2026-04-11 10:55:01] OTA Progress: 20%
[2026-04-11 10:55:05] OTA Progress: 30%
[2026-04-11 10:55:07] OTA Progress: 40%
[2026-04-11 10:55:10] OTA Progress: 50%
[2026-04-11 10:55:13] OTA Progress: 60%
[2026-04-11 10:55:16] OTA Progress: 70%
[2026-04-11 10:55:20] OTA Progress: 80%
[2026-04-11 10:55:24] OTA Progress: 90%
[2026-04-11 10:55:27] OTA Progress: 100%
[2026-04-11 10:55:28] OTA download complete! Verifying...
[2026-04-11 10:55:29] OTA 100% Complete! Rebooting now...
[2026-04-11 10:56:31] ADS value: 23.52, Ver: 201
[2026-04-11 10:56:40] MOVE command accepted: dir=left, ms=1000, brush=off
[2026-04-11 10:56:40] timed_move start dir=left,ms=1000,brush=off
[2026-04-11 10:57:49] START command received: left
[2026-04-11 10:57:50] running_front
[2026-04-11 10:57:56] running_opposite
[2026-04-11 10:58:32] MOVE command accepted: dir=right, ms=1000, brush=off
[2026-04-11 10:58:33] timed_move start dir=right,ms=1000,brush=off
[2026-04-11 10:58:35] timed_move stop: duration_done
[2026-04-11 10:58:37] ADS value: 23.52, Ver: 201
[2026-04-11 10:59:06] MOVE command accepted: dir=left, ms=500, brush=off
[2026-04-11 10:59:07] timed_move start dir=left,ms=500,brush=off
[2026-04-11 10:59:08] timed_move stop: duration_done
[2026-04-11 10:59:16] START command received: left
[2026-04-11 10:59:17] running_front
[2026-04-11 10:59:23] running_opposite
[2026-04-11 11:00:16] MOVE command accepted: dir=right, ms=500, brush=off
[2026-04-11 11:00:17] timed_move start dir=right,ms=500,brush=off
[2026-04-11 11:00:19] timed_move stop: duration_done
[2026-04-11 11:00:43] ADS value: 23.51, Ver: 201
[2026-04-11 11:05:46] ADS value: 23.51, Ver: 201
[2026-04-11 11:06:36] MOVE command accepted: dir=right, ms=500, brush=off
[2026-04-11 11:06:45] timed_move start dir=right,ms=500,brush=off
[2026-04-11 11:06:45] START command received: left
[2026-04-11 11:06:45] running_front
[2026-04-11 11:06:45] running_opposite
[2026-04-11 11:06:49] ADS value: 23.51, Ver: 201
[2026-04-11 11:08:21] MOVE command accepted: dir=right, ms=500, brush=off
[2026-04-11 11:08:21] timed_move start dir=right,ms=500,brush=off
[2026-04-11 11:08:22] timed_move stop: duration_done
[2026-04-11 11:08:50] ADS value: 23.51, Ver: 201
[2026-04-11 11:09:52] ADS value: 23.51, Ver: 201
[2026-04-11 11:10:57] ADS value: 23.51, Ver: 201
[2026-04-11 11:11:30] MOVE command accepted: dir=forward, ms=1500, brush=off
[2026-04-11 11:11:30] timed_move start dir=forward,ms=1500,brush=off
[2026-04-11 11:11:32] timed_move stop: duration_done
[2026-04-11 11:11:59] ADS value: 23.51, Ver: 201
[2026-04-11 11:12:04] MOVE command accepted: dir=backward, ms=1500, brush=off
[2026-04-11 11:12:04] timed_move start dir=backward,ms=1500,brush=off
[2026-04-11 11:12:06] timed_move stop: duration_done
[2026-04-11 11:32:45] ADS value: 23.51, Ver: 201
[2026-04-11 11:33:18] MOVE command accepted: dir=right, ms=1000, brush=off
[2026-04-11 11:33:19] timed_move start dir=right,ms=1000,brush=off
[2026-04-11 11:33:20] timed_move stop: duration_done
[2026-04-11 11:33:46] ADS value: 23.51, Ver: 201
[2026-04-11 11:34:23] MOVE command accepted: dir=left, ms=1000, brush=off
[2026-04-11 11:34:24] timed_move start dir=left,ms=1000,brush=off
[2026-04-11 11:34:25] timed_move stop: duration_done
[2026-04-11 11:34:34] START command received: left
[2026-04-11 11:34:35] running_front
[2026-04-11 11:34:41] running_opposite
[2026-04-11 11:34:47] ADS value: 23.51, Ver: 201
[2026-04-11 11:35:29] MOVE command accepted: dir=left, ms=1000, brush=off
[2026-04-11 11:35:29] timed_move start dir=left,ms=1000,brush=off
[2026-04-11 11:35:29] timed_move stop: duration_done
[2026-04-11 11:35:48] ADS value: 23.51, Ver: 201
[2026-04-11 11:36:10] MOVE command accepted: dir=right, ms=1000, brush=off
[2026-04-11 11:36:10] timed_move start dir=right,ms=1000,brush=off
[2026-04-11 11:36:12] timed_move stop: duration_done
[2026-04-11 11:36:49] ADS value: 23.51, Ver: 201
[2026-04-11 11:37:50] ADS value: 23.51, Ver: 201
[2026-04-11 11:38:08] running_opposite
[2026-04-11 11:38:14] running_front_stop
[2026-04-11 11:38:27] running_opposite
[2026-04-11 11:38:33] running_front_stop
[2026-04-11 11:38:39] running_front
[2026-04-11 11:44:31] START command received: right
[2026-04-11 11:44:32] running_opposite
[2026-04-11 11:44:38] running_front_stop
[2026-04-11 11:44:52] ADS value: 23.50, Ver: 201
[2026-04-11 11:45:54] ADS value: 23.50, Ver: 201
[2026-04-11 11:46:03] MOVE command accepted: dir=forward, ms=3600, brush=off
[2026-04-11 11:46:03] timed_move start dir=forward,ms=3600,brush=off
[2026-04-11 11:46:07] timed_move stop: duration_done
[2026-04-11 11:46:55] ADS value: 23.50, Ver: 201
[2026-04-11 11:47:56] ADS value: 23.50, Ver: 201
[2026-04-11 11:49:12] MOVE command accepted: dir=right, ms=1000, brush=off
[2026-04-11 11:49:12] timed_move start dir=right,ms=1000,brush=off
[2026-04-11 11:49:14] timed_move stop: duration_done
[2026-04-11 11:49:45] MOVE command accepted: dir=left, ms=1000, brush=off
[2026-04-11 11:49:46] timed_move start dir=left,ms=1000,brush=off
[2026-04-11 11:49:48] timed_move stop: duration_done
[2026-04-11 11:49:57] ADS value: 23.50, Ver: 201
[2026-04-11 11:50:19] MOVE command accepted: dir=forward, ms=19200, brush=off
[2026-04-11 11:50:20] timed_move start dir=forward,ms=19200,brush=off
[2026-04-11 11:50:42] timed_move stop: duration_done
[2026-04-11 11:50:58] ADS value: 23.50, Ver: 201
[2026-04-11 11:52:00] ADS value: 23.50, Ver: 201
[2026-04-11 11:52:15] MOVE command accepted: dir=backward, ms=3600, brush=off
[2026-04-11 11:52:15] timed_move start dir=backward,ms=3600,brush=off
[2026-04-11 11:52:20] timed_move stop: duration_done
[2026-04-11 11:53:00] ADS value: 23.50, Ver: 201
[2026-04-11 11:54:01] ADS value: 23.50, Ver: 201
[2026-04-11 11:54:24] MOVE command accepted: dir=left, ms=1000, brush=off
[2026-04-11 11:54:24] timed_move start dir=left,ms=1000,brush=off
[2026-04-11 11:54:26] timed_move stop: duration_done
[2026-04-11 11:54:58] MOVE command accepted: dir=forward, ms=3600, brush=off
[2026-04-11 11:54:58] timed_move start dir=forward,ms=3600,brush=off
[2026-04-11 11:55:03] timed_move stop: duration_done
[2026-04-11 11:55:04] ADS value: 23.50, Ver: 201
[2026-04-11 11:55:34] MOVE command accepted: dir=left, ms=1000, brush=off
[2026-04-11 11:55:35] timed_move start dir=left,ms=1000,brush=off
[2026-04-11 11:55:37] timed_move stop: duration_done
[2026-04-11 11:56:07] ADS value: 23.50, Ver: 201
[2026-04-11 11:57:08] ADS value: 23.50, Ver: 201
[2026-04-11 11:58:08] ADS value: 23.50, Ver: 201
[2026-04-11 11:59:09] ADS value: 23.50, Ver: 201
[2026-04-11 12:00:10] ADS value: 23.50, Ver: 201
[2026-04-11 12:01:08] START command received: left
[2026-04-11 12:01:09] running_front
[2026-04-11 12:01:15] running_opposite
[2026-04-11 12:01:19] ADS value: 23.49, Ver: 201
[2026-04-11 12:01:31] START command received: left
[2026-04-11 12:01:32] running_front
[2026-04-11 12:01:38] running_opposite
[2026-04-11 12:01:52] MOVE command accepted: dir=forward, ms=5000, brush=off
[2026-04-11 12:01:52] timed_move start dir=forward,ms=5000,brush=off
[2026-04-11 12:01:58] timed_move stop: duration_done
[2026-04-11 12:02:21] ADS value: 23.49, Ver: 201
[2026-04-11 12:02:30] MOVE command accepted: dir=left, ms=1000, brush=off
[2026-04-11 12:02:31] timed_move start dir=left,ms=1000,brush=off
[2026-04-11 12:02:32] timed_move stop: duration_done
[2026-04-11 12:03:04] MOVE command accepted: dir=forward, ms=20000, brush=off
[2026-04-11 12:03:04] timed_move start dir=forward,ms=20000,brush=off
[2026-04-11 12:03:25] timed_move stop: duration_done
[2026-04-11 12:03:27] ADS value: 23.49, Ver: 201
[2026-04-11 12:04:50] START command received: left
[2026-04-11 12:04:51] running_front
[2026-04-11 12:04:57] running_opposite
[2026-04-11 12:05:03] MOVE command accepted: dir=backward, ms=6000, brush=off
[2026-04-11 12:05:03] timed_move start dir=backward,ms=6000,brush=off
[2026-04-11 12:05:10] timed_move stop: duration_done
[2026-04-11 12:05:18] START command received: left
[2026-04-11 12:05:19] running_front
[2026-04-11 12:05:25] running_opposite
[2026-04-11 12:05:29] ADS value: 23.49, Ver: 201
[2026-04-11 12:05:42] MOVE command accepted: dir=backward, ms=6000, brush=off
[2026-04-11 12:05:42] timed_move start dir=backward,ms=6000,brush=off
[2026-04-11 12:05:49] timed_move stop: duration_done
[2026-04-11 12:06:21] MOVE command accepted: dir=forward, ms=10000, brush=off
[2026-04-11 12:06:22] timed_move start dir=forward,ms=10000,brush=off
[2026-04-11 12:06:33] timed_move stop: duration_done
[2026-04-11 12:06:35] ADS value: 23.49, Ver: 201
[2026-04-11 12:08:05] MOVE command accepted: dir=backward, ms=10000, brush=off
[2026-04-11 12:08:05] timed_move start dir=backward,ms=10000,brush=off
[2026-04-11 12:08:16] timed_move stop: duration_done
[2026-04-11 12:08:36] ADS value: 23.49, Ver: 201
[2026-04-11 12:08:48] MOVE command accepted: dir=forward, ms=15000, brush=off
[2026-04-11 12:08:48] timed_move start dir=forward,ms=15000,brush=off
[2026-04-11 12:09:04] timed_move stop: duration_done
[2026-04-11 12:09:36] ADS value: 23.49, Ver: 201
[2026-04-11 12:10:42] ADS value: 23.49, Ver: 201
[2026-04-11 12:11:12] MOVE command accepted: dir=backward, ms=15000, brush=off
[2026-04-11 12:11:13] timed_move start dir=backward,ms=15000,brush=off
[2026-04-11 12:11:28] timed_move stop: duration_done
[2026-04-11 12:11:43] ADS value: 23.49, Ver: 201
[2026-04-11 12:12:28] MOVE command accepted: dir=forward, ms=15000, brush=off
[2026-04-11 12:12:28] timed_move start dir=forward,ms=15000,brush=off
[2026-04-11 12:12:28] timed_move stop: duration_done
[2026-04-11 12:12:44] ADS value: 23.49, Ver: 201
[2026-04-11 12:13:45] ADS value: 23.49, Ver: 201
[2026-04-11 12:14:46] ADS value: 23.49, Ver: 201
[2026-04-11 12:15:47] ADS value: 23.49, Ver: 201
[2026-04-11 12:16:48] ADS value: 23.49, Ver: 201
[2026-04-11 12:17:49] ADS value: 23.49, Ver: 201
[2026-04-11 14:29:34] ADS value: 23.43, Ver: 201
[2026-04-11 14:30:35] ADS value: 23.43, Ver: 201
[2026-04-11 14:31:36] ADS value: 23.43, Ver: 201
[2026-04-11 14:33:39] ADS value: 23.43, Ver: 201
[2026-04-11 14:34:41] ADS value: 23.43, Ver: 201
[2026-04-11 14:35:41] ADS value: 23.43, Ver: 201
[2026-04-11 14:36:43] ADS value: 23.43, Ver: 201
[2026-04-11 14:37:44] ADS value: 23.43, Ver: 201
[2026-04-11 14:38:45] ADS value: 23.43, Ver: 201
[2026-04-11 14:39:46] ADS value: 23.43, Ver: 201
[2026-04-12 14:52:09] ADS value: 22.90, Ver: 201
[2026-04-12 14:53:09] ADS value: 22.90, Ver: 201
[2026-04-12 14:53:47] Starting progressive OTA download...
[2026-04-12 14:53:50] OTA Progress: 10%
[2026-04-12 14:53:53] OTA Progress: 20%
[2026-04-12 14:53:56] OTA Progress: 30%
[2026-04-12 14:53:58] OTA Progress: 40%
[2026-04-12 14:54:02] OTA Progress: 50%
[2026-04-12 14:54:05] OTA Progress: 60%
[2026-04-12 14:54:07] OTA Progress: 70%
[2026-04-12 14:54:10] OTA Progress: 80%
[2026-04-12 14:54:14] OTA Progress: 90%
[2026-04-12 14:54:16] OTA Progress: 100%
[2026-04-12 14:54:18] OTA download complete! Verifying...
[2026-04-12 14:54:18] OTA 100% Complete! Rebooting now...
[2026-04-12 14:54:35] running_front
[2026-04-12 14:54:41] running_opposite
[2026-04-12 14:55:21] ADS value: 22.90, Ver: 202
[2026-04-12 14:55:52] running_front
[2026-04-12 14:56:00] running_opposite
[2026-04-12 14:56:21] ADS value: 22.89, Ver: 202
[2026-04-13 05:12:33] running_front_stop
[2026-04-13 05:12:42] ADS value: 22.64, Ver: 202
[2026-04-13 05:13:43] ADS value: 22.64, Ver: 202
[2026-04-13 05:14:44] ADS value: 22.64, Ver: 202
[2026-04-13 05:15:45] ADS value: 22.64, Ver: 202
[2026-04-13 05:16:16] running_front
[2026-04-13 05:16:37] running_opposite
[2026-04-13 05:16:58] ADS value: 22.63, Ver: 202
[2026-04-13 05:17:34] Starting progressive OTA download...
[2026-04-13 05:17:38] OTA Progress: 10%
[2026-04-13 05:17:40] OTA Progress: 20%
[2026-04-13 05:17:43] OTA Progress: 30%
[2026-04-13 05:17:46] OTA Progress: 40%
[2026-04-13 05:17:48] OTA Progress: 50%
[2026-04-13 05:17:51] OTA Progress: 60%
[2026-04-13 05:17:53] OTA Progress: 70%
[2026-04-13 05:17:56] OTA Progress: 80%
[2026-04-13 05:17:58] OTA Progress: 90%
[2026-04-13 05:18:01] OTA Progress: 100%
[2026-04-13 05:18:02] OTA download complete! Verifying...
[2026-04-13 05:18:02] OTA 100% Complete! Rebooting now...
[2026-04-13 05:24:21] ADS value: 22.63, Ver: 202
[2026-04-13 05:26:29] ADS value: 22.63, Ver: 202
[2026-04-13 06:55:09] ADS value: 22.60, Ver: 202
[2026-04-13 06:56:10] ADS value: 22.60, Ver: 202
[2026-04-13 06:57:16] ADS value: 22.60, Ver: 202
[2026-04-13 06:58:17] ADS value: 22.60, Ver: 202
[2026-04-13 06:59:21] ADS value: 22.60, Ver: 202
[2026-04-13 07:00:22] ADS value: 22.60, Ver: 202
[2026-04-13 07:01:23] ADS value: 22.60, Ver: 202
[2026-04-13 07:02:23] ADS value: 22.60, Ver: 202
[2026-04-13 08:26:04] ADS value: 22.57, Ver: 202
[2026-04-13 08:27:08] ADS value: 22.57, Ver: 202
[2026-04-13 08:29:14] ADS value: 22.57, Ver: 202
[2026-04-13 08:30:16] ADS value: 22.57, Ver: 202
[2026-04-13 08:31:16] ADS value: 22.57, Ver: 202
[2026-04-13 08:31:34] Starting progressive OTA download...
[2026-04-13 08:31:40] OTA Failed: HTTP Error -11
[2026-04-13 08:32:21] Starting progressive OTA download...
[2026-04-13 08:32:35] OTA STUCK: Download timed out at 1169 bytes
[2026-04-13 08:32:38] ADS value: 22.57, Ver: 202
[2026-04-13 08:33:39] ADS value: 22.57, Ver: 202
[2026-04-13 08:34:40] ADS value: 22.57, Ver: 202
[2026-04-13 08:35:41] ADS value: 22.57, Ver: 202
[2026-04-13 08:36:42] ADS value: 22.57, Ver: 202
[2026-04-13 08:37:44] ADS value: 22.57, Ver: 202
[2026-04-13 08:38:45] ADS value: 22.57, Ver: 202
[2026-04-13 08:39:46] ADS value: 22.57, Ver: 202
[2026-04-13 08:40:47] ADS value: 22.57, Ver: 202
[2026-04-13 08:41:47] ADS value: 22.57, Ver: 202
[2026-04-13 08:42:48] ADS value: 22.57, Ver: 202
[2026-04-13 08:43:49] ADS value: 22.57, Ver: 202
[2026-04-13 08:44:51] ADS value: 22.57, Ver: 202
