[2026-03-21 15:59:37] ADS value: 0.00
[2026-03-21 15:59:37] Ver: 412
[2026-03-21 16:00:08] ADS value: 0.00
[2026-03-21 16:00:08] Ver: 412
[2026-03-21 16:00:27] START command received: right
[2026-03-21 16:01:09] stop_maxrtime
[2026-03-21 16:01:10] RobotStop_triggered
[2026-03-21 16:01:11] running_front
[2026-03-21 16:01:52] maxruntime
[2026-03-21 16:01:53] RobotStop_triggered
[2026-03-21 16:01:53] ADS value: 0.00
[2026-03-21 16:01:53] Ver: 412
[2026-03-21 16:03:57] ADS value: 0.00
[2026-03-21 16:03:58] Ver: 412
[2026-03-23 16:21:14] ADS value: 0.00
[2026-03-23 16:21:15] Ver: 412
[2026-03-23 16:59:51] ADS value: 0.00
[2026-03-23 16:59:52] Ver: 1
[2026-03-23 17:00:01] Starting progressive OTA download...
[2026-03-23 17:00:06] OTA Progress: 10%
[2026-03-23 17:00:17] OTA Progress: 20%
[2026-03-23 17:00:21] OTA Progress: 30%
[2026-03-23 17:00:24] OTA Progress: 40%
[2026-03-23 17:00:29] OTA Progress: 50%
[2026-03-23 17:00:33] OTA Progress: 60%
[2026-03-23 17:00:38] OTA Progress: 70%
[2026-03-23 17:00:43] OTA Progress: 80%
[2026-03-23 17:00:47] OTA Progress: 90%
[2026-03-23 17:00:51] OTA Progress: 100%
[2026-03-23 17:00:51] OTA download complete! Verifying...
[2026-03-23 17:00:52] OTA 100% Complete! Rebooting now...
[2026-03-23 21:21:04] ADS value: 0.00
[2026-03-23 21:21:04] Ver: 1
[2026-03-23 21:21:14] Starting progressive OTA download...
[2026-03-23 21:21:18] OTA Progress: 10%
[2026-03-23 21:21:20] OTA Progress: 20%
[2026-03-23 21:21:24] OTA Progress: 30%
[2026-03-23 21:21:26] OTA Progress: 40%
[2026-03-23 21:21:29] OTA Progress: 50%
[2026-03-23 21:21:32] OTA Progress: 60%
[2026-03-23 21:21:36] OTA Progress: 70%
[2026-03-23 21:21:39] OTA Progress: 80%
[2026-03-23 21:21:42] OTA Progress: 90%
[2026-03-23 21:21:45] OTA Progress: 100%
[2026-03-23 21:21:46] OTA download complete! Verifying...
[2026-03-23 21:21:46] OTA 100% Complete! Rebooting now...
[2026-03-23 21:25:55] ADS value: 0.00
[2026-03-23 21:25:55] Ver: 1
[2026-03-23 21:26:56] ADS value: 0.00
[2026-03-23 21:26:56] Ver: 1
[2026-03-23 21:27:56] ADS value: 0.00
[2026-03-23 21:27:57] Ver: 1
[2026-03-23 21:28:58] ADS value: 0.00
[2026-03-23 21:28:58] Ver: 1
[2026-03-23 21:29:58] ADS value: 0.00
[2026-03-23 21:29:59] Ver: 1
[2026-03-23 21:30:59] ADS value: 0.00
[2026-03-23 21:30:59] Ver: 1
[2026-03-23 21:32:48] ADS value: 0.00
[2026-03-23 21:32:48] Ver: 1
[2026-03-23 21:35:49] ADS value: 0.00
[2026-03-23 21:35:49] Ver: 1
[2026-03-23 21:38:59] ADS value: 0.00
[2026-03-23 21:38:59] Ver: 1
[2026-03-23 21:39:59] ADS value: 0.00
[2026-03-23 21:40:00] Ver: 1
[2026-03-23 21:41:00] ADS value: 0.00
[2026-03-23 21:41:01] Ver: 1
[2026-03-23 21:42:01] ADS value: 0.00
[2026-03-23 21:42:01] Ver: 1
[2026-03-23 21:43:02] ADS value: 0.00
[2026-03-23 21:43:02] Ver: 1
[2026-03-23 21:44:03] ADS value: 0.00
[2026-03-23 21:44:03] Ver: 1
[2026-03-23 21:45:04] ADS value: 0.00
[2026-03-23 21:45:04] Ver: 1
[2026-03-23 21:46:05] ADS value: 0.00
[2026-03-23 21:46:05] Ver: 1
[2026-03-23 21:47:06] ADS value: 0.00
[2026-03-23 21:47:06] Ver: 1
[2026-03-23 21:48:07] ADS value: 0.00
[2026-03-23 21:48:07] Ver: 1
[2026-03-23 21:49:08] ADS value: 0.00
[2026-03-23 21:49:08] Ver: 1
[2026-03-23 21:50:53] ADS value: 0.00
[2026-03-23 21:50:54] Ver: 1
[2026-03-23 21:51:54] ADS value: 0.00
[2026-03-23 21:51:54] Ver: 1
[2026-03-23 21:52:55] ADS value: 0.00
[2026-03-23 21:52:55] Ver: 1
[2026-03-23 21:53:56] ADS value: 0.00
[2026-03-23 21:53:56] Ver: 1
[2026-03-23 21:54:56] ADS value: 0.00
[2026-03-23 21:54:57] Ver: 1
[2026-03-23 21:55:57] ADS value: 0.00
[2026-03-23 21:55:58] Ver: 1
[2026-03-23 21:56:58] ADS value: 0.00
[2026-03-23 21:56:58] Ver: 1
[2026-03-23 21:57:59] ADS value: 0.00
[2026-03-23 21:57:59] Ver: 1
[2026-03-24 07:22:27] ADS value: 0.00
[2026-03-24 07:22:27] Ver: 1
[2026-03-24 07:23:00] MOVE command accepted: dir=forward, ms=1500, brush=off
[2026-03-24 07:23:00] timed_move start dir=forward,ms=1500,brush=off
[2026-03-24 07:23:02] timed_move stop: duration_done
[2026-03-24 07:23:22] Starting progressive OTA download...
[2026-03-24 07:23:30] OTA Progress: 10%
[2026-03-24 07:23:35] OTA Progress: 20%
[2026-03-24 07:23:40] OTA Progress: 30%
[2026-03-24 07:23:45] OTA Progress: 40%
[2026-03-24 07:23:55] OTA Progress: 50%
[2026-03-24 07:24:01] OTA Progress: 60%
[2026-03-24 07:24:06] OTA Progress: 70%
[2026-03-24 07:24:11] OTA Progress: 80%
[2026-03-24 07:24:16] OTA Progress: 90%
[2026-03-24 07:24:20] OTA Progress: 100%
[2026-03-24 07:24:20] OTA download complete! Verifying...
[2026-03-24 07:24:21] OTA 100% Complete! Rebooting now...
