2026-04-26 10:50:51.504 [info] [main] Log level: Info
2026-04-26 10:50:51.505 [info] [main] Validating found git in: "git"
2026-04-26 10:50:51.505 [info] [main] Using git "2.43.0" from "git"
2026-04-26 10:50:51.505 [info] [Model][doInitialScan] Initial repository scan started
2026-04-26 10:50:51.505 [info] > git rev-parse --show-toplevel [44ms]
2026-04-26 10:50:51.505 [info] fatal: not a git repository (or any of the parent directories): .git
2026-04-26 10:50:51.505 [info] > git rev-parse --show-toplevel [3ms]
2026-04-26 10:50:51.505 [info] fatal: not a git repository (or any of the parent directories): .git
2026-04-26 10:50:51.505 [info] > git rev-parse --show-toplevel [1ms]
2026-04-26 10:50:51.505 [info] fatal: not a git repository (or any of the parent directories): .git
2026-04-26 10:50:51.505 [info] > git rev-parse --show-toplevel [2ms]
2026-04-26 10:50:51.505 [info] fatal: not a git repository (or any of the parent directories): .git
2026-04-26 10:50:51.505 [info] > git rev-parse --show-toplevel [1ms]
2026-04-26 10:50:51.505 [info] fatal: not a git repository (or any of the parent directories): .git
2026-04-26 10:50:51.505 [info] > git rev-parse --show-toplevel [2ms]
2026-04-26 10:50:51.505 [info] fatal: not a git repository (or any of the parent directories): .git
2026-04-26 10:50:51.505 [info] > git rev-parse --show-toplevel [1ms]
2026-04-26 10:50:51.505 [info] fatal: not a git repository (or any of the parent directories): .git
2026-04-26 10:50:51.505 [info] > git rev-parse --show-toplevel [1ms]
2026-04-26 10:50:51.505 [info] fatal: not a git repository (or any of the parent directories): .git
2026-04-26 10:50:51.505 [info] > git rev-parse --show-toplevel [1ms]
2026-04-26 10:50:51.505 [info] fatal: not a git repository (or any of the parent directories): .git
2026-04-26 10:50:51.505 [info] > git rev-parse --show-toplevel [1ms]
2026-04-26 10:50:51.505 [info] fatal: not a git repository (or any of the parent directories): .git
2026-04-26 10:50:51.505 [info] [Model][doInitialScan] Initial repository scan completed - repositories (0), closed repositories (0), parent repositories (0), unsafe repositories (0)
2026-04-26 10:51:00.619 [info] > git rev-parse --show-toplevel [4ms]
2026-04-26 10:51:00.619 [info] fatal: not a git repository (or any of the parent directories): .git
2026-04-26 11:37:21.213 [info] > git rev-parse --show-toplevel [28ms]
2026-04-26 11:37:21.214 [info] fatal: not a git repository (or any of the parent directories): .git
2026-04-26 11:56:26.209 [info] > git rev-parse --show-toplevel [6ms]
2026-04-26 11:56:26.209 [info] fatal: not a git repository (or any of the parent directories): .git
2026-04-26 12:19:46.369 [info] > git rev-parse --show-toplevel [1ms]
2026-04-26 12:19:46.369 [info] fatal: not a git repository (or any of the parent directories): .git
